Archive member included to satisfy reference by file (symbol)

c:/st/stm32cubeide_1.0.0/stm32cubeide/plugins/com.st.stm32cube.ide.mcu.externaltools.gnu-tools-for-stm32.7-2018-q2-update.win32_1.0.0.201904181610/tools/bin/../lib/gcc/arm-none-eabi/7.3.1/../../../../arm-none-eabi/lib/thumb/v7e-m/fpv5/hard\libc_nano.a(lib_a-errno.o)
                              Src/syscalls.o (__errno)
c:/st/stm32cubeide_1.0.0/stm32cubeide/plugins/com.st.stm32cube.ide.mcu.externaltools.gnu-tools-for-stm32.7-2018-q2-update.win32_1.0.0.201904181610/tools/bin/../lib/gcc/arm-none-eabi/7.3.1/../../../../arm-none-eabi/lib/thumb/v7e-m/fpv5/hard\libc_nano.a(lib_a-exit.o)
                              c:/st/stm32cubeide_1.0.0/stm32cubeide/plugins/com.st.stm32cube.ide.mcu.externaltools.gnu-tools-for-stm32.7-2018-q2-update.win32_1.0.0.201904181610/tools/bin/../lib/gcc/arm-none-eabi/7.3.1/../../../../arm-none-eabi/lib/thumb/v7e-m/fpv5/hard/crt0.o (exit)
c:/st/stm32cubeide_1.0.0/stm32cubeide/plugins/com.st.stm32cube.ide.mcu.externaltools.gnu-tools-for-stm32.7-2018-q2-update.win32_1.0.0.201904181610/tools/bin/../lib/gcc/arm-none-eabi/7.3.1/../../../../arm-none-eabi/lib/thumb/v7e-m/fpv5/hard\libc_nano.a(lib_a-impure.o)
                              c:/st/stm32cubeide_1.0.0/stm32cubeide/plugins/com.st.stm32cube.ide.mcu.externaltools.gnu-tools-for-stm32.7-2018-q2-update.win32_1.0.0.201904181610/tools/bin/../lib/gcc/arm-none-eabi/7.3.1/../../../../arm-none-eabi/lib/thumb/v7e-m/fpv5/hard\libc_nano.a(lib_a-exit.o) (_global_impure_ptr)
c:/st/stm32cubeide_1.0.0/stm32cubeide/plugins/com.st.stm32cube.ide.mcu.externaltools.gnu-tools-for-stm32.7-2018-q2-update.win32_1.0.0.201904181610/tools/bin/../lib/gcc/arm-none-eabi/7.3.1/../../../../arm-none-eabi/lib/thumb/v7e-m/fpv5/hard\libc_nano.a(lib_a-init.o)
                              c:/st/stm32cubeide_1.0.0/stm32cubeide/plugins/com.st.stm32cube.ide.mcu.externaltools.gnu-tools-for-stm32.7-2018-q2-update.win32_1.0.0.201904181610/tools/bin/../lib/gcc/arm-none-eabi/7.3.1/../../../../arm-none-eabi/lib/thumb/v7e-m/fpv5/hard/crt0.o (__libc_init_array)
c:/st/stm32cubeide_1.0.0/stm32cubeide/plugins/com.st.stm32cube.ide.mcu.externaltools.gnu-tools-for-stm32.7-2018-q2-update.win32_1.0.0.201904181610/tools/bin/../lib/gcc/arm-none-eabi/7.3.1/../../../../arm-none-eabi/lib/thumb/v7e-m/fpv5/hard\libc_nano.a(lib_a-memset.o)
                              c:/st/stm32cubeide_1.0.0/stm32cubeide/plugins/com.st.stm32cube.ide.mcu.externaltools.gnu-tools-for-stm32.7-2018-q2-update.win32_1.0.0.201904181610/tools/bin/../lib/gcc/arm-none-eabi/7.3.1/../../../../arm-none-eabi/lib/thumb/v7e-m/fpv5/hard/crt0.o (memset)
c:/st/stm32cubeide_1.0.0/stm32cubeide/plugins/com.st.stm32cube.ide.mcu.externaltools.gnu-tools-for-stm32.7-2018-q2-update.win32_1.0.0.201904181610/tools/bin/../lib/gcc/arm-none-eabi/7.3.1/thumb/v7e-m/fpv5/hard\libgcc.a(_aeabi_uldivmod.o)
                              Drivers/STM32H7xx_HAL_Driver/Src/stm32h7xx_hal_uart.o (__aeabi_uldivmod)
c:/st/stm32cubeide_1.0.0/stm32cubeide/plugins/com.st.stm32cube.ide.mcu.externaltools.gnu-tools-for-stm32.7-2018-q2-update.win32_1.0.0.201904181610/tools/bin/../lib/gcc/arm-none-eabi/7.3.1/thumb/v7e-m/fpv5/hard\libgcc.a(_udivmoddi4.o)
                              c:/st/stm32cubeide_1.0.0/stm32cubeide/plugins/com.st.stm32cube.ide.mcu.externaltools.gnu-tools-for-stm32.7-2018-q2-update.win32_1.0.0.201904181610/tools/bin/../lib/gcc/arm-none-eabi/7.3.1/thumb/v7e-m/fpv5/hard\libgcc.a(_aeabi_uldivmod.o) (__udivmoddi4)
c:/st/stm32cubeide_1.0.0/stm32cubeide/plugins/com.st.stm32cube.ide.mcu.externaltools.gnu-tools-for-stm32.7-2018-q2-update.win32_1.0.0.201904181610/tools/bin/../lib/gcc/arm-none-eabi/7.3.1/thumb/v7e-m/fpv5/hard\libgcc.a(_dvmd_tls.o)
                              c:/st/stm32cubeide_1.0.0/stm32cubeide/plugins/com.st.stm32cube.ide.mcu.externaltools.gnu-tools-for-stm32.7-2018-q2-update.win32_1.0.0.201904181610/tools/bin/../lib/gcc/arm-none-eabi/7.3.1/thumb/v7e-m/fpv5/hard\libgcc.a(_aeabi_uldivmod.o) (__aeabi_ldiv0)

Allocating common symbols
Common symbol       size              file

huart3              0x8c              Src/usart.o
hpcd_USB_OTG_FS     0x408             Src/usb_otg.o
pFlash              0x1c              Drivers/STM32H7xx_HAL_Driver/Src/stm32h7xx_hal_flash.o
htim2               0x40              Src/tim.o
heth                0x70              Src/eth.o
TxConfig            0x34              Src/eth.o

Discarded input sections

 .text          0x0000000000000000        0x0 c:/st/stm32cubeide_1.0.0/stm32cubeide/plugins/com.st.stm32cube.ide.mcu.externaltools.gnu-tools-for-stm32.7-2018-q2-update.win32_1.0.0.201904181610/tools/bin/../lib/gcc/arm-none-eabi/7.3.1/thumb/v7e-m/fpv5/hard/crti.o
 .data          0x0000000000000000        0x0 c:/st/stm32cubeide_1.0.0/stm32cubeide/plugins/com.st.stm32cube.ide.mcu.externaltools.gnu-tools-for-stm32.7-2018-q2-update.win32_1.0.0.201904181610/tools/bin/../lib/gcc/arm-none-eabi/7.3.1/thumb/v7e-m/fpv5/hard/crti.o
[...]
Memory Configuration

Name             Origin             Length             Attributes
FLASH            0x0000000008000000 0x0000000000200000 xr
DTCMRAM          0x0000000020000000 0x0000000000020000 xrw
RAM_D1           0x0000000024000000 0x0000000000080000 xrw
ITCMRAM          0x0000000000000000 0x0000000000010000 xrw
RAM_D3           0x0000000038000000 0x0000000000010000 xrw
RAM_D2           0x0000000030000000 0x0000000000048000 xrw
*default*        0x0000000000000000 0xffffffffffffffff

Linker script and memory map

LOAD c:/st/stm32cubeide_1.0.0/stm32cubeide/plugins/com.st.stm32cube.ide.mcu.externaltools.gnu-tools-for-stm32.7-2018-q2-update.win32_1.0.0.201904181610/tools/bin/../lib/gcc/arm-none-eabi/7.3.1/thumb/v7e-m/fpv5/hard/crti.o
LOAD c:/st/stm32cubeide_1.0.0/stm32cubeide/plugins/com.st.stm32cube.ide.mcu.externaltools.gnu-tools-for-stm32.7-2018-q2-update.win32_1.0.0.201904181610/tools/bin/../lib/gcc/arm-none-eabi/7.3.1/thumb/v7e-m/fpv5/hard/crtbegin.o
LOAD c:/st/stm32cubeide_1.0.0/stm32cubeide/plugins/com.st.stm32cube.ide.mcu.externaltools.gnu-tools-for-stm32.7-2018-q2-update.win32_1.0.0.201904181610/tools/bin/../lib/gcc/arm-none-eabi/7.3.1/../../../../arm-none-eabi/lib/thumb/v7e-m/fpv5/hard/crt0.o
LOAD Drivers/STM32H7xx_HAL_Driver/Src/stm32h7xx_hal.o
LOAD Drivers/STM32H7xx_HAL_Driver/Src/stm32h7xx_hal_cortex.o
LOAD Drivers/STM32H7xx_HAL_Driver/Src/stm32h7xx_hal_dma.o
LOAD Drivers/STM32H7xx_HAL_Driver/Src/stm32h7xx_hal_dma_ex.o
LOAD Drivers/STM32H7xx_HAL_Driver/Src/stm32h7xx_hal_eth.o
LOAD Drivers/STM32H7xx_HAL_Driver/Src/stm32h7xx_hal_eth_ex.o
LOAD Drivers/STM32H7xx_HAL_Driver/Src/stm32h7xx_hal_flash.o
LOAD Drivers/STM32H7xx_HAL_Driver/Src/stm32h7xx_hal_flash_ex.o
LOAD Drivers/STM32H7xx_HAL_Driver/Src/stm32h7xx_hal_gpio.o
LOAD Drivers/STM32H7xx_HAL_Driver/Src/stm32h7xx_hal_hsem.o
LOAD Drivers/STM32H7xx_HAL_Driver/Src/stm32h7xx_hal_i2c.o
LOAD Drivers/STM32H7xx_HAL_Driver/Src/stm32h7xx_hal_i2c_ex.o
LOAD Drivers/STM32H7xx_HAL_Driver/Src/stm32h7xx_hal_mdma.o
LOAD Drivers/STM32H7xx_HAL_Driver/Src/stm32h7xx_hal_pcd.o
LOAD Drivers/STM32H7xx_HAL_Driver/Src/stm32h7xx_hal_pcd_ex.o
LOAD Drivers/STM32H7xx_HAL_Driver/Src/stm32h7xx_hal_pwr.o
LOAD Drivers/STM32H7xx_HAL_Driver/Src/stm32h7xx_hal_pwr_ex.o
LOAD Drivers/STM32H7xx_HAL_Driver/Src/stm32h7xx_hal_rcc.o
LOAD Drivers/STM32H7xx_HAL_Driver/Src/stm32h7xx_hal_rcc_ex.o
LOAD Drivers/STM32H7xx_HAL_Driver/Src/stm32h7xx_hal_tim.o
LOAD Drivers/STM32H7xx_HAL_Driver/Src/stm32h7xx_hal_tim_ex.o
LOAD Drivers/STM32H7xx_HAL_Driver/Src/stm32h7xx_hal_uart.o
LOAD Drivers/STM32H7xx_HAL_Driver/Src/stm32h7xx_hal_uart_ex.o
LOAD Drivers/STM32H7xx_HAL_Driver/Src/stm32h7xx_ll_usb.o
LOAD Src/eth.o
LOAD Src/gpio.o
LOAD Src/main.o
LOAD Src/stm32h7xx_hal_msp.o
LOAD Src/stm32h7xx_it.o
LOAD Src/syscalls.o
LOAD Src/sysmem.o
LOAD Src/system_stm32h7xx.o
LOAD Src/tim.o
LOAD Src/usart.o
LOAD Src/usb_otg.o
LOAD Startup/startup_stm32h743zitx.o
START GROUP
LOAD c:/st/stm32cubeide_1.0.0/stm32cubeide/plugins/com.st.stm32cube.ide.mcu.externaltools.gnu-tools-for-stm32.7-2018-q2-update.win32_1.0.0.201904181610/tools/bin/../lib/gcc/arm-none-eabi/7.3.1/../../../../arm-none-eabi/lib/thumb/v7e-m/fpv5/hard\libc_nano.a
LOAD c:/st/stm32cubeide_1.0.0/stm32cubeide/plugins/com.st.stm32cube.ide.mcu.externaltools.gnu-tools-for-stm32.7-2018-q2-update.win32_1.0.0.201904181610/tools/bin/../lib/gcc/arm-none-eabi/7.3.1/../../../../arm-none-eabi/lib/thumb/v7e-m/fpv5/hard\libm.a
END GROUP
START GROUP
LOAD c:/st/stm32cubeide_1.0.0/stm32cubeide/plugins/com.st.stm32cube.ide.mcu.externaltools.gnu-tools-for-stm32.7-2018-q2-update.win32_1.0.0.201904181610/tools/bin/../lib/gcc/arm-none-eabi/7.3.1/thumb/v7e-m/fpv5/hard\libgcc.a
LOAD c:/st/stm32cubeide_1.0.0/stm32cubeide/plugins/com.st.stm32cube.ide.mcu.externaltools.gnu-tools-for-stm32.7-2018-q2-update.win32_1.0.0.201904181610/tools/bin/../lib/gcc/arm-none-eabi/7.3.1/../../../../arm-none-eabi/lib/thumb/v7e-m/fpv5/hard\libc_nano.a
END GROUP
START GROUP
LOAD c:/st/stm32cubeide_1.0.0/stm32cubeide/plugins/com.st.stm32cube.ide.mcu.externaltools.gnu-tools-for-stm32.7-2018-q2-update.win32_1.0.0.201904181610/tools/bin/../lib/gcc/arm-none-eabi/7.3.1/thumb/v7e-m/fpv5/hard\libgcc.a
LOAD c:/st/stm32cubeide_1.0.0/stm32cubeide/plugins/com.st.stm32cube.ide.mcu.externaltools.gnu-tools-for-stm32.7-2018-q2-update.win32_1.0.0.201904181610/tools/bin/../lib/gcc/arm-none-eabi/7.3.1/../../../../arm-none-eabi/lib/thumb/v7e-m/fpv5/hard\libc_nano.a
LOAD c:/st/stm32cubeide_1.0.0/stm32cubeide/plugins/com.st.stm32cube.ide.mcu.externaltools.gnu-tools-for-stm32.7-2018-q2-update.win32_1.0.0.201904181610/tools/bin/../lib/gcc/arm-none-eabi/7.3.1/../../../../arm-none-eabi/lib/thumb/v7e-m/fpv5/hard\libnosys.a
END GROUP
START GROUP
LOAD c:/st/stm32cubeide_1.0.0/stm32cubeide/plugins/com.st.stm32cube.ide.mcu.externaltools.gnu-tools-for-stm32.7-2018-q2-update.win32_1.0.0.201904181610/tools/bin/../lib/gcc/arm-none-eabi/7.3.1/thumb/v7e-m/fpv5/hard\libgcc.a
LOAD c:/st/stm32cubeide_1.0.0/stm32cubeide/plugins/com.st.stm32cube.ide.mcu.externaltools.gnu-tools-for-stm32.7-2018-q2-update.win32_1.0.0.201904181610/tools/bin/../lib/gcc/arm-none-eabi/7.3.1/../../../../arm-none-eabi/lib/thumb/v7e-m/fpv5/hard\libc_nano.a
LOAD c:/st/stm32cubeide_1.0.0/stm32cubeide/plugins/com.st.stm32cube.ide.mcu.externaltools.gnu-tools-for-stm32.7-2018-q2-update.win32_1.0.0.201904181610/tools/bin/../lib/gcc/arm-none-eabi/7.3.1/../../../../arm-none-eabi/lib/thumb/v7e-m/fpv5/hard\libnosys.a
END GROUP
LOAD c:/st/stm32cubeide_1.0.0/stm32cubeide/plugins/com.st.stm32cube.ide.mcu.externaltools.gnu-tools-for-stm32.7-2018-q2-update.win32_1.0.0.201904181610/tools/bin/../lib/gcc/arm-none-eabi/7.3.1/thumb/v7e-m/fpv5/hard/crtend.o
LOAD c:/st/stm32cubeide_1.0.0/stm32cubeide/plugins/com.st.stm32cube.ide.mcu.externaltools.gnu-tools-for-stm32.7-2018-q2-update.win32_1.0.0.201904181610/tools/bin/../lib/gcc/arm-none-eabi/7.3.1/thumb/v7e-m/fpv5/hard/crtn.o
                0x000000002407ffff                _estack = 0x2407ffff
                0x0000000000000200                _Min_Heap_Size = 0x200
                0x0000000000000400                _Min_Stack_Size = 0x400

.isr_vector     0x0000000008000000      0x298
                0x0000000008000000                . = ALIGN (0x4)
 *(.isr_vector)
 .isr_vector    0x0000000008000000      0x298 Startup/startup_stm32h743zitx.o
                0x0000000008000000                g_pfnVectors
                0x0000000008000298                . = ALIGN (0x4)

.text           0x0000000008000298     0x8504
                0x0000000008000298                . = ALIGN (0x4)
 *(.text)
 .text          0x0000000008000298       0x40 c:/st/stm32cubeide_1.0.0/stm32cubeide/plugins/com.st.stm32cube.ide.mcu.externaltools.gnu-tools-for-stm32.7-2018-q2-update.win32_1.0.0.201904181610/tools/bin/../lib/gcc/arm-none-eabi/7.3.1/thumb/v7e-m/fpv5/hard/crtbegin.o
 .text          0x00000000080002d8       0x30 c:/st/stm32cubeide_1.0.0/stm32cubeide/plugins/com.st.stm32cube.ide.mcu.externaltools.gnu-tools-for-stm32.7-2018-q2-update.win32_1.0.0.201904181610/tools/bin/../lib/gcc/arm-none-eabi/7.3.1/thumb/v7e-m/fpv5/hard\libgcc.a(_aeabi_uldivmod.o)
                0x00000000080002d8                __aeabi_uldivmod
 .text          0x0000000008000308      0x2cc c:/st/stm32cubeide_1.0.0/stm32cubeide/plugins/com.st.stm32cube.ide.mcu.externaltools.gnu-tools-for-stm32.7-2018-q2-update.win32_1.0.0.201904181610/tools/bin/../lib/gcc/arm-none-eabi/7.3.1/thumb/v7e-m/fpv5/hard\libgcc.a(_udivmoddi4.o)
                0x0000000008000308                __udivmoddi4
 .text          0x00000000080005d4        0x4 c:/st/stm32cubeide_1.0.0/stm32cubeide/plugins/com.st.stm32cube.ide.mcu.externaltools.gnu-tools-for-stm32.7-2018-q2-update.win32_1.0.0.201904181610/tools/bin/../lib/gcc/arm-none-eabi/7.3.1/thumb/v7e-m/fpv5/hard\libgcc.a(_dvmd_tls.o)
                0x00000000080005d4                __aeabi_idiv0
                0x00000000080005d4                __aeabi_ldiv0
 *(.text*)
 .text.HAL_Init
                0x00000000080005d8       0x70 Drivers/STM32H7xx_HAL_Driver/Src/stm32h7xx_hal.o
                0x00000000080005d8                HAL_Init
 .text.HAL_InitTick
                0x0000000008000648       0x6c Drivers/STM32H7xx_HAL_Driver/Src/stm32h7xx_hal.o
                0x0000000008000648                HAL_InitTick
 .text.HAL_IncTick
                0x00000000080006b4       0x28 Drivers/STM32H7xx_HAL_Driver/Src/stm32h7xx_hal.o
                0x00000000080006b4                HAL_IncTick
 .text.HAL_GetTick
                0x00000000080006dc       0x18 Drivers/STM32H7xx_HAL_Driver/Src/stm32h7xx_hal.o
                0x00000000080006dc                HAL_GetTick
 .text.HAL_Delay
                0x00000000080006f4       0x44 Drivers/STM32H7xx_HAL_Driver/Src/stm32h7xx_hal.o
                0x00000000080006f4                HAL_Delay
 .text.HAL_GetREVID
                0x0000000008000738       0x18 Drivers/STM32H7xx_HAL_Driver/Src/stm32h7xx_hal.o
                0x0000000008000738                HAL_GetREVID
 .text.HAL_SYSCFG_ETHInterfaceSelect
                0x0000000008000750       0x28 Drivers/STM32H7xx_HAL_Driver/Src/stm32h7xx_hal.o
                0x0000000008000750                HAL_SYSCFG_ETHInterfaceSelect
 .text.__NVIC_SetPriorityGrouping
                0x0000000008000778       0x48 Drivers/STM32H7xx_HAL_Driver/Src/stm32h7xx_hal_cortex.o
 .text.__NVIC_GetPriorityGrouping
                0x00000000080007c0       0x1c Drivers/STM32H7xx_HAL_Driver/Src/stm32h7xx_hal_cortex.o
 .text.__NVIC_EnableIRQ
                0x00000000080007dc       0x3c Drivers/STM32H7xx_HAL_Driver/Src/stm32h7xx_hal_cortex.o
 .text.__NVIC_SetPriority
                0x0000000008000818       0x54 Drivers/STM32H7xx_HAL_Driver/Src/stm32h7xx_hal_cortex.o
 .text.NVIC_EncodePriority
                0x000000000800086c       0x66 Drivers/STM32H7xx_HAL_Driver/Src/stm32h7xx_hal_cortex.o
 *fill*         0x00000000080008d2        0x2 
 .text.SysTick_Config
                0x00000000080008d4       0x44 Drivers/STM32H7xx_HAL_Driver/Src/stm32h7xx_hal_cortex.o
 .text.HAL_NVIC_SetPriorityGrouping
                0x0000000008000918       0x16 Drivers/STM32H7xx_HAL_Driver/Src/stm32h7xx_hal_cortex.o
                0x0000000008000918                HAL_NVIC_SetPriorityGrouping
 .text.HAL_NVIC_SetPriority
                0x000000000800092e       0x34 Drivers/STM32H7xx_HAL_Driver/Src/stm32h7xx_hal_cortex.o
                0x000000000800092e                HAL_NVIC_SetPriority
 .text.HAL_NVIC_EnableIRQ
                0x0000000008000962       0x1c Drivers/STM32H7xx_HAL_Driver/Src/stm32h7xx_hal_cortex.o
                0x0000000008000962                HAL_NVIC_EnableIRQ
 .text.HAL_SYSTICK_Config
                0x000000000800097e       0x18 Drivers/STM32H7xx_HAL_Driver/Src/stm32h7xx_hal_cortex.o
                0x000000000800097e                HAL_SYSTICK_Config
 *fill*         0x0000000008000996        0x2 
 .text.HAL_ETH_Init
                0x0000000008000998      0x1b4 Drivers/STM32H7xx_HAL_Driver/Src/stm32h7xx_hal_eth.o
                0x0000000008000998                HAL_ETH_Init
 .text.ETH_SetMACConfig
                0x0000000008000b4c      0x238 Drivers/STM32H7xx_HAL_Driver/Src/stm32h7xx_hal_eth.o
 .text.ETH_SetDMAConfig
                0x0000000008000d84      0x10c Drivers/STM32H7xx_HAL_Driver/Src/stm32h7xx_hal_eth.o
 .text.ETH_MACDMAConfig
                0x0000000008000e90      0x13a Drivers/STM32H7xx_HAL_Driver/Src/stm32h7xx_hal_eth.o
 *fill*         0x0000000008000fca        0x2 
 .text.ETH_MAC_MDIO_ClkConfig
                0x0000000008000fcc       0xb0 Drivers/STM32H7xx_HAL_Driver/Src/stm32h7xx_hal_eth.o
 .text.ETH_DMATxDescListInit
                0x000000000800107c       0x8e Drivers/STM32H7xx_HAL_Driver/Src/stm32h7xx_hal_eth.o
 .text.ETH_DMARxDescListInit
                0x000000000800110a       0xba Drivers/STM32H7xx_HAL_Driver/Src/stm32h7xx_hal_eth.o
 .text.HAL_GPIO_Init
                0x00000000080011c4      0x360 Drivers/STM32H7xx_HAL_Driver/Src/stm32h7xx_hal_gpio.o
                0x00000000080011c4                HAL_GPIO_Init
 .text.HAL_GPIO_WritePin
                0x0000000008001524       0x32 Drivers/STM32H7xx_HAL_Driver/Src/stm32h7xx_hal_gpio.o
                0x0000000008001524                HAL_GPIO_WritePin
 .text.HAL_PCD_Init
                0x0000000008001556      0x248 Drivers/STM32H7xx_HAL_Driver/Src/stm32h7xx_hal_pcd.o
                0x0000000008001556                HAL_PCD_Init
 *fill*         0x000000000800179e        0x2 
 .text.HAL_PCDEx_ActivateLPM
                0x00000000080017a0       0x48 Drivers/STM32H7xx_HAL_Driver/Src/stm32h7xx_hal_pcd_ex.o
                0x00000000080017a0                HAL_PCDEx_ActivateLPM
 .text.HAL_PWREx_ConfigSupply
                0x00000000080017e8       0x70 Drivers/STM32H7xx_HAL_Driver/Src/stm32h7xx_hal_pwr_ex.o
                0x00000000080017e8                HAL_PWREx_ConfigSupply
 .text.HAL_PWREx_EnableUSBVoltageDetector
                0x0000000008001858       0x20 Drivers/STM32H7xx_HAL_Driver/Src/stm32h7xx_hal_pwr_ex.o
                0x0000000008001858                HAL_PWREx_EnableUSBVoltageDetector
 .text.HAL_RCC_OscConfig
                0x0000000008001878      0x770 Drivers/STM32H7xx_HAL_Driver/Src/stm32h7xx_hal_rcc.o
                0x0000000008001878                HAL_RCC_OscConfig
 .text.HAL_RCC_ClockConfig
                0x0000000008001fe8      0x340 Drivers/STM32H7xx_HAL_Driver/Src/stm32h7xx_hal_rcc.o
                0x0000000008001fe8                HAL_RCC_ClockConfig
 .text.HAL_RCC_GetSysClockFreq
                0x0000000008002328      0x2e4 Drivers/STM32H7xx_HAL_Driver/Src/stm32h7xx_hal_rcc.o
                0x0000000008002328                HAL_RCC_GetSysClockFreq
 .text.HAL_RCC_GetHCLKFreq
                0x000000000800260c       0x38 Drivers/STM32H7xx_HAL_Driver/Src/stm32h7xx_hal_rcc.o
                0x000000000800260c                HAL_RCC_GetHCLKFreq
 .text.HAL_RCC_GetPCLK1Freq
                0x0000000008002644       0x2c Drivers/STM32H7xx_HAL_Driver/Src/stm32h7xx_hal_rcc.o
                0x0000000008002644                HAL_RCC_GetPCLK1Freq
 .text.HAL_RCC_GetPCLK2Freq
                0x0000000008002670       0x2c Drivers/STM32H7xx_HAL_Driver/Src/stm32h7xx_hal_rcc.o
                0x0000000008002670                HAL_RCC_GetPCLK2Freq
 .text.HAL_RCCEx_PeriphCLKConfig
                0x000000000800269c      0xde0 Drivers/STM32H7xx_HAL_Driver/Src/stm32h7xx_hal_rcc_ex.o
                0x000000000800269c                HAL_RCCEx_PeriphCLKConfig
 .text.HAL_RCCEx_GetD3PCLK1Freq
                0x000000000800347c       0x2c Drivers/STM32H7xx_HAL_Driver/Src/stm32h7xx_hal_rcc_ex.o
                0x000000000800347c                HAL_RCCEx_GetD3PCLK1Freq
 .text.HAL_RCCEx_GetPLL2ClockFreq
                0x00000000080034a8      0x298 Drivers/STM32H7xx_HAL_Driver/Src/stm32h7xx_hal_rcc_ex.o
                0x00000000080034a8                HAL_RCCEx_GetPLL2ClockFreq
 .text.HAL_RCCEx_GetPLL3ClockFreq
                0x0000000008003740      0x298 Drivers/STM32H7xx_HAL_Driver/Src/stm32h7xx_hal_rcc_ex.o
                0x0000000008003740                HAL_RCCEx_GetPLL3ClockFreq
 .text.HAL_RCCEx_GetD1SysClockFreq
                0x00000000080039d8       0x38 Drivers/STM32H7xx_HAL_Driver/Src/stm32h7xx_hal_rcc_ex.o
                0x00000000080039d8                HAL_RCCEx_GetD1SysClockFreq
 .text.RCCEx_PLL2_Config
                0x0000000008003a10      0x164 Drivers/STM32H7xx_HAL_Driver/Src/stm32h7xx_hal_rcc_ex.o
 .text.RCCEx_PLL3_Config
                0x0000000008003b74      0x164 Drivers/STM32H7xx_HAL_Driver/Src/stm32h7xx_hal_rcc_ex.o
 .text.HAL_TIM_Base_Init
                0x0000000008003cd8       0x56 Drivers/STM32H7xx_HAL_Driver/Src/stm32h7xx_hal_tim.o
                0x0000000008003cd8                HAL_TIM_Base_Init
 .text.HAL_TIM_PWM_Init
                0x0000000008003d2e       0x56 Drivers/STM32H7xx_HAL_Driver/Src/stm32h7xx_hal_tim.o
                0x0000000008003d2e                HAL_TIM_PWM_Init
 .text.HAL_TIM_PWM_MspInit
                0x0000000008003d84       0x14 Drivers/STM32H7xx_HAL_Driver/Src/stm32h7xx_hal_tim.o
                0x0000000008003d84                HAL_TIM_PWM_MspInit
 .text.HAL_TIM_PWM_Start
                0x0000000008003d98       0xb0 Drivers/STM32H7xx_HAL_Driver/Src/stm32h7xx_hal_tim.o
                0x0000000008003d98                HAL_TIM_PWM_Start
 .text.HAL_TIM_IRQHandler
                0x0000000008003e48      0x23e Drivers/STM32H7xx_HAL_Driver/Src/stm32h7xx_hal_tim.o
                0x0000000008003e48                HAL_TIM_IRQHandler
 *fill*         0x0000000008004086        0x2 
 .text.HAL_TIM_PWM_ConfigChannel
                0x0000000008004088      0x230 Drivers/STM32H7xx_HAL_Driver/Src/stm32h7xx_hal_tim.o
                0x0000000008004088                HAL_TIM_PWM_ConfigChannel
 .text.HAL_TIM_ConfigClockSource
                0x00000000080042b8      0x1a0 Drivers/STM32H7xx_HAL_Driver/Src/stm32h7xx_hal_tim.o
                0x00000000080042b8                HAL_TIM_ConfigClockSource
 .text.HAL_TIM_PeriodElapsedCallback
                0x0000000008004458       0x14 Drivers/STM32H7xx_HAL_Driver/Src/stm32h7xx_hal_tim.o
                0x0000000008004458                HAL_TIM_PeriodElapsedCallback
 .text.HAL_TIM_OC_DelayElapsedCallback
                0x000000000800446c       0x14 Drivers/STM32H7xx_HAL_Driver/Src/stm32h7xx_hal_tim.o
                0x000000000800446c                HAL_TIM_OC_DelayElapsedCallback
 .text.HAL_TIM_IC_CaptureCallback
                0x0000000008004480       0x14 Drivers/STM32H7xx_HAL_Driver/Src/stm32h7xx_hal_tim.o
                0x0000000008004480                HAL_TIM_IC_CaptureCallback
 .text.HAL_TIM_PWM_PulseFinishedCallback
                0x0000000008004494       0x14 Drivers/STM32H7xx_HAL_Driver/Src/stm32h7xx_hal_tim.o
                0x0000000008004494                HAL_TIM_PWM_PulseFinishedCallback
 .text.HAL_TIM_TriggerCallback
                0x00000000080044a8       0x14 Drivers/STM32H7xx_HAL_Driver/Src/stm32h7xx_hal_tim.o
                0x00000000080044a8                HAL_TIM_TriggerCallback
 .text.TIM_Base_SetConfig
                0x00000000080044bc      0x134 Drivers/STM32H7xx_HAL_Driver/Src/stm32h7xx_hal_tim.o
                0x00000000080044bc                TIM_Base_SetConfig
 .text.TIM_OC1_SetConfig
                0x00000000080045f0      0x120 Drivers/STM32H7xx_HAL_Driver/Src/stm32h7xx_hal_tim.o
 .text.TIM_OC2_SetConfig
                0x0000000008004710      0x114 Drivers/STM32H7xx_HAL_Driver/Src/stm32h7xx_hal_tim.o
                0x0000000008004710                TIM_OC2_SetConfig
 .text.TIM_OC3_SetConfig
                0x0000000008004824      0x10c Drivers/STM32H7xx_HAL_Driver/Src/stm32h7xx_hal_tim.o
 .text.TIM_OC4_SetConfig
                0x0000000008004930       0xd0 Drivers/STM32H7xx_HAL_Driver/Src/stm32h7xx_hal_tim.o
 .text.TIM_OC5_SetConfig
                0x0000000008004a00       0xc4 Drivers/STM32H7xx_HAL_Driver/Src/stm32h7xx_hal_tim.o
 .text.TIM_OC6_SetConfig
                0x0000000008004ac4       0xc8 Drivers/STM32H7xx_HAL_Driver/Src/stm32h7xx_hal_tim.o
 .text.TIM_TI1_ConfigInputStage
                0x0000000008004b8c       0x5e Drivers/STM32H7xx_HAL_Driver/Src/stm32h7xx_hal_tim.o
 .text.TIM_TI2_ConfigInputStage
                0x0000000008004bea       0x60 Drivers/STM32H7xx_HAL_Driver/Src/stm32h7xx_hal_tim.o
 *fill*         0x0000000008004c4a        0x2 
 .text.TIM_ITRx_SetConfig
                0x0000000008004c4c       0x3c Drivers/STM32H7xx_HAL_Driver/Src/stm32h7xx_hal_tim.o
 .text.TIM_ETR_SetConfig
                0x0000000008004c88       0x40 Drivers/STM32H7xx_HAL_Driver/Src/stm32h7xx_hal_tim.o
                0x0000000008004c88                TIM_ETR_SetConfig
 .text.TIM_CCxChannelCmd
                0x0000000008004cc8       0x4a Drivers/STM32H7xx_HAL_Driver/Src/stm32h7xx_hal_tim.o
                0x0000000008004cc8                TIM_CCxChannelCmd
 *fill*         0x0000000008004d12        0x2 
 .text.HAL_TIMEx_MasterConfigSynchronization
                0x0000000008004d14       0xb8 Drivers/STM32H7xx_HAL_Driver/Src/stm32h7xx_hal_tim_ex.o
                0x0000000008004d14                HAL_TIMEx_MasterConfigSynchronization
 .text.HAL_TIMEx_RemapConfig
                0x0000000008004dcc       0x4a Drivers/STM32H7xx_HAL_Driver/Src/stm32h7xx_hal_tim_ex.o
                0x0000000008004dcc                HAL_TIMEx_RemapConfig
 .text.HAL_TIMEx_CommutCallback
                0x0000000008004e16       0x14 Drivers/STM32H7xx_HAL_Driver/Src/stm32h7xx_hal_tim_ex.o
                0x0000000008004e16                HAL_TIMEx_CommutCallback
 .text.HAL_TIMEx_BreakCallback
                0x0000000008004e2a       0x14 Drivers/STM32H7xx_HAL_Driver/Src/stm32h7xx_hal_tim_ex.o
                0x0000000008004e2a                HAL_TIMEx_BreakCallback
 .text.HAL_TIMEx_Break2Callback
                0x0000000008004e3e       0x14 Drivers/STM32H7xx_HAL_Driver/Src/stm32h7xx_hal_tim_ex.o
                0x0000000008004e3e                HAL_TIMEx_Break2Callback
 .text.HAL_UART_Init
                0x0000000008004e52       0xa0 Drivers/STM32H7xx_HAL_Driver/Src/stm32h7xx_hal_uart.o
                0x0000000008004e52                HAL_UART_Init
 *fill*         0x0000000008004ef2        0x6 
 .text.UART_SetConfig
                0x0000000008004ef8     0x22f4 Drivers/STM32H7xx_HAL_Driver/Src/stm32h7xx_hal_uart.o
                0x0000000008004ef8                UART_SetConfig
 .text.UART_AdvFeatureConfig
                0x00000000080071ec      0x144 Drivers/STM32H7xx_HAL_Driver/Src/stm32h7xx_hal_uart.o
                0x00000000080071ec                UART_AdvFeatureConfig
 .text.UART_CheckIdleState
                0x0000000008007330       0x90 Drivers/STM32H7xx_HAL_Driver/Src/stm32h7xx_hal_uart.o
                0x0000000008007330                UART_CheckIdleState
 .text.UART_WaitOnFlagUntilTimeout
                0x00000000080073c0       0x94 Drivers/STM32H7xx_HAL_Driver/Src/stm32h7xx_hal_uart.o
                0x00000000080073c0                UART_WaitOnFlagUntilTimeout
 .text.HAL_UARTEx_DisableFifoMode
                0x0000000008007454       0x72 Drivers/STM32H7xx_HAL_Driver/Src/stm32h7xx_hal_uart_ex.o
                0x0000000008007454                HAL_UARTEx_DisableFifoMode
 .text.HAL_UARTEx_SetTxFifoThreshold
                0x00000000080074c6       0x7c Drivers/STM32H7xx_HAL_Driver/Src/stm32h7xx_hal_uart_ex.o
                0x00000000080074c6                HAL_UARTEx_SetTxFifoThreshold
 .text.HAL_UARTEx_SetRxFifoThreshold
                0x0000000008007542       0x7c Drivers/STM32H7xx_HAL_Driver/Src/stm32h7xx_hal_uart_ex.o
                0x0000000008007542                HAL_UARTEx_SetRxFifoThreshold
 *fill*         0x00000000080075be        0x2 
 .text.UARTEx_SetNbDataToProcess
                0x00000000080075c0       0xd0 Drivers/STM32H7xx_HAL_Driver/Src/stm32h7xx_hal_uart_ex.o
 .text.USB_CoreInit
                0x0000000008007690       0xc4 Drivers/STM32H7xx_HAL_Driver/Src/stm32h7xx_ll_usb.o
                0x0000000008007690                USB_CoreInit
 .text.USB_DisableGlobalInt
                0x0000000008007754       0x22 Drivers/STM32H7xx_HAL_Driver/Src/stm32h7xx_ll_usb.o
                0x0000000008007754                USB_DisableGlobalInt
 .text.USB_SetCurrentMode
                0x0000000008007776       0x54 Drivers/STM32H7xx_HAL_Driver/Src/stm32h7xx_ll_usb.o
                0x0000000008007776                USB_SetCurrentMode
 *fill*         0x00000000080077ca        0x2 
 .text.USB_DevInit
                0x00000000080077cc      0x2d8 Drivers/STM32H7xx_HAL_Driver/Src/stm32h7xx_ll_usb.o
                0x00000000080077cc                USB_DevInit
 .text.USB_FlushTxFifo
                0x0000000008007aa4       0x4c Drivers/STM32H7xx_HAL_Driver/Src/stm32h7xx_ll_usb.o
                0x0000000008007aa4                USB_FlushTxFifo
 .text.USB_FlushRxFifo
                0x0000000008007af0       0x44 Drivers/STM32H7xx_HAL_Driver/Src/stm32h7xx_ll_usb.o
                0x0000000008007af0                USB_FlushRxFifo
 .text.USB_SetDevSpeed
                0x0000000008007b34       0x32 Drivers/STM32H7xx_HAL_Driver/Src/stm32h7xx_ll_usb.o
                0x0000000008007b34                USB_SetDevSpeed
 .text.USB_DevDisconnect
                0x0000000008007b66       0x30 Drivers/STM32H7xx_HAL_Driver/Src/stm32h7xx_ll_usb.o
                0x0000000008007b66                USB_DevDisconnect
 *fill*         0x0000000008007b96        0x2 
 .text.USB_CoreReset
                0x0000000008007b98       0x68 Drivers/STM32H7xx_HAL_Driver/Src/stm32h7xx_ll_usb.o
 .text.MX_ETH_Init
                0x0000000008007c00       0x90 Src/eth.o
                0x0000000008007c00                MX_ETH_Init
 .text.HAL_ETH_MspInit
                0x0000000008007c90      0x19c Src/eth.o
                0x0000000008007c90                HAL_ETH_MspInit
 .text.MX_GPIO_Init
                0x0000000008007e2c      0x168 Src/gpio.o
                0x0000000008007e2c                MX_GPIO_Init
 .text.main     0x0000000008007f94       0x58 Src/main.o
                0x0000000008007f94                main
 .text.SystemClock_Config
                0x0000000008007fec      0x174 Src/main.o
                0x0000000008007fec                SystemClock_Config
 .text.Error_Handler
                0x0000000008008160        0xe Src/main.o
                0x0000000008008160                Error_Handler
 *fill*         0x000000000800816e        0x2 
 .text.HAL_MspInit
                0x0000000008008170       0x34 Src/stm32h7xx_hal_msp.o
                0x0000000008008170                HAL_MspInit
 .text.NMI_Handler
                0x00000000080081a4        0xe Src/stm32h7xx_it.o
                0x00000000080081a4                NMI_Handler
 .text.HardFault_Handler
                0x00000000080081b2        0x6 Src/stm32h7xx_it.o
                0x00000000080081b2                HardFault_Handler
 .text.MemManage_Handler
                0x00000000080081b8        0x6 Src/stm32h7xx_it.o
                0x00000000080081b8                MemManage_Handler
 .text.BusFault_Handler
                0x00000000080081be        0x6 Src/stm32h7xx_it.o
                0x00000000080081be                BusFault_Handler
 .text.UsageFault_Handler
                0x00000000080081c4        0x6 Src/stm32h7xx_it.o
                0x00000000080081c4                UsageFault_Handler
 .text.SVC_Handler
                0x00000000080081ca        0xe Src/stm32h7xx_it.o
                0x00000000080081ca                SVC_Handler
 .text.DebugMon_Handler
                0x00000000080081d8        0xe Src/stm32h7xx_it.o
                0x00000000080081d8                DebugMon_Handler
 .text.PendSV_Handler
                0x00000000080081e6        0xe Src/stm32h7xx_it.o
                0x00000000080081e6                PendSV_Handler
 .text.SysTick_Handler
                0x00000000080081f4        0xc Src/stm32h7xx_it.o
                0x00000000080081f4                SysTick_Handler
 .text.TIM2_IRQHandler
                0x0000000008008200       0x14 Src/stm32h7xx_it.o
                0x0000000008008200                TIM2_IRQHandler
 .text.SystemInit
                0x0000000008008214       0xc4 Src/system_stm32h7xx.o
                0x0000000008008214                SystemInit
 .text.MX_TIM2_Init
                0x00000000080082d8      0x104 Src/tim.o
                0x00000000080082d8                MX_TIM2_Init
 .text.HAL_TIM_Base_MspInit
                0x00000000080083dc       0x4c Src/tim.o
                0x00000000080083dc                HAL_TIM_Base_MspInit
 .text.HAL_TIM_MspPostInit
                0x0000000008008428       0x70 Src/tim.o
                0x0000000008008428                HAL_TIM_MspPostInit
 .text.MX_USART3_UART_Init
                0x0000000008008498       0x98 Src/usart.o
                0x0000000008008498                MX_USART3_UART_Init
 .text.HAL_UART_MspInit
                0x0000000008008530       0x94 Src/usart.o
                0x0000000008008530                HAL_UART_MspInit
 .text.MX_USB_OTG_FS_PCD_Init
                0x00000000080085c4       0x64 Src/usb_otg.o
                0x00000000080085c4                MX_USB_OTG_FS_PCD_Init
 .text.HAL_PCD_MspInit
                0x0000000008008628       0xb0 Src/usb_otg.o
                0x0000000008008628                HAL_PCD_MspInit
 .text.Reset_Handler
                0x00000000080086d8       0x50 Startup/startup_stm32h743zitx.o
                0x00000000080086d8                Reset_Handler
 .text.Default_Handler
                0x0000000008008728        0x2 Startup/startup_stm32h743zitx.o
                0x0000000008008728                RTC_Alarm_IRQHandler
                0x0000000008008728                EXTI2_IRQHandler
                0x0000000008008728                TIM8_CC_IRQHandler
                0x0000000008008728                HRTIM1_Master_IRQHandler
                0x0000000008008728                UART8_IRQHandler
                0x0000000008008728                SPI4_IRQHandler
                0x0000000008008728                TIM1_CC_IRQHandler
                0x0000000008008728                BDMA_Channel6_IRQHandler
                0x0000000008008728                DMA2_Stream5_IRQHandler
                0x0000000008008728                HRTIM1_FLT_IRQHandler
                0x0000000008008728                JPEG_IRQHandler
                0x0000000008008728                DMA1_Stream5_IRQHandler
                0x0000000008008728                BDMA_Channel1_IRQHandler
                0x0000000008008728                HRTIM1_TIMD_IRQHandler
                0x0000000008008728                TAMP_STAMP_IRQHandler
                0x0000000008008728                EXTI3_IRQHandler
                0x0000000008008728                LPTIM4_IRQHandler
                0x0000000008008728                TIM8_TRG_COM_TIM14_IRQHandler
                0x0000000008008728                LPTIM2_IRQHandler
                0x0000000008008728                DFSDM1_FLT1_IRQHandler
                0x0000000008008728                DMAMUX2_OVR_IRQHandler
                0x0000000008008728                TIM8_UP_TIM13_IRQHandler
                0x0000000008008728                I2C3_ER_IRQHandler
                0x0000000008008728                DFSDM1_FLT2_IRQHandler
                0x0000000008008728                MDMA_IRQHandler
                0x0000000008008728                LPTIM3_IRQHandler
                0x0000000008008728                HSEM1_IRQHandler
                0x0000000008008728                EXTI0_IRQHandler
                0x0000000008008728                I2C2_EV_IRQHandler
                0x0000000008008728                DMA1_Stream2_IRQHandler
                0x0000000008008728                FPU_IRQHandler
                0x0000000008008728                OTG_HS_WKUP_IRQHandler
                0x0000000008008728                FDCAN1_IT1_IRQHandler
                0x0000000008008728                LTDC_ER_IRQHandler
                0x0000000008008728                DMA2_Stream2_IRQHandler
                0x0000000008008728                HRTIM1_TIME_IRQHandler
                0x0000000008008728                SPI1_IRQHandler
                0x0000000008008728                TIM6_DAC_IRQHandler
                0x0000000008008728                DCMI_IRQHandler
                0x0000000008008728                HRTIM1_TIMC_IRQHandler
                0x0000000008008728                DMA2_Stream3_IRQHandler
                0x0000000008008728                SAI2_IRQHandler
                0x0000000008008728                DFSDM1_FLT3_IRQHandler
                0x0000000008008728                USART6_IRQHandler
                0x0000000008008728                TIM17_IRQHandler
                0x0000000008008728                USART3_IRQHandler
                0x0000000008008728                BDMA_Channel7_IRQHandler
                0x0000000008008728                LPTIM5_IRQHandler
                0x0000000008008728                UART5_IRQHandler
                0x0000000008008728                ADC3_IRQHandler
                0x0000000008008728                DMA2_Stream0_IRQHandler
                0x0000000008008728                TIM4_IRQHandler
                0x0000000008008728                BDMA_Channel2_IRQHandler
                0x0000000008008728                QUADSPI_IRQHandler
                0x0000000008008728                I2C1_EV_IRQHandler
                0x0000000008008728                DMA1_Stream6_IRQHandler
                0x0000000008008728                DMAMUX1_OVR_IRQHandler
                0x0000000008008728                DMA1_Stream1_IRQHandler
                0x0000000008008728                TIM16_IRQHandler
                0x0000000008008728                UART4_IRQHandler
                0x0000000008008728                BDMA_Channel5_IRQHandler
                0x0000000008008728                TIM3_IRQHandler
                0x0000000008008728                RCC_IRQHandler
                0x0000000008008728                TIM8_BRK_TIM12_IRQHandler
                0x0000000008008728                TIM1_TRG_COM_IRQHandler
                0x0000000008008728                Default_Handler
                0x0000000008008728                ECC_IRQHandler
                0x0000000008008728                CEC_IRQHandler
                0x0000000008008728                EXTI15_10_IRQHandler
                0x0000000008008728                BDMA_Channel0_IRQHandler
                0x0000000008008728                ADC_IRQHandler
                0x0000000008008728                DMA1_Stream7_IRQHandler
                0x0000000008008728                HRTIM1_TIMA_IRQHandler
                0x0000000008008728                SPI5_IRQHandler
                0x0000000008008728                TIM7_IRQHandler
                0x0000000008008728                SDMMC1_IRQHandler
                0x0000000008008728                TIM5_IRQHandler
                0x0000000008008728                DMA2_Stream7_IRQHandler
                0x0000000008008728                TIM15_IRQHandler
                0x0000000008008728                PVD_AVD_IRQHandler
                0x0000000008008728                I2C3_EV_IRQHandler
                0x0000000008008728                EXTI9_5_IRQHandler
                0x0000000008008728                RTC_WKUP_IRQHandler
                0x0000000008008728                LTDC_IRQHandler
                0x0000000008008728                SAI3_IRQHandler
                0x0000000008008728                ETH_WKUP_IRQHandler
                0x0000000008008728                SPDIF_RX_IRQHandler
                0x0000000008008728                SPI2_IRQHandler
                0x0000000008008728                OTG_HS_EP1_IN_IRQHandler
                0x0000000008008728                DMA1_Stream0_IRQHandler
                0x0000000008008728                CRS_IRQHandler
                0x0000000008008728                EXTI4_IRQHandler
                0x0000000008008728                RNG_IRQHandler
                0x0000000008008728                HRTIM1_TIMB_IRQHandler
                0x0000000008008728                FDCAN2_IT1_IRQHandler
                0x0000000008008728                ETH_IRQHandler
                0x0000000008008728                TIM1_UP_IRQHandler
                0x0000000008008728                BDMA_Channel4_IRQHandler
                0x0000000008008728                OTG_HS_EP1_OUT_IRQHandler
                0x0000000008008728                WWDG_IRQHandler
                0x0000000008008728                SPI6_IRQHandler
                0x0000000008008728                MDIOS_IRQHandler
                0x0000000008008728                I2C4_EV_IRQHandler
                0x0000000008008728                FDCAN2_IT0_IRQHandler
                0x0000000008008728                LPUART1_IRQHandler
                0x0000000008008728                FDCAN1_IT0_IRQHandler
                0x0000000008008728                OTG_FS_WKUP_IRQHandler
                0x0000000008008728                OTG_HS_IRQHandler
                0x0000000008008728                DMA2D_IRQHandler
                0x0000000008008728                TIM1_BRK_IRQHandler
                0x0000000008008728                EXTI1_IRQHandler
                0x0000000008008728                SDMMC2_IRQHandler
                0x0000000008008728                OTG_FS_EP1_OUT_IRQHandler
                0x0000000008008728                BDMA_Channel3_IRQHandler
                0x0000000008008728                UART7_IRQHandler
                0x0000000008008728                MDIOS_WKUP_IRQHandler
                0x0000000008008728                USART2_IRQHandler
                0x0000000008008728                DFSDM1_FLT0_IRQHandler
                0x0000000008008728                SAI4_IRQHandler
                0x0000000008008728                I2C2_ER_IRQHandler
                0x0000000008008728                DMA2_Stream1_IRQHandler
                0x0000000008008728                FLASH_IRQHandler
                0x0000000008008728                DMA2_Stream4_IRQHandler
                0x0000000008008728                USART1_IRQHandler
                0x0000000008008728                OTG_FS_IRQHandler
                0x0000000008008728                SPI3_IRQHandler
                0x0000000008008728                WAKEUP_PIN_IRQHandler
                0x0000000008008728                DMA1_Stream4_IRQHandler
                0x0000000008008728                OTG_FS_EP1_IN_IRQHandler
                0x0000000008008728                I2C1_ER_IRQHandler
                0x0000000008008728                FMC_IRQHandler
                0x0000000008008728                FDCAN_CAL_IRQHandler
                0x0000000008008728                SWPMI1_IRQHandler
                0x0000000008008728                COMP1_IRQHandler
                0x0000000008008728                LPTIM1_IRQHandler
                0x0000000008008728                I2C4_ER_IRQHandler
                0x0000000008008728                DMA2_Stream6_IRQHandler
                0x0000000008008728                SAI1_IRQHandler
                0x0000000008008728                DMA1_Stream3_IRQHandler
 *fill*         0x000000000800872a        0x2 
 .text.__libc_init_array
                0x000000000800872c       0x48 c:/st/stm32cubeide_1.0.0/stm32cubeide/plugins/com.st.stm32cube.ide.mcu.externaltools.gnu-tools-for-stm32.7-2018-q2-update.win32_1.0.0.201904181610/tools/bin/../lib/gcc/arm-none-eabi/7.3.1/../../../../arm-none-eabi/lib/thumb/v7e-m/fpv5/hard\libc_nano.a(lib_a-init.o)
                0x000000000800872c                __libc_init_array
 .text.memset   0x0000000008008774       0x10 c:/st/stm32cubeide_1.0.0/stm32cubeide/plugins/com.st.stm32cube.ide.mcu.externaltools.gnu-tools-for-stm32.7-2018-q2-update.win32_1.0.0.201904181610/tools/bin/../lib/gcc/arm-none-eabi/7.3.1/../../../../arm-none-eabi/lib/thumb/v7e-m/fpv5/hard\libc_nano.a(lib_a-memset.o)
                0x0000000008008774                memset
 *(.glue_7)
 .glue_7        0x0000000008008784        0x0 linker stubs
 *(.glue_7t)
 .glue_7t       0x0000000008008784        0x0 linker stubs
 *(.eh_frame)
 .eh_frame      0x0000000008008784        0x0 c:/st/stm32cubeide_1.0.0/stm32cubeide/plugins/com.st.stm32cube.ide.mcu.externaltools.gnu-tools-for-stm32.7-2018-q2-update.win32_1.0.0.201904181610/tools/bin/../lib/gcc/arm-none-eabi/7.3.1/thumb/v7e-m/fpv5/hard/crtbegin.o
 *(.init)
 .init          0x0000000008008784        0x4 c:/st/stm32cubeide_1.0.0/stm32cubeide/plugins/com.st.stm32cube.ide.mcu.externaltools.gnu-tools-for-stm32.7-2018-q2-update.win32_1.0.0.201904181610/tools/bin/../lib/gcc/arm-none-eabi/7.3.1/thumb/v7e-m/fpv5/hard/crti.o
                0x0000000008008784                _init
 .init          0x0000000008008788        0x8 c:/st/stm32cubeide_1.0.0/stm32cubeide/plugins/com.st.stm32cube.ide.mcu.externaltools.gnu-tools-for-stm32.7-2018-q2-update.win32_1.0.0.201904181610/tools/bin/../lib/gcc/arm-none-eabi/7.3.1/thumb/v7e-m/fpv5/hard/crtn.o
 *(.fini)
 .fini          0x0000000008008790        0x4 c:/st/stm32cubeide_1.0.0/stm32cubeide/plugins/com.st.stm32cube.ide.mcu.externaltools.gnu-tools-for-stm32.7-2018-q2-update.win32_1.0.0.201904181610/tools/bin/../lib/gcc/arm-none-eabi/7.3.1/thumb/v7e-m/fpv5/hard/crti.o
                0x0000000008008790                _fini
 .fini          0x0000000008008794        0x8 c:/st/stm32cubeide_1.0.0/stm32cubeide/plugins/com.st.stm32cube.ide.mcu.externaltools.gnu-tools-for-stm32.7-2018-q2-update.win32_1.0.0.201904181610/tools/bin/../lib/gcc/arm-none-eabi/7.3.1/thumb/v7e-m/fpv5/hard/crtn.o
                0x000000000800879c                . = ALIGN (0x4)
                0x000000000800879c                _etext = .

.vfp11_veneer   0x000000000800879c        0x0
 .vfp11_veneer  0x000000000800879c        0x0 linker stubs

.v4_bx          0x000000000800879c        0x0
 .v4_bx         0x000000000800879c        0x0 linker stubs

.iplt           0x000000000800879c        0x0
 .iplt          0x000000000800879c        0x0 c:/st/stm32cubeide_1.0.0/stm32cubeide/plugins/com.st.stm32cube.ide.mcu.externaltools.gnu-tools-for-stm32.7-2018-q2-update.win32_1.0.0.201904181610/tools/bin/../lib/gcc/arm-none-eabi/7.3.1/thumb/v7e-m/fpv5/hard/crtbegin.o

.rodata         0x000000000800879c       0x20
                0x000000000800879c                . = ALIGN (0x4)
 *(.rodata)
 .rodata        0x000000000800879c       0x10 Drivers/STM32H7xx_HAL_Driver/Src/stm32h7xx_hal_uart_ex.o
 *(.rodata*)
 .rodata.D1CorePrescTable
                0x00000000080087ac       0x10 Src/system_stm32h7xx.o
                0x00000000080087ac                D1CorePrescTable
                0x00000000080087bc                . = ALIGN (0x4)

.ARM.extab      0x00000000080087bc        0x0
                0x00000000080087bc                . = ALIGN (0x4)
 *(.ARM.extab* .gnu.linkonce.armextab.*)
                0x00000000080087bc                . = ALIGN (0x4)

.ARM            0x00000000080087bc        0x8
                0x00000000080087bc                . = ALIGN (0x4)
                0x00000000080087bc                __exidx_start = .
 *(.ARM.exidx*)
 .ARM.exidx     0x00000000080087bc        0x8 c:/st/stm32cubeide_1.0.0/stm32cubeide/plugins/com.st.stm32cube.ide.mcu.externaltools.gnu-tools-for-stm32.7-2018-q2-update.win32_1.0.0.201904181610/tools/bin/../lib/gcc/arm-none-eabi/7.3.1/thumb/v7e-m/fpv5/hard\libgcc.a(_udivmoddi4.o)
                0x00000000080087c4                __exidx_end = .
                0x00000000080087c4                . = ALIGN (0x4)

.rel.dyn        0x00000000080087c4        0x0
 .rel.iplt      0x00000000080087c4        0x0 c:/st/stm32cubeide_1.0.0/stm32cubeide/plugins/com.st.stm32cube.ide.mcu.externaltools.gnu-tools-for-stm32.7-2018-q2-update.win32_1.0.0.201904181610/tools/bin/../lib/gcc/arm-none-eabi/7.3.1/thumb/v7e-m/fpv5/hard/crtbegin.o

.preinit_array  0x00000000080087c4        0x0
                0x00000000080087c4                . = ALIGN (0x4)
                0x00000000080087c4                PROVIDE (__preinit_array_start = .)
 *(.preinit_array*)
                0x00000000080087c4                PROVIDE (__preinit_array_end = .)
                0x00000000080087c4                . = ALIGN (0x4)

.init_array     0x00000000080087c4        0x4
                0x00000000080087c4                . = ALIGN (0x4)
                0x00000000080087c4                PROVIDE (__init_array_start = .)
 *(SORT_BY_NAME(.init_array.*))
 *(.init_array*)
 .init_array    0x00000000080087c4        0x4 c:/st/stm32cubeide_1.0.0/stm32cubeide/plugins/com.st.stm32cube.ide.mcu.externaltools.gnu-tools-for-stm32.7-2018-q2-update.win32_1.0.0.201904181610/tools/bin/../lib/gcc/arm-none-eabi/7.3.1/thumb/v7e-m/fpv5/hard/crtbegin.o
                0x00000000080087c8                PROVIDE (__init_array_end = .)
                0x00000000080087c8                . = ALIGN (0x4)

.fini_array     0x00000000080087c8        0x4
                0x00000000080087c8                . = ALIGN (0x4)
                [!provide]                        PROVIDE (__fini_array_start = .)
 *(SORT_BY_NAME(.fini_array.*))
 *(.fini_array*)
 .fini_array    0x00000000080087c8        0x4 c:/st/stm32cubeide_1.0.0/stm32cubeide/plugins/com.st.stm32cube.ide.mcu.externaltools.gnu-tools-for-stm32.7-2018-q2-update.win32_1.0.0.201904181610/tools/bin/../lib/gcc/arm-none-eabi/7.3.1/thumb/v7e-m/fpv5/hard/crtbegin.o
                [!provide]                        PROVIDE (__fini_array_end = .)
                0x00000000080087cc                . = ALIGN (0x4)
                0x00000000080087cc                _sidata = LOADADDR (.data)

.data           0x0000000024000000       0x10 load address 0x00000000080087cc
                0x0000000024000000                . = ALIGN (0x4)
                0x0000000024000000                _sdata = .
 *(.data)
 *(.data*)
 .data.uwTickPrio
                0x0000000024000000        0x4 Drivers/STM32H7xx_HAL_Driver/Src/stm32h7xx_hal.o
 .data.uwTickFreq
                0x0000000024000004        0x1 Drivers/STM32H7xx_HAL_Driver/Src/stm32h7xx_hal.o
 *fill*         0x0000000024000005        0x3 
 .data.SystemCoreClock
                0x0000000024000008        0x4 Src/system_stm32h7xx.o
                0x0000000024000008                SystemCoreClock
 .data.SystemD2Clock
                0x000000002400000c        0x4 Src/system_stm32h7xx.o
                0x000000002400000c                SystemD2Clock
                0x0000000024000010                . = ALIGN (0x4)
                0x0000000024000010                _edata = .

.igot.plt       0x0000000024000010        0x0 load address 0x00000000080087dc
 .igot.plt      0x0000000024000010        0x0 c:/st/stm32cubeide_1.0.0/stm32cubeide/plugins/com.st.stm32cube.ide.mcu.externaltools.gnu-tools-for-stm32.7-2018-q2-update.win32_1.0.0.201904181610/tools/bin/../lib/gcc/arm-none-eabi/7.3.1/thumb/v7e-m/fpv5/hard/crtbegin.o

.RxDecripSection
                0x0000000024000010       0x60 load address 0x00000000080087dc
 .RxDecripSection
                0x0000000024000010       0x60 Src/eth.o
                0x0000000024000010                DMARxDscrTab

.TxDecripSection
                0x0000000024000070       0x60 load address 0x000000000800883c
 .TxDecripSection
                0x0000000024000070       0x60 Src/eth.o
                0x0000000024000070                DMATxDscrTab
                0x00000000240000d0                . = ALIGN (0x4)

.bss            0x00000000240000d0      0x598 load address 0x000000000800889c
                0x00000000240000d0                _sbss = .
                0x00000000240000d0                __bss_start__ = _sbss
 *(.bss)
 .bss           0x00000000240000d0       0x1c c:/st/stm32cubeide_1.0.0/stm32cubeide/plugins/com.st.stm32cube.ide.mcu.externaltools.gnu-tools-for-stm32.7-2018-q2-update.win32_1.0.0.201904181610/tools/bin/../lib/gcc/arm-none-eabi/7.3.1/thumb/v7e-m/fpv5/hard/crtbegin.o
 *(.bss*)
 .bss.uwTick    0x00000000240000ec        0x4 Drivers/STM32H7xx_HAL_Driver/Src/stm32h7xx_hal.o
 *(COMMON)
 COMMON         0x00000000240000f0       0xa4 Src/eth.o
                0x00000000240000f0                heth
                0x0000000024000160                TxConfig
 COMMON         0x0000000024000194       0x40 Src/tim.o
                0x0000000024000194                htim2
 COMMON         0x00000000240001d4       0x8c Src/usart.o
                0x00000000240001d4                huart3
 COMMON         0x0000000024000260      0x408 Src/usb_otg.o
                0x0000000024000260                hpcd_USB_OTG_FS
                0x0000000024000668                . = ALIGN (0x4)
                0x0000000024000668                _ebss = .
                0x0000000024000668                __bss_end__ = _ebss

._user_heap_stack
                0x0000000024000668      0x600 load address 0x000000000800889c
                0x0000000024000668                . = ALIGN (0x8)
                0x0000000024000668                PROVIDE (end = .)
                [!provide]                        PROVIDE (_end = .)
                0x0000000024000868                . = (. + _Min_Heap_Size)
 *fill*         0x0000000024000668      0x200 
                0x0000000024000c68                . = (. + _Min_Stack_Size)
 *fill*         0x0000000024000868      0x400 
                0x0000000024000c68                . = ALIGN (0x8)

/DISCARD/
 libc.a(*)
 libm.a(*)
 libgcc.a(*)

.ARM.attributes
                0x0000000000000000       0x2e
 *(.ARM.attributes)
 .ARM.attributes
                0x0000000000000000       0x20 c:/st/stm32cubeide_1.0.0/stm32cubeide/plugins/com.st.stm32cube.ide.mcu.externaltools.gnu-tools-for-stm32.7-2018-q2-update.win32_1.0.0.201904181610/tools/bin/../lib/gcc/arm-none-eabi/7.3.1/thumb/v7e-m/fpv5/hard/crti.o
 .ARM.attributes
                0x0000000000000020       0x32 c:/st/stm32cubeide_1.0.0/stm32cubeide/plugins/com.st.stm32cube.ide.mcu.externaltools.gnu-tools-for-stm32.7-2018-q2-update.win32_1.0.0.201904181610/tools/bin/../lib/gcc/arm-none-eabi/7.3.1/thumb/v7e-m/fpv5/hard/crtbegin.o
 .ARM.attributes
                0x0000000000000052       0x37 Drivers/STM32H7xx_HAL_Driver/Src/stm32h7xx_hal.o
 .ARM.attributes
                0x0000000000000089       0x37 Drivers/STM32H7xx_HAL_Driver/Src/stm32h7xx_hal_cortex.o
 .ARM.attributes
                0x00000000000000c0       0x37 Drivers/STM32H7xx_HAL_Driver/Src/stm32h7xx_hal_eth.o
 .ARM.attributes
                0x00000000000000f7       0x37 Drivers/STM32H7xx_HAL_Driver/Src/stm32h7xx_hal_gpio.o
 .ARM.attributes
                0x000000000000012e       0x37 Drivers/STM32H7xx_HAL_Driver/Src/stm32h7xx_hal_pcd.o
 .ARM.attributes
                0x0000000000000165       0x37 Drivers/STM32H7xx_HAL_Driver/Src/stm32h7xx_hal_pcd_ex.o
 .ARM.attributes
                0x000000000000019c       0x37 Drivers/STM32H7xx_HAL_Driver/Src/stm32h7xx_hal_pwr_ex.o
 .ARM.attributes
                0x00000000000001d3       0x37 Drivers/STM32H7xx_HAL_Driver/Src/stm32h7xx_hal_rcc.o
 .ARM.attributes
                0x000000000000020a       0x37 Drivers/STM32H7xx_HAL_Driver/Src/stm32h7xx_hal_rcc_ex.o
 .ARM.attributes
                0x0000000000000241       0x37 Drivers/STM32H7xx_HAL_Driver/Src/stm32h7xx_hal_tim.o
 .ARM.attributes
                0x0000000000000278       0x37 Drivers/STM32H7xx_HAL_Driver/Src/stm32h7xx_hal_tim_ex.o
 .ARM.attributes
                0x00000000000002af       0x37 Drivers/STM32H7xx_HAL_Driver/Src/stm32h7xx_hal_uart.o
 .ARM.attributes
                0x00000000000002e6       0x37 Drivers/STM32H7xx_HAL_Driver/Src/stm32h7xx_hal_uart_ex.o
 .ARM.attributes
                0x000000000000031d       0x37 Drivers/STM32H7xx_HAL_Driver/Src/stm32h7xx_ll_usb.o
 .ARM.attributes
                0x0000000000000354       0x37 Src/eth.o
 .ARM.attributes
                0x000000000000038b       0x37 Src/gpio.o
 .ARM.attributes
                0x00000000000003c2       0x37 Src/main.o
 .ARM.attributes
                0x00000000000003f9       0x37 Src/stm32h7xx_hal_msp.o
 .ARM.attributes
                0x0000000000000430       0x37 Src/stm32h7xx_it.o
 .ARM.attributes
                0x0000000000000467       0x37 Src/system_stm32h7xx.o
 .ARM.attributes
                0x000000000000049e       0x37 Src/tim.o
 .ARM.attributes
                0x00000000000004d5       0x37 Src/usart.o
 .ARM.attributes
                0x000000000000050c       0x37 Src/usb_otg.o
 .ARM.attributes
                0x0000000000000543       0x21 Startup/startup_stm32h743zitx.o
 .ARM.attributes
                0x0000000000000564       0x32 c:/st/stm32cubeide_1.0.0/stm32cubeide/plugins/com.st.stm32cube.ide.mcu.externaltools.gnu-tools-for-stm32.7-2018-q2-update.win32_1.0.0.201904181610/tools/bin/../lib/gcc/arm-none-eabi/7.3.1/../../../../arm-none-eabi/lib/thumb/v7e-m/fpv5/hard\libc_nano.a(lib_a-init.o)
 .ARM.attributes
                0x0000000000000596       0x32 c:/st/stm32cubeide_1.0.0/stm32cubeide/plugins/com.st.stm32cube.ide.mcu.externaltools.gnu-tools-for-stm32.7-2018-q2-update.win32_1.0.0.201904181610/tools/bin/../lib/gcc/arm-none-eabi/7.3.1/../../../../arm-none-eabi/lib/thumb/v7e-m/fpv5/hard\libc_nano.a(lib_a-memset.o)
 .ARM.attributes
                0x00000000000005c8       0x20 c:/st/stm32cubeide_1.0.0/stm32cubeide/plugins/com.st.stm32cube.ide.mcu.externaltools.gnu-tools-for-stm32.7-2018-q2-update.win32_1.0.0.201904181610/tools/bin/../lib/gcc/arm-none-eabi/7.3.1/thumb/v7e-m/fpv5/hard\libgcc.a(_aeabi_uldivmod.o)
 .ARM.attributes
                0x00000000000005e8       0x32 c:/st/stm32cubeide_1.0.0/stm32cubeide/plugins/com.st.stm32cube.ide.mcu.externaltools.gnu-tools-for-stm32.7-2018-q2-update.win32_1.0.0.201904181610/tools/bin/../lib/gcc/arm-none-eabi/7.3.1/thumb/v7e-m/fpv5/hard\libgcc.a(_udivmoddi4.o)
 .ARM.attributes
                0x000000000000061a       0x20 c:/st/stm32cubeide_1.0.0/stm32cubeide/plugins/com.st.stm32cube.ide.mcu.externaltools.gnu-tools-for-stm32.7-2018-q2-update.win32_1.0.0.201904181610/tools/bin/../lib/gcc/arm-none-eabi/7.3.1/thumb/v7e-m/fpv5/hard\libgcc.a(_dvmd_tls.o)
 .ARM.attributes
                0x000000000000063a       0x20 c:/st/stm32cubeide_1.0.0/stm32cubeide/plugins/com.st.stm32cube.ide.mcu.externaltools.gnu-tools-for-stm32.7-2018-q2-update.win32_1.0.0.201904181610/tools/bin/../lib/gcc/arm-none-eabi/7.3.1/thumb/v7e-m/fpv5/hard/crtn.o
OUTPUT(Servo-control_PWM_02.elf elf32-littlearm)

.debug_info     0x0000000000000000    0x26390
 .debug_info    0x0000000000000000     0x1d86 Drivers/STM32H7xx_HAL_Driver/Src/stm32h7xx_hal.o
 .debug_info    0x0000000000001d86     0x1a1f Drivers/STM32H7xx_HAL_Driver/Src/stm32h7xx_hal_cortex.o
 .debug_info    0x00000000000037a5     0x2ea5 Drivers/STM32H7xx_HAL_Driver/Src/stm32h7xx_hal_eth.o
 .debug_info    0x000000000000664a     0x15eb Drivers/STM32H7xx_HAL_Driver/Src/stm32h7xx_hal_gpio.o
 .debug_info    0x0000000000007c35     0x1a39 Drivers/STM32H7xx_HAL_Driver/Src/stm32h7xx_hal_pcd.o
 .debug_info    0x000000000000966e     0x119c Drivers/STM32H7xx_HAL_Driver/Src/stm32h7xx_hal_pcd_ex.o
 .debug_info    0x000000000000a80a     0x16f1 Drivers/STM32H7xx_HAL_Driver/Src/stm32h7xx_hal_pwr_ex.o
 .debug_info    0x000000000000befb     0x170b Drivers/STM32H7xx_HAL_Driver/Src/stm32h7xx_hal_rcc.o
 .debug_info    0x000000000000d606     0x187a Drivers/STM32H7xx_HAL_Driver/Src/stm32h7xx_hal_rcc_ex.o
 .debug_info    0x000000000000ee80     0x2ff9 Drivers/STM32H7xx_HAL_Driver/Src/stm32h7xx_hal_tim.o
 .debug_info    0x0000000000011e79     0x1cb3 Drivers/STM32H7xx_HAL_Driver/Src/stm32h7xx_hal_tim_ex.o
 .debug_info    0x0000000000013b2c     0x238a Drivers/STM32H7xx_HAL_Driver/Src/stm32h7xx_hal_uart.o
 .debug_info    0x0000000000015eb6     0x142e Drivers/STM32H7xx_HAL_Driver/Src/stm32h7xx_hal_uart_ex.o
 .debug_info    0x00000000000172e4     0x21f7 Drivers/STM32H7xx_HAL_Driver/Src/stm32h7xx_ll_usb.o
 .debug_info    0x00000000000194db     0x1e44 Src/eth.o
 .debug_info    0x000000000001b31f      0xfb8 Src/gpio.o
 .debug_info    0x000000000001c2d7     0x2b60 Src/main.o
 .debug_info    0x000000000001ee37      0xdfe Src/stm32h7xx_hal_msp.o
 .debug_info    0x000000000001fc35     0x108d Src/stm32h7xx_it.o
 .debug_info    0x0000000000020cc2     0x12cd Src/system_stm32h7xx.o
 .debug_info    0x0000000000021f8f     0x19fe Src/tim.o
 .debug_info    0x000000000002398d     0x1587 Src/usart.o
 .debug_info    0x0000000000024f14     0x145a Src/usb_otg.o
 .debug_info    0x000000000002636e       0x22 Startup/startup_stm32h743zitx.o

.debug_abbrev   0x0000000000000000     0x3b4d
 .debug_abbrev  0x0000000000000000      0x2dd Drivers/STM32H7xx_HAL_Driver/Src/stm32h7xx_hal.o
 .debug_abbrev  0x00000000000002dd      0x39a Drivers/STM32H7xx_HAL_Driver/Src/stm32h7xx_hal_cortex.o
 .debug_abbrev  0x0000000000000677      0x2e2 Drivers/STM32H7xx_HAL_Driver/Src/stm32h7xx_hal_eth.o
 .debug_abbrev  0x0000000000000959      0x28f Drivers/STM32H7xx_HAL_Driver/Src/stm32h7xx_hal_gpio.o
 .debug_abbrev  0x0000000000000be8      0x2f4 Drivers/STM32H7xx_HAL_Driver/Src/stm32h7xx_hal_pcd.o
 .debug_abbrev  0x0000000000000edc      0x2a2 Drivers/STM32H7xx_HAL_Driver/Src/stm32h7xx_hal_pcd_ex.o
 .debug_abbrev  0x000000000000117e      0x345 Drivers/STM32H7xx_HAL_Driver/Src/stm32h7xx_hal_pwr_ex.o
 .debug_abbrev  0x00000000000014c3      0x2e2 Drivers/STM32H7xx_HAL_Driver/Src/stm32h7xx_hal_rcc.o
 .debug_abbrev  0x00000000000017a5      0x2c3 Drivers/STM32H7xx_HAL_Driver/Src/stm32h7xx_hal_rcc_ex.o
 .debug_abbrev  0x0000000000001a68      0x2bd Drivers/STM32H7xx_HAL_Driver/Src/stm32h7xx_hal_tim.o
 .debug_abbrev  0x0000000000001d25      0x2ab Drivers/STM32H7xx_HAL_Driver/Src/stm32h7xx_hal_tim_ex.o
 .debug_abbrev  0x0000000000001fd0      0x2ae Drivers/STM32H7xx_HAL_Driver/Src/stm32h7xx_hal_uart.o
 .debug_abbrev  0x000000000000227e      0x26f Drivers/STM32H7xx_HAL_Driver/Src/stm32h7xx_hal_uart_ex.o
 .debug_abbrev  0x00000000000024ed      0x2f8 Drivers/STM32H7xx_HAL_Driver/Src/stm32h7xx_ll_usb.o
 .debug_abbrev  0x00000000000027e5      0x260 Src/eth.o
 .debug_abbrev  0x0000000000002a45      0x1fd Src/gpio.o
 .debug_abbrev  0x0000000000002c42      0x262 Src/main.o
 .debug_abbrev  0x0000000000002ea4      0x1e5 Src/stm32h7xx_hal_msp.o
 .debug_abbrev  0x0000000000003089      0x1e7 Src/stm32h7xx_it.o
 .debug_abbrev  0x0000000000003270      0x21f Src/system_stm32h7xx.o
 .debug_abbrev  0x000000000000348f      0x239 Src/tim.o
 .debug_abbrev  0x00000000000036c8      0x233 Src/usart.o
 .debug_abbrev  0x00000000000038fb      0x240 Src/usb_otg.o
 .debug_abbrev  0x0000000000003b3b       0x12 Startup/startup_stm32h743zitx.o

.debug_aranges  0x0000000000000000     0x1478
 .debug_aranges
                0x0000000000000000      0x1a0 Drivers/STM32H7xx_HAL_Driver/Src/stm32h7xx_hal.o
 .debug_aranges
                0x00000000000001a0      0x120 Drivers/STM32H7xx_HAL_Driver/Src/stm32h7xx_hal_cortex.o
 .debug_aranges
                0x00000000000002c0      0x1b0 Drivers/STM32H7xx_HAL_Driver/Src/stm32h7xx_hal_eth.o
 .debug_aranges
                0x0000000000000470       0x58 Drivers/STM32H7xx_HAL_Driver/Src/stm32h7xx_hal_gpio.o
 .debug_aranges
                0x00000000000004c8      0x130 Drivers/STM32H7xx_HAL_Driver/Src/stm32h7xx_hal_pcd.o
 .debug_aranges
                0x00000000000005f8       0x60 Drivers/STM32H7xx_HAL_Driver/Src/stm32h7xx_hal_pcd_ex.o
 .debug_aranges
                0x0000000000000658      0x158 Drivers/STM32H7xx_HAL_Driver/Src/stm32h7xx_hal_pwr_ex.o
 .debug_aranges
                0x00000000000007b0       0x88 Drivers/STM32H7xx_HAL_Driver/Src/stm32h7xx_hal_rcc.o
 .debug_aranges
                0x0000000000000838       0xe0 Drivers/STM32H7xx_HAL_Driver/Src/stm32h7xx_hal_rcc_ex.o
 .debug_aranges
                0x0000000000000918      0x3c8 Drivers/STM32H7xx_HAL_Driver/Src/stm32h7xx_hal_tim.o
 .debug_aranges
                0x0000000000000ce0      0x170 Drivers/STM32H7xx_HAL_Driver/Src/stm32h7xx_hal_tim_ex.o
 .debug_aranges
                0x0000000000000e50      0x218 Drivers/STM32H7xx_HAL_Driver/Src/stm32h7xx_hal_uart.o
 .debug_aranges
                0x0000000000001068       0x88 Drivers/STM32H7xx_HAL_Driver/Src/stm32h7xx_hal_uart_ex.o
 .debug_aranges
                0x00000000000010f0      0x198 Drivers/STM32H7xx_HAL_Driver/Src/stm32h7xx_ll_usb.o
 .debug_aranges
                0x0000000000001288       0x30 Src/eth.o
 .debug_aranges
                0x00000000000012b8       0x20 Src/gpio.o
 .debug_aranges
                0x00000000000012d8       0x30 Src/main.o
 .debug_aranges
                0x0000000000001308       0x20 Src/stm32h7xx_hal_msp.o
 .debug_aranges
                0x0000000000001328       0x68 Src/stm32h7xx_it.o
 .debug_aranges
                0x0000000000001390       0x28 Src/system_stm32h7xx.o
 .debug_aranges
                0x00000000000013b8       0x38 Src/tim.o
 .debug_aranges
                0x00000000000013f0       0x30 Src/usart.o
 .debug_aranges
                0x0000000000001420       0x30 Src/usb_otg.o
 .debug_aranges
                0x0000000000001450       0x28 Startup/startup_stm32h743zitx.o

.debug_ranges   0x0000000000000000     0x1300
 .debug_ranges  0x0000000000000000      0x190 Drivers/STM32H7xx_HAL_Driver/Src/stm32h7xx_hal.o
 .debug_ranges  0x0000000000000190      0x110 Drivers/STM32H7xx_HAL_Driver/Src/stm32h7xx_hal_cortex.o
 .debug_ranges  0x00000000000002a0      0x1a0 Drivers/STM32H7xx_HAL_Driver/Src/stm32h7xx_hal_eth.o
 .debug_ranges  0x0000000000000440       0x48 Drivers/STM32H7xx_HAL_Driver/Src/stm32h7xx_hal_gpio.o
 .debug_ranges  0x0000000000000488      0x120 Drivers/STM32H7xx_HAL_Driver/Src/stm32h7xx_hal_pcd.o
 .debug_ranges  0x00000000000005a8       0x50 Drivers/STM32H7xx_HAL_Driver/Src/stm32h7xx_hal_pcd_ex.o
 .debug_ranges  0x00000000000005f8      0x148 Drivers/STM32H7xx_HAL_Driver/Src/stm32h7xx_hal_pwr_ex.o
 .debug_ranges  0x0000000000000740       0x78 Drivers/STM32H7xx_HAL_Driver/Src/stm32h7xx_hal_rcc.o
 .debug_ranges  0x00000000000007b8       0xd0 Drivers/STM32H7xx_HAL_Driver/Src/stm32h7xx_hal_rcc_ex.o
 .debug_ranges  0x0000000000000888      0x3b8 Drivers/STM32H7xx_HAL_Driver/Src/stm32h7xx_hal_tim.o
 .debug_ranges  0x0000000000000c40      0x160 Drivers/STM32H7xx_HAL_Driver/Src/stm32h7xx_hal_tim_ex.o
 .debug_ranges  0x0000000000000da0      0x208 Drivers/STM32H7xx_HAL_Driver/Src/stm32h7xx_hal_uart.o
 .debug_ranges  0x0000000000000fa8       0x78 Drivers/STM32H7xx_HAL_Driver/Src/stm32h7xx_hal_uart_ex.o
 .debug_ranges  0x0000000000001020      0x188 Drivers/STM32H7xx_HAL_Driver/Src/stm32h7xx_ll_usb.o
 .debug_ranges  0x00000000000011a8       0x20 Src/eth.o
 .debug_ranges  0x00000000000011c8       0x10 Src/gpio.o
 .debug_ranges  0x00000000000011d8       0x20 Src/main.o
 .debug_ranges  0x00000000000011f8       0x10 Src/stm32h7xx_hal_msp.o
 .debug_ranges  0x0000000000001208       0x58 Src/stm32h7xx_it.o
 .debug_ranges  0x0000000000001260       0x18 Src/system_stm32h7xx.o
 .debug_ranges  0x0000000000001278       0x28 Src/tim.o
 .debug_ranges  0x00000000000012a0       0x20 Src/usart.o
 .debug_ranges  0x00000000000012c0       0x20 Src/usb_otg.o
 .debug_ranges  0x00000000000012e0       0x20 Startup/startup_stm32h743zitx.o

.debug_macro    0x0000000000000000    0x37937
 .debug_macro   0x0000000000000000      0x2da Drivers/STM32H7xx_HAL_Driver/Src/stm32h7xx_hal.o
 .debug_macro   0x00000000000002da      0xa66 Drivers/STM32H7xx_HAL_Driver/Src/stm32h7xx_hal.o
 .debug_macro   0x0000000000000d40      0x1db Drivers/STM32H7xx_HAL_Driver/Src/stm32h7xx_hal.o
 .debug_macro   0x0000000000000f1b       0x2e Drivers/STM32H7xx_HAL_Driver/Src/stm32h7xx_hal.o
 .debug_macro   0x0000000000000f49       0x3b Drivers/STM32H7xx_HAL_Driver/Src/stm32h7xx_hal.o
 .debug_macro   0x0000000000000f84       0x22 Drivers/STM32H7xx_HAL_Driver/Src/stm32h7xx_hal.o
 .debug_macro   0x0000000000000fa6       0x8e Drivers/STM32H7xx_HAL_Driver/Src/stm32h7xx_hal.o
 .debug_macro   0x0000000000001034       0x51 Drivers/STM32H7xx_HAL_Driver/Src/stm32h7xx_hal.o
 .debug_macro   0x0000000000001085       0xef Drivers/STM32H7xx_HAL_Driver/Src/stm32h7xx_hal.o
 .debug_macro   0x0000000000001174       0x6a Drivers/STM32H7xx_HAL_Driver/Src/stm32h7xx_hal.o
 .debug_macro   0x00000000000011de      0x1df Drivers/STM32H7xx_HAL_Driver/Src/stm32h7xx_hal.o
 .debug_macro   0x00000000000013bd       0x22 Drivers/STM32H7xx_HAL_Driver/Src/stm32h7xx_hal.o
 .debug_macro   0x00000000000013df       0xaf Drivers/STM32H7xx_HAL_Driver/Src/stm32h7xx_hal.o
 .debug_macro   0x000000000000148e     0x128e Drivers/STM32H7xx_HAL_Driver/Src/stm32h7xx_hal.o
 .debug_macro   0x000000000000271c    0x250d0 Drivers/STM32H7xx_HAL_Driver/Src/stm32h7xx_hal.o
 .debug_macro   0x00000000000277ec       0x43 Drivers/STM32H7xx_HAL_Driver/Src/stm32h7xx_hal.o
 .debug_macro   0x000000000002782f     0x38c7 Drivers/STM32H7xx_HAL_Driver/Src/stm32h7xx_hal.o
 .debug_macro   0x000000000002b0f6      0x174 Drivers/STM32H7xx_HAL_Driver/Src/stm32h7xx_hal.o
 .debug_macro   0x000000000002b26a       0x46 Drivers/STM32H7xx_HAL_Driver/Src/stm32h7xx_hal.o
 .debug_macro   0x000000000002b2b0       0x17 Drivers/STM32H7xx_HAL_Driver/Src/stm32h7xx_hal.o
 .debug_macro   0x000000000002b2c7       0x3c Drivers/STM32H7xx_HAL_Driver/Src/stm32h7xx_hal.o
 .debug_macro   0x000000000002b303       0x34 Drivers/STM32H7xx_HAL_Driver/Src/stm32h7xx_hal.o
 .debug_macro   0x000000000002b337       0x52 Drivers/STM32H7xx_HAL_Driver/Src/stm32h7xx_hal.o
 .debug_macro   0x000000000002b389       0x1f Drivers/STM32H7xx_HAL_Driver/Src/stm32h7xx_hal.o
 .debug_macro   0x000000000002b3a8       0x43 Drivers/STM32H7xx_HAL_Driver/Src/stm32h7xx_hal.o
 .debug_macro   0x000000000002b3eb       0x20 Drivers/STM32H7xx_HAL_Driver/Src/stm32h7xx_hal.o
 .debug_macro   0x000000000002b40b      0x1a3 Drivers/STM32H7xx_HAL_Driver/Src/stm32h7xx_hal.o
 .debug_macro   0x000000000002b5ae      0x330 Drivers/STM32H7xx_HAL_Driver/Src/stm32h7xx_hal.o
 .debug_macro   0x000000000002b8de      0x1e1 Drivers/STM32H7xx_HAL_Driver/Src/stm32h7xx_hal.o
 .debug_macro   0x000000000002babf       0x54 Drivers/STM32H7xx_HAL_Driver/Src/stm32h7xx_hal.o
 .debug_macro   0x000000000002bb13     0x23dd Drivers/STM32H7xx_HAL_Driver/Src/stm32h7xx_hal.o
 .debug_macro   0x000000000002def0      0xf3e Drivers/STM32H7xx_HAL_Driver/Src/stm32h7xx_hal.o
 .debug_macro   0x000000000002ee2e      0x146 Drivers/STM32H7xx_HAL_Driver/Src/stm32h7xx_hal.o
 .debug_macro   0x000000000002ef74      0x117 Drivers/STM32H7xx_HAL_Driver/Src/stm32h7xx_hal.o
 .debug_macro   0x000000000002f08b      0x362 Drivers/STM32H7xx_HAL_Driver/Src/stm32h7xx_hal.o
 .debug_macro   0x000000000002f3ed       0x27 Drivers/STM32H7xx_HAL_Driver/Src/stm32h7xx_hal.o
 .debug_macro   0x000000000002f414      0x72d Drivers/STM32H7xx_HAL_Driver/Src/stm32h7xx_hal.o
 .debug_macro   0x000000000002fb41      0x229 Drivers/STM32H7xx_HAL_Driver/Src/stm32h7xx_hal.o
 .debug_macro   0x000000000002fd6a       0x66 Drivers/STM32H7xx_HAL_Driver/Src/stm32h7xx_hal.o
 .debug_macro   0x000000000002fdd0      0x39f Drivers/STM32H7xx_HAL_Driver/Src/stm32h7xx_hal.o
 .debug_macro   0x000000000003016f      0xa59 Drivers/STM32H7xx_HAL_Driver/Src/stm32h7xx_hal.o
 .debug_macro   0x0000000000030bc8      0x129 Drivers/STM32H7xx_HAL_Driver/Src/stm32h7xx_hal.o
 .debug_macro   0x0000000000030cf1      0x275 Drivers/STM32H7xx_HAL_Driver/Src/stm32h7xx_hal.o
 .debug_macro   0x0000000000030f66      0x3c6 Drivers/STM32H7xx_HAL_Driver/Src/stm32h7xx_hal.o
 .debug_macro   0x000000000003132c      0x41d Drivers/STM32H7xx_HAL_Driver/Src/stm32h7xx_hal.o
 .debug_macro   0x0000000000031749       0x51 Drivers/STM32H7xx_HAL_Driver/Src/stm32h7xx_hal.o
 .debug_macro   0x000000000003179a       0x4a Drivers/STM32H7xx_HAL_Driver/Src/stm32h7xx_hal.o
 .debug_macro   0x00000000000317e4      0x22c Drivers/STM32H7xx_HAL_Driver/Src/stm32h7xx_hal.o
 .debug_macro   0x0000000000031a10       0x58 Drivers/STM32H7xx_HAL_Driver/Src/stm32h7xx_hal.o
 .debug_macro   0x0000000000031a68       0xa5 Drivers/STM32H7xx_HAL_Driver/Src/stm32h7xx_hal.o
 .debug_macro   0x0000000000031b0d      0x165 Drivers/STM32H7xx_HAL_Driver/Src/stm32h7xx_hal.o
 .debug_macro   0x0000000000031c72      0x246 Drivers/STM32H7xx_HAL_Driver/Src/stm32h7xx_hal.o
 .debug_macro   0x0000000000031eb8       0x35 Drivers/STM32H7xx_HAL_Driver/Src/stm32h7xx_hal.o
 .debug_macro   0x0000000000031eed      0xa3d Drivers/STM32H7xx_HAL_Driver/Src/stm32h7xx_hal.o
 .debug_macro   0x000000000003292a      0x216 Drivers/STM32H7xx_HAL_Driver/Src/stm32h7xx_hal.o
 .debug_macro   0x0000000000032b40      0x63f Drivers/STM32H7xx_HAL_Driver/Src/stm32h7xx_hal.o
 .debug_macro   0x000000000003317f       0xa6 Drivers/STM32H7xx_HAL_Driver/Src/stm32h7xx_hal.o
 .debug_macro   0x0000000000033225      0x225 Drivers/STM32H7xx_HAL_Driver/Src/stm32h7xx_hal.o
 .debug_macro   0x000000000003344a       0xd6 Drivers/STM32H7xx_HAL_Driver/Src/stm32h7xx_hal.o
 .debug_macro   0x0000000000033520      0x57c Drivers/STM32H7xx_HAL_Driver/Src/stm32h7xx_hal.o
 .debug_macro   0x0000000000033a9c      0x2b0 Drivers/STM32H7xx_HAL_Driver/Src/stm32h7xx_hal_cortex.o
 .debug_macro   0x0000000000033d4c      0x33d Drivers/STM32H7xx_HAL_Driver/Src/stm32h7xx_hal_eth.o
 .debug_macro   0x0000000000034089      0x2ec Drivers/STM32H7xx_HAL_Driver/Src/stm32h7xx_hal_gpio.o
 .debug_macro   0x0000000000034375      0x2bc Drivers/STM32H7xx_HAL_Driver/Src/stm32h7xx_hal_pcd.o
 .debug_macro   0x0000000000034631      0x2b0 Drivers/STM32H7xx_HAL_Driver/Src/stm32h7xx_hal_pcd_ex.o
 .debug_macro   0x00000000000348e1      0x2e0 Drivers/STM32H7xx_HAL_Driver/Src/stm32h7xx_hal_pwr_ex.o
 .debug_macro   0x0000000000034bc1      0x2d4 Drivers/STM32H7xx_HAL_Driver/Src/stm32h7xx_hal_rcc.o
 .debug_macro   0x0000000000034e95      0x2ce Drivers/STM32H7xx_HAL_Driver/Src/stm32h7xx_hal_rcc_ex.o
 .debug_macro   0x0000000000035163      0x2b1 Drivers/STM32H7xx_HAL_Driver/Src/stm32h7xx_hal_tim.o
 .debug_macro   0x0000000000035414      0x2b0 Drivers/STM32H7xx_HAL_Driver/Src/stm32h7xx_hal_tim_ex.o
 .debug_macro   0x00000000000356c4      0x2db Drivers/STM32H7xx_HAL_Driver/Src/stm32h7xx_hal_uart.o
 .debug_macro   0x000000000003599f      0x2bc Drivers/STM32H7xx_HAL_Driver/Src/stm32h7xx_hal_uart_ex.o
 .debug_macro   0x0000000000035c5b      0x2b0 Drivers/STM32H7xx_HAL_Driver/Src/stm32h7xx_ll_usb.o
 .debug_macro   0x0000000000035f0b      0x2c9 Src/eth.o
 .debug_macro   0x00000000000361d4      0x10c Src/eth.o
 .debug_macro   0x00000000000362e0      0x2c9 Src/gpio.o
 .debug_macro   0x00000000000365a9      0x2f5 Src/main.o
 .debug_macro   0x000000000003689e      0x2bf Src/stm32h7xx_hal_msp.o
 .debug_macro   0x0000000000036b5d      0x2c9 Src/stm32h7xx_it.o
 .debug_macro   0x0000000000036e26      0x2b6 Src/system_stm32h7xx.o
 .debug_macro   0x00000000000370dc      0x2c9 Src/tim.o
 .debug_macro   0x00000000000373a5      0x2c9 Src/usart.o
 .debug_macro   0x000000000003766e      0x2c9 Src/usb_otg.o

.debug_line     0x0000000000000000    0x12d87
 .debug_line    0x0000000000000000      0xc46 Drivers/STM32H7xx_HAL_Driver/Src/stm32h7xx_hal.o
 .debug_line    0x0000000000000c46      0xbbe Drivers/STM32H7xx_HAL_Driver/Src/stm32h7xx_hal_cortex.o
 .debug_line    0x0000000000001804     0x112d Drivers/STM32H7xx_HAL_Driver/Src/stm32h7xx_hal_eth.o
 .debug_line    0x0000000000002931      0xa78 Drivers/STM32H7xx_HAL_Driver/Src/stm32h7xx_hal_gpio.o
 .debug_line    0x00000000000033a9      0xe01 Drivers/STM32H7xx_HAL_Driver/Src/stm32h7xx_hal_pcd.o
 .debug_line    0x00000000000041aa      0x96c Drivers/STM32H7xx_HAL_Driver/Src/stm32h7xx_hal_pcd_ex.o
 .debug_line    0x0000000000004b16      0xc30 Drivers/STM32H7xx_HAL_Driver/Src/stm32h7xx_hal_pwr_ex.o
 .debug_line    0x0000000000005746      0xbf2 Drivers/STM32H7xx_HAL_Driver/Src/stm32h7xx_hal_rcc.o
 .debug_line    0x0000000000006338      0xe45 Drivers/STM32H7xx_HAL_Driver/Src/stm32h7xx_hal_rcc_ex.o
 .debug_line    0x000000000000717d     0x1d44 Drivers/STM32H7xx_HAL_Driver/Src/stm32h7xx_hal_tim.o
 .debug_line    0x0000000000008ec1      0xf8c Drivers/STM32H7xx_HAL_Driver/Src/stm32h7xx_hal_tim_ex.o
 .debug_line    0x0000000000009e4d     0x24ec Drivers/STM32H7xx_HAL_Driver/Src/stm32h7xx_hal_uart.o
 .debug_line    0x000000000000c339      0xaf0 Drivers/STM32H7xx_HAL_Driver/Src/stm32h7xx_hal_uart_ex.o
 .debug_line    0x000000000000ce29      0xfa7 Drivers/STM32H7xx_HAL_Driver/Src/stm32h7xx_ll_usb.o
 .debug_line    0x000000000000ddd0      0x8e1 Src/eth.o
 .debug_line    0x000000000000e6b1      0x891 Src/gpio.o
 .debug_line    0x000000000000ef42      0x911 Src/main.o
 .debug_line    0x000000000000f853      0x87b Src/stm32h7xx_hal_msp.o
 .debug_line    0x00000000000100ce      0x932 Src/stm32h7xx_it.o
 .debug_line    0x0000000000010a00      0x8bc Src/system_stm32h7xx.o
 .debug_line    0x00000000000112bc      0x8d4 Src/tim.o
 .debug_line    0x0000000000011b90      0x8ba Src/usart.o
 .debug_line    0x000000000001244a      0x8bd Src/usb_otg.o
 .debug_line    0x0000000000012d07       0x80 Startup/startup_stm32h743zitx.o

.debug_str      0x0000000000000000   0x15f6c4
 .debug_str     0x0000000000000000   0x158485 Drivers/STM32H7xx_HAL_Driver/Src/stm32h7xx_hal.o
                                     0x158aef (size before relaxing)
 .debug_str     0x0000000000158485      0x4ab Drivers/STM32H7xx_HAL_Driver/Src/stm32h7xx_hal_cortex.o
                                     0x15853f (size before relaxing)
 .debug_str     0x0000000000158930     0x184b Drivers/STM32H7xx_HAL_Driver/Src/stm32h7xx_hal_eth.o
                                     0x1592c3 (size before relaxing)
 .debug_str     0x000000000015a17b      0x268 Drivers/STM32H7xx_HAL_Driver/Src/stm32h7xx_hal_gpio.o
                                     0x157cd9 (size before relaxing)
 .debug_str     0x000000000015a3e3      0x8c5 Drivers/STM32H7xx_HAL_Driver/Src/stm32h7xx_hal_pcd.o
                                     0x158039 (size before relaxing)
 .debug_str     0x000000000015aca8      0x1b4 Drivers/STM32H7xx_HAL_Driver/Src/stm32h7xx_hal_pcd_ex.o
                                     0x157cb2 (size before relaxing)
 .debug_str     0x000000000015ae5c      0x6b1 Drivers/STM32H7xx_HAL_Driver/Src/stm32h7xx_hal_pwr_ex.o
                                     0x158077 (size before relaxing)
 .debug_str     0x000000000015b50d      0x537 Drivers/STM32H7xx_HAL_Driver/Src/stm32h7xx_hal_rcc.o
                                     0x157f36 (size before relaxing)
 .debug_str     0x000000000015ba44      0x911 Drivers/STM32H7xx_HAL_Driver/Src/stm32h7xx_hal_rcc_ex.o
                                     0x15830d (size before relaxing)
 .debug_str     0x000000000015c355     0x123f Drivers/STM32H7xx_HAL_Driver/Src/stm32h7xx_hal_tim.o
                                     0x158adc (size before relaxing)
 .debug_str     0x000000000015d594      0x617 Drivers/STM32H7xx_HAL_Driver/Src/stm32h7xx_hal_tim_ex.o
                                     0x1583cc (size before relaxing)
 .debug_str     0x000000000015dbab      0xad6 Drivers/STM32H7xx_HAL_Driver/Src/stm32h7xx_hal_uart.o
                                     0x15881f (size before relaxing)
 .debug_str     0x000000000015e681      0x27a Drivers/STM32H7xx_HAL_Driver/Src/stm32h7xx_hal_uart_ex.o
                                     0x157ed8 (size before relaxing)
 .debug_str     0x000000000015e8fb      0x65d Drivers/STM32H7xx_HAL_Driver/Src/stm32h7xx_ll_usb.o
                                     0x158187 (size before relaxing)
 .debug_str     0x000000000015ef58      0x4a9 Src/eth.o
                                     0x1586b9 (size before relaxing)
 .debug_str     0x000000000015f401       0x25 Src/gpio.o
                                     0x157dfa (size before relaxing)
 .debug_str     0x000000000015f426       0x81 Src/main.o
                                     0x15939e (size before relaxing)
 .debug_str     0x000000000015f4a7       0x1b Src/stm32h7xx_hal_msp.o
                                     0x157d5f (size before relaxing)
 .debug_str     0x000000000015f4c2       0xc8 Src/stm32h7xx_it.o
                                     0x1580e1 (size before relaxing)
 .debug_str     0x000000000015f58a       0x58 Src/system_stm32h7xx.o
                                     0x157acf (size before relaxing)
 .debug_str     0x000000000015f5e2       0x51 Src/tim.o
                                     0x158c97 (size before relaxing)
 .debug_str     0x000000000015f633       0x2e Src/usart.o
                                     0x158334 (size before relaxing)
 .debug_str     0x000000000015f661       0x32 Src/usb_otg.o
                                     0x1581f2 (size before relaxing)
 .debug_str     0x000000000015f693       0x31 Startup/startup_stm32h743zitx.o
                                         0x78 (size before relaxing)

.comment        0x0000000000000000       0x7b
 .comment       0x0000000000000000       0x7b Drivers/STM32H7xx_HAL_Driver/Src/stm32h7xx_hal.o
                                         0x7c (size before relaxing)
 .comment       0x000000000000007b       0x7c Drivers/STM32H7xx_HAL_Driver/Src/stm32h7xx_hal_cortex.o
 .comment       0x000000000000007b       0x7c Drivers/STM32H7xx_HAL_Driver/Src/stm32h7xx_hal_eth.o
 .comment       0x000000000000007b       0x7c Drivers/STM32H7xx_HAL_Driver/Src/stm32h7xx_hal_gpio.o
 .comment       0x000000000000007b       0x7c Drivers/STM32H7xx_HAL_Driver/Src/stm32h7xx_hal_pcd.o
 .comment       0x000000000000007b       0x7c Drivers/STM32H7xx_HAL_Driver/Src/stm32h7xx_hal_pcd_ex.o
 .comment       0x000000000000007b       0x7c Drivers/STM32H7xx_HAL_Driver/Src/stm32h7xx_hal_pwr_ex.o
 .comment       0x000000000000007b       0x7c Drivers/STM32H7xx_HAL_Driver/Src/stm32h7xx_hal_rcc.o
 .comment       0x000000000000007b       0x7c Drivers/STM32H7xx_HAL_Driver/Src/stm32h7xx_hal_rcc_ex.o
 .comment       0x000000000000007b       0x7c Drivers/STM32H7xx_HAL_Driver/Src/stm32h7xx_hal_tim.o
 .comment       0x000000000000007b       0x7c Drivers/STM32H7xx_HAL_Driver/Src/stm32h7xx_hal_tim_ex.o
 .comment       0x000000000000007b       0x7c Drivers/STM32H7xx_HAL_Driver/Src/stm32h7xx_hal_uart.o
 .comment       0x000000000000007b       0x7c Drivers/STM32H7xx_HAL_Driver/Src/stm32h7xx_hal_uart_ex.o
 .comment       0x000000000000007b       0x7c Drivers/STM32H7xx_HAL_Driver/Src/stm32h7xx_ll_usb.o
 .comment       0x000000000000007b       0x7c Src/eth.o
 .comment       0x000000000000007b       0x7c Src/gpio.o
 .comment       0x000000000000007b       0x7c Src/main.o
 .comment       0x000000000000007b       0x7c Src/stm32h7xx_hal_msp.o
 .comment       0x000000000000007b       0x7c Src/stm32h7xx_it.o
 .comment       0x000000000000007b       0x7c Src/system_stm32h7xx.o
 .comment       0x000000000000007b       0x7c Src/tim.o
 .comment       0x000000000000007b       0x7c Src/usart.o
 .comment       0x000000000000007b       0x7c Src/usb_otg.o

.debug_frame    0x0000000000000000     0x5684
 .debug_frame   0x0000000000000000      0x6a8 Drivers/STM32H7xx_HAL_Driver/Src/stm32h7xx_hal.o
 .debug_frame   0x00000000000006a8      0x4b8 Drivers/STM32H7xx_HAL_Driver/Src/stm32h7xx_hal_cortex.o
 .debug_frame   0x0000000000000b60      0x7d0 Drivers/STM32H7xx_HAL_Driver/Src/stm32h7xx_hal_eth.o
 .debug_frame   0x0000000000001330      0x14c Drivers/STM32H7xx_HAL_Driver/Src/stm32h7xx_hal_gpio.o
 .debug_frame   0x000000000000147c      0x548 Drivers/STM32H7xx_HAL_Driver/Src/stm32h7xx_hal_pcd.o
 .debug_frame   0x00000000000019c4      0x174 Drivers/STM32H7xx_HAL_Driver/Src/stm32h7xx_hal_pcd_ex.o
 .debug_frame   0x0000000000001b38      0x580 Drivers/STM32H7xx_HAL_Driver/Src/stm32h7xx_hal_pwr_ex.o
 .debug_frame   0x00000000000020b8      0x1ec Drivers/STM32H7xx_HAL_Driver/Src/stm32h7xx_hal_rcc.o
 .debug_frame   0x00000000000022a4      0x390 Drivers/STM32H7xx_HAL_Driver/Src/stm32h7xx_hal_rcc_ex.o
 .debug_frame   0x0000000000002634     0x118c Drivers/STM32H7xx_HAL_Driver/Src/stm32h7xx_hal_tim.o
 .debug_frame   0x00000000000037c0      0x660 Drivers/STM32H7xx_HAL_Driver/Src/stm32h7xx_hal_tim_ex.o
 .debug_frame   0x0000000000003e20      0x994 Drivers/STM32H7xx_HAL_Driver/Src/stm32h7xx_hal_uart.o
 .debug_frame   0x00000000000047b4      0x22c Drivers/STM32H7xx_HAL_Driver/Src/stm32h7xx_hal_uart_ex.o
 .debug_frame   0x00000000000049e0      0x790 Drivers/STM32H7xx_HAL_Driver/Src/stm32h7xx_ll_usb.o
 .debug_frame   0x0000000000005170       0x7c Src/eth.o
 .debug_frame   0x00000000000051ec       0x34 Src/gpio.o
 .debug_frame   0x0000000000005220       0x78 Src/main.o
 .debug_frame   0x0000000000005298       0x38 Src/stm32h7xx_hal_msp.o
 .debug_frame   0x00000000000052d0      0x128 Src/stm32h7xx_it.o
 .debug_frame   0x00000000000053f8       0x58 Src/system_stm32h7xx.o
 .debug_frame   0x0000000000005450       0xa0 Src/tim.o
 .debug_frame   0x00000000000054f0       0x74 Src/usart.o
 .debug_frame   0x0000000000005564       0x74 Src/usb_otg.o
 .debug_frame   0x00000000000055d8       0x2c c:/st/stm32cubeide_1.0.0/stm32cubeide/plugins/com.st.stm32cube.ide.mcu.externaltools.gnu-tools-for-stm32.7-2018-q2-update.win32_1.0.0.201904181610/tools/bin/../lib/gcc/arm-none-eabi/7.3.1/../../../../arm-none-eabi/lib/thumb/v7e-m/fpv5/hard\libc_nano.a(lib_a-init.o)
 .debug_frame   0x0000000000005604       0x20 c:/st/stm32cubeide_1.0.0/stm32cubeide/plugins/com.st.stm32cube.ide.mcu.externaltools.gnu-tools-for-stm32.7-2018-q2-update.win32_1.0.0.201904181610/tools/bin/../lib/gcc/arm-none-eabi/7.3.1/../../../../arm-none-eabi/lib/thumb/v7e-m/fpv5/hard\libc_nano.a(lib_a-memset.o)
 .debug_frame   0x0000000000005624       0x2c c:/st/stm32cubeide_1.0.0/stm32cubeide/plugins/com.st.stm32cube.ide.mcu.externaltools.gnu-tools-for-stm32.7-2018-q2-update.win32_1.0.0.201904181610/tools/bin/../lib/gcc/arm-none-eabi/7.3.1/thumb/v7e-m/fpv5/hard\libgcc.a(_aeabi_uldivmod.o)
 .debug_frame   0x0000000000005650       0x34 c:/st/stm32cubeide_1.0.0/stm32cubeide/plugins/com.st.stm32cube.ide.mcu.externaltools.gnu-tools-for-stm32.7-2018-q2-update.win32_1.0.0.201904181610/tools/bin/../lib/gcc/arm-none-eabi/7.3.1/thumb/v7e-m/fpv5/hard\libgcc.a(_udivmoddi4.o)
