stm32h7xx_hal_pcd.c:123:19:HAL_PCD_Init	80	static
stm32h7xx_hal_pcd.c:244:19:HAL_PCD_DeInit	16	static
stm32h7xx_hal_pcd.c:280:13:HAL_PCD_MspInit	16	static
stm32h7xx_hal_pcd.c:295:13:HAL_PCD_MspDeInit	16	static
stm32h7xx_hal_pcd.c:990:19:HAL_PCD_Start	24	static
stm32h7xx_hal_pcd.c:1016:19:HAL_PCD_Stop	16	static
stm32h7xx_hal_pcd.c:1038:6:HAL_PCD_IRQHandler	64	static
stm32h7xx_hal_pcd.c:1422:13:HAL_PCD_DataOutStageCallback	16	static
stm32h7xx_hal_pcd.c:1439:13:HAL_PCD_DataInStageCallback	16	static
stm32h7xx_hal_pcd.c:1454:13:HAL_PCD_SetupStageCallback	16	static
stm32h7xx_hal_pcd.c:1469:13:HAL_PCD_SOFCallback	16	static
stm32h7xx_hal_pcd.c:1484:13:HAL_PCD_ResetCallback	16	static
stm32h7xx_hal_pcd.c:1499:13:HAL_PCD_SuspendCallback	16	static
stm32h7xx_hal_pcd.c:1514:13:HAL_PCD_ResumeCallback	16	static
stm32h7xx_hal_pcd.c:1530:13:HAL_PCD_ISOOUTIncompleteCallback	16	static
stm32h7xx_hal_pcd.c:1547:13:HAL_PCD_ISOINIncompleteCallback	16	static
stm32h7xx_hal_pcd.c:1563:13:HAL_PCD_ConnectCallback	16	static
stm32h7xx_hal_pcd.c:1578:13:HAL_PCD_DisconnectCallback	16	static
stm32h7xx_hal_pcd.c:1612:19:HAL_PCD_DevConnect	24	static
stm32h7xx_hal_pcd.c:1637:19:HAL_PCD_DevDisconnect	16	static
stm32h7xx_hal_pcd.c:1651:19:HAL_PCD_SetAddress	16	static
stm32h7xx_hal_pcd.c:1667:19:HAL_PCD_EP_Open	24	static
stm32h7xx_hal_pcd.c:1711:19:HAL_PCD_EP_Close	24	static
stm32h7xx_hal_pcd.c:1742:19:HAL_PCD_EP_Receive	32	static
stm32h7xx_hal_pcd.c:1778:10:HAL_PCD_EP_GetRxCount	16	static
stm32h7xx_hal_pcd.c:1790:19:HAL_PCD_EP_Transmit	32	static
stm32h7xx_hal_pcd.c:1826:19:HAL_PCD_EP_SetStall	24	static
stm32h7xx_hal_pcd.c:1867:19:HAL_PCD_EP_ClrStall	24	static
stm32h7xx_hal_pcd.c:1903:19:HAL_PCD_EP_Flush	16	static
stm32h7xx_hal_pcd.c:1926:19:HAL_PCD_ActivateRemoteWakeup	16	static
stm32h7xx_hal_pcd.c:1936:19:HAL_PCD_DeActivateRemoteWakeup	16	static
stm32h7xx_hal_pcd.c:1965:18:HAL_PCD_GetState	16	static
stm32h7xx_hal_pcd.c:1989:26:PCD_WriteEmptyTxFifo	48	static
stm32h7xx_hal_pcd.c:2049:26:PCD_EP_OutXfrComplete_int	32	static
stm32h7xx_hal_pcd.c:2159:26:PCD_EP_OutSetupPacket_int	32	static
