Archive member included to satisfy reference by file (symbol)

c:/st/stm32cubeide_1.0.0/stm32cubeide/plugins/com.st.stm32cube.ide.mcu.externaltools.gnu-tools-for-stm32.7-2018-q2-update.win32_1.0.0.201904181610/tools/bin/../lib/gcc/arm-none-eabi/7.3.1/../../../../arm-none-eabi/lib/thumb/v7e-m/fpv5/hard\libc_nano.a(lib_a-errno.o)
                              Src/syscalls.o (__errno)
c:/st/stm32cubeide_1.0.0/stm32cubeide/plugins/com.st.stm32cube.ide.mcu.externaltools.gnu-tools-for-stm32.7-2018-q2-update.win32_1.0.0.201904181610/tools/bin/../lib/gcc/arm-none-eabi/7.3.1/../../../../arm-none-eabi/lib/thumb/v7e-m/fpv5/hard\libc_nano.a(lib_a-exit.o)
                              c:/st/stm32cubeide_1.0.0/stm32cubeide/plugins/com.st.stm32cube.ide.mcu.externaltools.gnu-tools-for-stm32.7-2018-q2-update.win32_1.0.0.201904181610/tools/bin/../lib/gcc/arm-none-eabi/7.3.1/../../../../arm-none-eabi/lib/thumb/v7e-m/fpv5/hard/crt0.o (exit)
c:/st/stm32cubeide_1.0.0/stm32cubeide/plugins/com.st.stm32cube.ide.mcu.externaltools.gnu-tools-for-stm32.7-2018-q2-update.win32_1.0.0.201904181610/tools/bin/../lib/gcc/arm-none-eabi/7.3.1/../../../../arm-none-eabi/lib/thumb/v7e-m/fpv5/hard\libc_nano.a(lib_a-impure.o)
                              c:/st/stm32cubeide_1.0.0/stm32cubeide/plugins/com.st.stm32cube.ide.mcu.externaltools.gnu-tools-for-stm32.7-2018-q2-update.win32_1.0.0.201904181610/tools/bin/../lib/gcc/arm-none-eabi/7.3.1/../../../../arm-none-eabi/lib/thumb/v7e-m/fpv5/hard\libc_nano.a(lib_a-exit.o) (_global_impure_ptr)
c:/st/stm32cubeide_1.0.0/stm32cubeide/plugins/com.st.stm32cube.ide.mcu.externaltools.gnu-tools-for-stm32.7-2018-q2-update.win32_1.0.0.201904181610/tools/bin/../lib/gcc/arm-none-eabi/7.3.1/../../../../arm-none-eabi/lib/thumb/v7e-m/fpv5/hard\libc_nano.a(lib_a-init.o)
                              c:/st/stm32cubeide_1.0.0/stm32cubeide/plugins/com.st.stm32cube.ide.mcu.externaltools.gnu-tools-for-stm32.7-2018-q2-update.win32_1.0.0.201904181610/tools/bin/../lib/gcc/arm-none-eabi/7.3.1/../../../../arm-none-eabi/lib/thumb/v7e-m/fpv5/hard/crt0.o (__libc_init_array)
c:/st/stm32cubeide_1.0.0/stm32cubeide/plugins/com.st.stm32cube.ide.mcu.externaltools.gnu-tools-for-stm32.7-2018-q2-update.win32_1.0.0.201904181610/tools/bin/../lib/gcc/arm-none-eabi/7.3.1/../../../../arm-none-eabi/lib/thumb/v7e-m/fpv5/hard\libc_nano.a(lib_a-memset.o)
                              c:/st/stm32cubeide_1.0.0/stm32cubeide/plugins/com.st.stm32cube.ide.mcu.externaltools.gnu-tools-for-stm32.7-2018-q2-update.win32_1.0.0.201904181610/tools/bin/../lib/gcc/arm-none-eabi/7.3.1/../../../../arm-none-eabi/lib/thumb/v7e-m/fpv5/hard/crt0.o (memset)

Allocating common symbols
Common symbol       size              file

acc                 0x4               Src/stepper_control.o
cur_step            0x4               Src/stepper_control.o
pFlash              0x1c              Drivers/STM32H7xx_HAL_Driver/Src/stm32h7xx_hal_flash.o
direction           0x4               Src/stepper_control.o
acceleration_feed   0x4               Src/stepper_control.o
feed_step           0x4               Src/stepper_control.o
cur_speed           0x4               Src/stepper_control.o
dst_speed           0x4               Src/stepper_control.o
htim2               0x40              Src/tim.o
deceleration_feed   0x4               Src/stepper_control.o
htim                0x4               Src/stepper_control.o

Discarded input sections

 .text          0x0000000000000000        0x0 c:/st/stm32cubeide_1.0.0/stm32cubeide/plugins/com.st.stm32cube.ide.mcu.externaltools.gnu-tools-for-stm32.7-2018-q2-update.win32_1.0.0.201904181610/tools/bin/../lib/gcc/arm-none-eabi/7.3.1/thumb/v7e-m/fpv5/hard/crti.o
 .data          0x0000000000000000        0x0 c:/st/stm32cubeide_1.0.0/stm32cubeide/plugins/com.st.stm32cube.ide.mcu.externaltools.gnu-tools-for-stm32.7-2018-q2-update.win32_1.0.0.201904181610/tools/bin/../lib/gcc/arm-none-eabi/7.3.1/thumb/v7e-m/fpv5/hard/crti.o
 .bss           0x0000000000000000        0x0 c:/st/stm32cubeide_1.0.0/stm32cubeide/plugins/com.st.stm32cube.ide.mcu.externaltools.gnu-tools-for-stm32.7-2018-q2-update.win32_1.0.0.201904181610/tools/bin/../lib/gcc/arm-none-eabi/7.3.1/thumb/v7e-m/fpv5/hard/crti.o
 .data          0x0000000000000000        0x4 c:/st/stm32cubeide_1.0.0/stm32cubeide/plugins/com.st.stm32cube.ide.mcu.externaltools.gnu-tools-for-stm32.7-2018-q2-update.win32_1.0.0.201904181610/tools/bin/../lib/gcc/arm-none-eabi/7.3.1/thumb/v7e-m/fpv5/hard/crtbegin.o
 .text          0x0000000000000000       0x74 c:/st/stm32cubeide_1.0.0/stm32cubeide/plugins/com.st.stm32cube.ide.mcu.externaltools.gnu-tools-for-stm32.7-2018-q2-update.win32_1.0.0.201904181610/tools/bin/../lib/gcc/arm-none-eabi/7.3.1/../../../../arm-none-eabi/lib/thumb/v7e-m/fpv5/hard/crt0.o
[...]
Memory Configuration

Name             Origin             Length             Attributes
FLASH            0x0000000008000000 0x0000000000200000 xr
DTCMRAM          0x0000000020000000 0x0000000000020000 xrw
RAM_D1           0x0000000024000000 0x0000000000080000 xrw
RAM_D3           0x0000000038000000 0x0000000000010000 xrw
ITCMRAM          0x0000000000000000 0x0000000000010000 xrw
RAM_D2           0x0000000030000000 0x0000000000048000 xrw
*default*        0x0000000000000000 0xffffffffffffffff

Linker script and memory map

LOAD c:/st/stm32cubeide_1.0.0/stm32cubeide/plugins/com.st.stm32cube.ide.mcu.externaltools.gnu-tools-for-stm32.7-2018-q2-update.win32_1.0.0.201904181610/tools/bin/../lib/gcc/arm-none-eabi/7.3.1/thumb/v7e-m/fpv5/hard/crti.o
LOAD c:/st/stm32cubeide_1.0.0/stm32cubeide/plugins/com.st.stm32cube.ide.mcu.externaltools.gnu-tools-for-stm32.7-2018-q2-update.win32_1.0.0.201904181610/tools/bin/../lib/gcc/arm-none-eabi/7.3.1/thumb/v7e-m/fpv5/hard/crtbegin.o
LOAD c:/st/stm32cubeide_1.0.0/stm32cubeide/plugins/com.st.stm32cube.ide.mcu.externaltools.gnu-tools-for-stm32.7-2018-q2-update.win32_1.0.0.201904181610/tools/bin/../lib/gcc/arm-none-eabi/7.3.1/../../../../arm-none-eabi/lib/thumb/v7e-m/fpv5/hard/crt0.o
LOAD Drivers/STM32H7xx_HAL_Driver/Src/stm32h7xx_hal.o
LOAD Drivers/STM32H7xx_HAL_Driver/Src/stm32h7xx_hal_cortex.o
LOAD Drivers/STM32H7xx_HAL_Driver/Src/stm32h7xx_hal_dma.o
LOAD Drivers/STM32H7xx_HAL_Driver/Src/stm32h7xx_hal_dma_ex.o
LOAD Drivers/STM32H7xx_HAL_Driver/Src/stm32h7xx_hal_flash.o
LOAD Drivers/STM32H7xx_HAL_Driver/Src/stm32h7xx_hal_flash_ex.o
LOAD Drivers/STM32H7xx_HAL_Driver/Src/stm32h7xx_hal_gpio.o
LOAD Drivers/STM32H7xx_HAL_Driver/Src/stm32h7xx_hal_hsem.o
LOAD Drivers/STM32H7xx_HAL_Driver/Src/stm32h7xx_hal_i2c.o
LOAD Drivers/STM32H7xx_HAL_Driver/Src/stm32h7xx_hal_i2c_ex.o
LOAD Drivers/STM32H7xx_HAL_Driver/Src/stm32h7xx_hal_mdma.o
LOAD Drivers/STM32H7xx_HAL_Driver/Src/stm32h7xx_hal_pwr.o
LOAD Drivers/STM32H7xx_HAL_Driver/Src/stm32h7xx_hal_pwr_ex.o
LOAD Drivers/STM32H7xx_HAL_Driver/Src/stm32h7xx_hal_rcc.o
LOAD Drivers/STM32H7xx_HAL_Driver/Src/stm32h7xx_hal_rcc_ex.o
LOAD Drivers/STM32H7xx_HAL_Driver/Src/stm32h7xx_hal_tim.o
LOAD Drivers/STM32H7xx_HAL_Driver/Src/stm32h7xx_hal_tim_ex.o
LOAD Src/gpio.o
LOAD Src/main.o
LOAD Src/stepper_control.o
LOAD Src/stm32h7xx_hal_msp.o
LOAD Src/stm32h7xx_it.o
LOAD Src/syscalls.o
LOAD Src/sysmem.o
LOAD Src/system_stm32h7xx.o
LOAD Src/tim.o
LOAD Startup/startup_stm32h743zitx.o
START GROUP
LOAD c:/st/stm32cubeide_1.0.0/stm32cubeide/plugins/com.st.stm32cube.ide.mcu.externaltools.gnu-tools-for-stm32.7-2018-q2-update.win32_1.0.0.201904181610/tools/bin/../lib/gcc/arm-none-eabi/7.3.1/../../../../arm-none-eabi/lib/thumb/v7e-m/fpv5/hard\libc_nano.a
LOAD c:/st/stm32cubeide_1.0.0/stm32cubeide/plugins/com.st.stm32cube.ide.mcu.externaltools.gnu-tools-for-stm32.7-2018-q2-update.win32_1.0.0.201904181610/tools/bin/../lib/gcc/arm-none-eabi/7.3.1/../../../../arm-none-eabi/lib/thumb/v7e-m/fpv5/hard\libm.a
END GROUP
START GROUP
LOAD c:/st/stm32cubeide_1.0.0/stm32cubeide/plugins/com.st.stm32cube.ide.mcu.externaltools.gnu-tools-for-stm32.7-2018-q2-update.win32_1.0.0.201904181610/tools/bin/../lib/gcc/arm-none-eabi/7.3.1/thumb/v7e-m/fpv5/hard\libgcc.a
LOAD c:/st/stm32cubeide_1.0.0/stm32cubeide/plugins/com.st.stm32cube.ide.mcu.externaltools.gnu-tools-for-stm32.7-2018-q2-update.win32_1.0.0.201904181610/tools/bin/../lib/gcc/arm-none-eabi/7.3.1/../../../../arm-none-eabi/lib/thumb/v7e-m/fpv5/hard\libc_nano.a
END GROUP
START GROUP
LOAD c:/st/stm32cubeide_1.0.0/stm32cubeide/plugins/com.st.stm32cube.ide.mcu.externaltools.gnu-tools-for-stm32.7-2018-q2-update.win32_1.0.0.201904181610/tools/bin/../lib/gcc/arm-none-eabi/7.3.1/thumb/v7e-m/fpv5/hard\libgcc.a
LOAD c:/st/stm32cubeide_1.0.0/stm32cubeide/plugins/com.st.stm32cube.ide.mcu.externaltools.gnu-tools-for-stm32.7-2018-q2-update.win32_1.0.0.201904181610/tools/bin/../lib/gcc/arm-none-eabi/7.3.1/../../../../arm-none-eabi/lib/thumb/v7e-m/fpv5/hard\libc_nano.a
LOAD c:/st/stm32cubeide_1.0.0/stm32cubeide/plugins/com.st.stm32cube.ide.mcu.externaltools.gnu-tools-for-stm32.7-2018-q2-update.win32_1.0.0.201904181610/tools/bin/../lib/gcc/arm-none-eabi/7.3.1/../../../../arm-none-eabi/lib/thumb/v7e-m/fpv5/hard\libnosys.a
END GROUP
START GROUP
LOAD c:/st/stm32cubeide_1.0.0/stm32cubeide/plugins/com.st.stm32cube.ide.mcu.externaltools.gnu-tools-for-stm32.7-2018-q2-update.win32_1.0.0.201904181610/tools/bin/../lib/gcc/arm-none-eabi/7.3.1/thumb/v7e-m/fpv5/hard\libgcc.a
LOAD c:/st/stm32cubeide_1.0.0/stm32cubeide/plugins/com.st.stm32cube.ide.mcu.externaltools.gnu-tools-for-stm32.7-2018-q2-update.win32_1.0.0.201904181610/tools/bin/../lib/gcc/arm-none-eabi/7.3.1/../../../../arm-none-eabi/lib/thumb/v7e-m/fpv5/hard\libc_nano.a
LOAD c:/st/stm32cubeide_1.0.0/stm32cubeide/plugins/com.st.stm32cube.ide.mcu.externaltools.gnu-tools-for-stm32.7-2018-q2-update.win32_1.0.0.201904181610/tools/bin/../lib/gcc/arm-none-eabi/7.3.1/../../../../arm-none-eabi/lib/thumb/v7e-m/fpv5/hard\libnosys.a
END GROUP
LOAD c:/st/stm32cubeide_1.0.0/stm32cubeide/plugins/com.st.stm32cube.ide.mcu.externaltools.gnu-tools-for-stm32.7-2018-q2-update.win32_1.0.0.201904181610/tools/bin/../lib/gcc/arm-none-eabi/7.3.1/thumb/v7e-m/fpv5/hard/crtend.o
LOAD c:/st/stm32cubeide_1.0.0/stm32cubeide/plugins/com.st.stm32cube.ide.mcu.externaltools.gnu-tools-for-stm32.7-2018-q2-update.win32_1.0.0.201904181610/tools/bin/../lib/gcc/arm-none-eabi/7.3.1/thumb/v7e-m/fpv5/hard/crtn.o
                0x000000002407ffff                _estack = 0x2407ffff
                0x0000000000000200                _Min_Heap_Size = 0x200
                0x0000000000000400                _Min_Stack_Size = 0x400

.isr_vector     0x0000000008000000      0x298
                0x0000000008000000                . = ALIGN (0x4)
 *(.isr_vector)
 .isr_vector    0x0000000008000000      0x298 Startup/startup_stm32h743zitx.o
                0x0000000008000000                g_pfnVectors
                0x0000000008000298                . = ALIGN (0x4)

.text           0x0000000008000298     0x2e50
                0x0000000008000298                . = ALIGN (0x4)
 *(.text)
 .text          0x0000000008000298       0x40 c:/st/stm32cubeide_1.0.0/stm32cubeide/plugins/com.st.stm32cube.ide.mcu.externaltools.gnu-tools-for-stm32.7-2018-q2-update.win32_1.0.0.201904181610/tools/bin/../lib/gcc/arm-none-eabi/7.3.1/thumb/v7e-m/fpv5/hard/crtbegin.o
 *(.text*)
 .text.HAL_Init
                0x00000000080002d8       0x70 Drivers/STM32H7xx_HAL_Driver/Src/stm32h7xx_hal.o
                0x00000000080002d8                HAL_Init
 .text.HAL_InitTick
                0x0000000008000348       0x6c Drivers/STM32H7xx_HAL_Driver/Src/stm32h7xx_hal.o
                0x0000000008000348                HAL_InitTick
 .text.HAL_IncTick
                0x00000000080003b4       0x28 Drivers/STM32H7xx_HAL_Driver/Src/stm32h7xx_hal.o
                0x00000000080003b4                HAL_IncTick
 .text.HAL_GetTick
                0x00000000080003dc       0x18 Drivers/STM32H7xx_HAL_Driver/Src/stm32h7xx_hal.o
                0x00000000080003dc                HAL_GetTick
 .text.HAL_Delay
                0x00000000080003f4       0x44 Drivers/STM32H7xx_HAL_Driver/Src/stm32h7xx_hal.o
                0x00000000080003f4                HAL_Delay
 .text.HAL_GetREVID
                0x0000000008000438       0x18 Drivers/STM32H7xx_HAL_Driver/Src/stm32h7xx_hal.o
                0x0000000008000438                HAL_GetREVID
 .text.__NVIC_SetPriorityGrouping
                0x0000000008000450       0x48 Drivers/STM32H7xx_HAL_Driver/Src/stm32h7xx_hal_cortex.o
 .text.__NVIC_GetPriorityGrouping
                0x0000000008000498       0x1c Drivers/STM32H7xx_HAL_Driver/Src/stm32h7xx_hal_cortex.o
 .text.__NVIC_EnableIRQ
                0x00000000080004b4       0x3c Drivers/STM32H7xx_HAL_Driver/Src/stm32h7xx_hal_cortex.o
 .text.__NVIC_SetPriority
                0x00000000080004f0       0x54 Drivers/STM32H7xx_HAL_Driver/Src/stm32h7xx_hal_cortex.o
 .text.NVIC_EncodePriority
                0x0000000008000544       0x66 Drivers/STM32H7xx_HAL_Driver/Src/stm32h7xx_hal_cortex.o
 *fill*         0x00000000080005aa        0x2 
 .text.SysTick_Config
                0x00000000080005ac       0x44 Drivers/STM32H7xx_HAL_Driver/Src/stm32h7xx_hal_cortex.o
 .text.HAL_NVIC_SetPriorityGrouping
                0x00000000080005f0       0x16 Drivers/STM32H7xx_HAL_Driver/Src/stm32h7xx_hal_cortex.o
                0x00000000080005f0                HAL_NVIC_SetPriorityGrouping
 .text.HAL_NVIC_SetPriority
                0x0000000008000606       0x34 Drivers/STM32H7xx_HAL_Driver/Src/stm32h7xx_hal_cortex.o
                0x0000000008000606                HAL_NVIC_SetPriority
 .text.HAL_NVIC_EnableIRQ
                0x000000000800063a       0x1c Drivers/STM32H7xx_HAL_Driver/Src/stm32h7xx_hal_cortex.o
                0x000000000800063a                HAL_NVIC_EnableIRQ
 .text.HAL_SYSTICK_Config
                0x0000000008000656       0x18 Drivers/STM32H7xx_HAL_Driver/Src/stm32h7xx_hal_cortex.o
                0x0000000008000656                HAL_SYSTICK_Config
 *fill*         0x000000000800066e        0x2 
 .text.HAL_GPIO_Init
                0x0000000008000670      0x360 Drivers/STM32H7xx_HAL_Driver/Src/stm32h7xx_hal_gpio.o
                0x0000000008000670                HAL_GPIO_Init
 .text.HAL_PWREx_ConfigSupply
                0x00000000080009d0       0x70 Drivers/STM32H7xx_HAL_Driver/Src/stm32h7xx_hal_pwr_ex.o
                0x00000000080009d0                HAL_PWREx_ConfigSupply
 .text.HAL_RCC_OscConfig
                0x0000000008000a40      0x770 Drivers/STM32H7xx_HAL_Driver/Src/stm32h7xx_hal_rcc.o
                0x0000000008000a40                HAL_RCC_OscConfig
 .text.HAL_RCC_ClockConfig
                0x00000000080011b0      0x340 Drivers/STM32H7xx_HAL_Driver/Src/stm32h7xx_hal_rcc.o
                0x00000000080011b0                HAL_RCC_ClockConfig
 .text.HAL_RCC_GetSysClockFreq
                0x00000000080014f0      0x2e4 Drivers/STM32H7xx_HAL_Driver/Src/stm32h7xx_hal_rcc.o
                0x00000000080014f0                HAL_RCC_GetSysClockFreq
 .text.HAL_TIM_Base_Init
                0x00000000080017d4       0x56 Drivers/STM32H7xx_HAL_Driver/Src/stm32h7xx_hal_tim.o
                0x00000000080017d4                HAL_TIM_Base_Init
 *fill*         0x000000000800182a        0x2 
 .text.HAL_TIM_Base_Start_IT
                0x000000000800182c       0x54 Drivers/STM32H7xx_HAL_Driver/Src/stm32h7xx_hal_tim.o
                0x000000000800182c                HAL_TIM_Base_Start_IT
 .text.HAL_TIM_OC_Start_IT
                0x0000000008001880      0x13c Drivers/STM32H7xx_HAL_Driver/Src/stm32h7xx_hal_tim.o
                0x0000000008001880                HAL_TIM_OC_Start_IT
 .text.HAL_TIM_PWM_Init
                0x00000000080019bc       0x56 Drivers/STM32H7xx_HAL_Driver/Src/stm32h7xx_hal_tim.o
                0x00000000080019bc                HAL_TIM_PWM_Init
 .text.HAL_TIM_PWM_MspInit
                0x0000000008001a12       0x14 Drivers/STM32H7xx_HAL_Driver/Src/stm32h7xx_hal_tim.o
                0x0000000008001a12                HAL_TIM_PWM_MspInit
 .text.HAL_TIM_IRQHandler
                0x0000000008001a26      0x23e Drivers/STM32H7xx_HAL_Driver/Src/stm32h7xx_hal_tim.o
                0x0000000008001a26                HAL_TIM_IRQHandler
 .text.HAL_TIM_PWM_ConfigChannel
                0x0000000008001c64      0x230 Drivers/STM32H7xx_HAL_Driver/Src/stm32h7xx_hal_tim.o
                0x0000000008001c64                HAL_TIM_PWM_ConfigChannel
 .text.HAL_TIM_ConfigClockSource
                0x0000000008001e94      0x1a0 Drivers/STM32H7xx_HAL_Driver/Src/stm32h7xx_hal_tim.o
                0x0000000008001e94                HAL_TIM_ConfigClockSource
 .text.HAL_TIM_PeriodElapsedCallback
                0x0000000008002034       0x14 Drivers/STM32H7xx_HAL_Driver/Src/stm32h7xx_hal_tim.o
                0x0000000008002034                HAL_TIM_PeriodElapsedCallback
 .text.HAL_TIM_OC_DelayElapsedCallback
                0x0000000008002048       0x14 Drivers/STM32H7xx_HAL_Driver/Src/stm32h7xx_hal_tim.o
                0x0000000008002048                HAL_TIM_OC_DelayElapsedCallback
 .text.HAL_TIM_IC_CaptureCallback
                0x000000000800205c       0x14 Drivers/STM32H7xx_HAL_Driver/Src/stm32h7xx_hal_tim.o
                0x000000000800205c                HAL_TIM_IC_CaptureCallback
 .text.HAL_TIM_PWM_PulseFinishedCallback
                0x0000000008002070       0x14 Drivers/STM32H7xx_HAL_Driver/Src/stm32h7xx_hal_tim.o
                0x0000000008002070                HAL_TIM_PWM_PulseFinishedCallback
 .text.HAL_TIM_TriggerCallback
                0x0000000008002084       0x14 Drivers/STM32H7xx_HAL_Driver/Src/stm32h7xx_hal_tim.o
                0x0000000008002084                HAL_TIM_TriggerCallback
 .text.TIM_Base_SetConfig
                0x0000000008002098      0x134 Drivers/STM32H7xx_HAL_Driver/Src/stm32h7xx_hal_tim.o
                0x0000000008002098                TIM_Base_SetConfig
 .text.TIM_OC1_SetConfig
                0x00000000080021cc      0x120 Drivers/STM32H7xx_HAL_Driver/Src/stm32h7xx_hal_tim.o
 .text.TIM_OC2_SetConfig
                0x00000000080022ec      0x114 Drivers/STM32H7xx_HAL_Driver/Src/stm32h7xx_hal_tim.o
                0x00000000080022ec                TIM_OC2_SetConfig
 .text.TIM_OC3_SetConfig
                0x0000000008002400      0x10c Drivers/STM32H7xx_HAL_Driver/Src/stm32h7xx_hal_tim.o
 .text.TIM_OC4_SetConfig
                0x000000000800250c       0xd0 Drivers/STM32H7xx_HAL_Driver/Src/stm32h7xx_hal_tim.o
 .text.TIM_OC5_SetConfig
                0x00000000080025dc       0xc4 Drivers/STM32H7xx_HAL_Driver/Src/stm32h7xx_hal_tim.o
 .text.TIM_OC6_SetConfig
                0x00000000080026a0       0xc8 Drivers/STM32H7xx_HAL_Driver/Src/stm32h7xx_hal_tim.o
 .text.TIM_TI1_ConfigInputStage
                0x0000000008002768       0x5e Drivers/STM32H7xx_HAL_Driver/Src/stm32h7xx_hal_tim.o
 .text.TIM_TI2_ConfigInputStage
                0x00000000080027c6       0x60 Drivers/STM32H7xx_HAL_Driver/Src/stm32h7xx_hal_tim.o
 *fill*         0x0000000008002826        0x2 
 .text.TIM_ITRx_SetConfig
                0x0000000008002828       0x3c Drivers/STM32H7xx_HAL_Driver/Src/stm32h7xx_hal_tim.o
 .text.TIM_ETR_SetConfig
                0x0000000008002864       0x40 Drivers/STM32H7xx_HAL_Driver/Src/stm32h7xx_hal_tim.o
                0x0000000008002864                TIM_ETR_SetConfig
 .text.TIM_CCxChannelCmd
                0x00000000080028a4       0x4a Drivers/STM32H7xx_HAL_Driver/Src/stm32h7xx_hal_tim.o
                0x00000000080028a4                TIM_CCxChannelCmd
 *fill*         0x00000000080028ee        0x2 
 .text.HAL_TIMEx_MasterConfigSynchronization
                0x00000000080028f0       0xb8 Drivers/STM32H7xx_HAL_Driver/Src/stm32h7xx_hal_tim_ex.o
                0x00000000080028f0                HAL_TIMEx_MasterConfigSynchronization
 .text.HAL_TIMEx_CommutCallback
                0x00000000080029a8       0x14 Drivers/STM32H7xx_HAL_Driver/Src/stm32h7xx_hal_tim_ex.o
                0x00000000080029a8                HAL_TIMEx_CommutCallback
 .text.HAL_TIMEx_BreakCallback
                0x00000000080029bc       0x14 Drivers/STM32H7xx_HAL_Driver/Src/stm32h7xx_hal_tim_ex.o
                0x00000000080029bc                HAL_TIMEx_BreakCallback
 .text.HAL_TIMEx_Break2Callback
                0x00000000080029d0       0x14 Drivers/STM32H7xx_HAL_Driver/Src/stm32h7xx_hal_tim_ex.o
                0x00000000080029d0                HAL_TIMEx_Break2Callback
 .text.MX_GPIO_Init
                0x00000000080029e4       0x54 Src/gpio.o
                0x00000000080029e4                MX_GPIO_Init
 .text.main     0x0000000008002a38       0x90 Src/main.o
                0x0000000008002a38                main
 .text.SystemClock_Config
                0x0000000008002ac8       0xf8 Src/main.o
                0x0000000008002ac8                SystemClock_Config
 .text.Error_Handler
                0x0000000008002bc0        0xe Src/main.o
                0x0000000008002bc0                Error_Handler
 *fill*         0x0000000008002bce        0x2 
 .text.init_stepper_control
                0x0000000008002bd0       0x34 Src/stepper_control.o
                0x0000000008002bd0                init_stepper_control
 .text.set_speed
                0x0000000008002c04       0x20 Src/stepper_control.o
                0x0000000008002c04                set_speed
 *fill*         0x0000000008002c24        0x4 
 .text.set_feed_steps
                0x0000000008002c28       0xb8 Src/stepper_control.o
                0x0000000008002c28                set_feed_steps
 .text.run      0x0000000008002ce0       0x34 Src/stepper_control.o
                0x0000000008002ce0                run
 .text.HAL_MspInit
                0x0000000008002d14       0x34 Src/stm32h7xx_hal_msp.o
                0x0000000008002d14                HAL_MspInit
 .text.NMI_Handler
                0x0000000008002d48        0xe Src/stm32h7xx_it.o
                0x0000000008002d48                NMI_Handler
 .text.HardFault_Handler
                0x0000000008002d56        0x6 Src/stm32h7xx_it.o
                0x0000000008002d56                HardFault_Handler
 .text.MemManage_Handler
                0x0000000008002d5c        0x6 Src/stm32h7xx_it.o
                0x0000000008002d5c                MemManage_Handler
 .text.BusFault_Handler
                0x0000000008002d62        0x6 Src/stm32h7xx_it.o
                0x0000000008002d62                BusFault_Handler
 .text.UsageFault_Handler
                0x0000000008002d68        0x6 Src/stm32h7xx_it.o
                0x0000000008002d68                UsageFault_Handler
 .text.SVC_Handler
                0x0000000008002d6e        0xe Src/stm32h7xx_it.o
                0x0000000008002d6e                SVC_Handler
 .text.DebugMon_Handler
                0x0000000008002d7c        0xe Src/stm32h7xx_it.o
                0x0000000008002d7c                DebugMon_Handler
 .text.PendSV_Handler
                0x0000000008002d8a        0xe Src/stm32h7xx_it.o
                0x0000000008002d8a                PendSV_Handler
 .text.SysTick_Handler
                0x0000000008002d98        0xc Src/stm32h7xx_it.o
                0x0000000008002d98                SysTick_Handler
 .text.TIM2_IRQHandler
                0x0000000008002da4       0x14 Src/stm32h7xx_it.o
                0x0000000008002da4                TIM2_IRQHandler
 .text.SystemInit
                0x0000000008002db8       0xc4 Src/system_stm32h7xx.o
                0x0000000008002db8                SystemInit
 .text.MX_TIM2_Init
                0x0000000008002e7c       0xec Src/tim.o
                0x0000000008002e7c                MX_TIM2_Init
 .text.HAL_TIM_Base_MspInit
                0x0000000008002f68       0x4c Src/tim.o
                0x0000000008002f68                HAL_TIM_Base_MspInit
 .text.HAL_TIM_MspPostInit
                0x0000000008002fb4       0x70 Src/tim.o
                0x0000000008002fb4                HAL_TIM_MspPostInit
 .text.Reset_Handler
                0x0000000008003024       0x50 Startup/startup_stm32h743zitx.o
                0x0000000008003024                Reset_Handler
 .text.Default_Handler
                0x0000000008003074        0x2 Startup/startup_stm32h743zitx.o
                0x0000000008003074                RTC_Alarm_IRQHandler
                0x0000000008003074                EXTI2_IRQHandler
                0x0000000008003074                TIM8_CC_IRQHandler
                0x0000000008003074                HRTIM1_Master_IRQHandler
                0x0000000008003074                UART8_IRQHandler
                0x0000000008003074                SPI4_IRQHandler
                0x0000000008003074                TIM1_CC_IRQHandler
                0x0000000008003074                BDMA_Channel6_IRQHandler
                0x0000000008003074                DMA2_Stream5_IRQHandler
                0x0000000008003074                HRTIM1_FLT_IRQHandler
                0x0000000008003074                JPEG_IRQHandler
                0x0000000008003074                DMA1_Stream5_IRQHandler
                0x0000000008003074                BDMA_Channel1_IRQHandler
                0x0000000008003074                HRTIM1_TIMD_IRQHandler
                0x0000000008003074                TAMP_STAMP_IRQHandler
                0x0000000008003074                EXTI3_IRQHandler
                0x0000000008003074                LPTIM4_IRQHandler
                0x0000000008003074                TIM8_TRG_COM_TIM14_IRQHandler
                0x0000000008003074                LPTIM2_IRQHandler
                0x0000000008003074                DFSDM1_FLT1_IRQHandler
                0x0000000008003074                DMAMUX2_OVR_IRQHandler
                0x0000000008003074                TIM8_UP_TIM13_IRQHandler
                0x0000000008003074                I2C3_ER_IRQHandler
                0x0000000008003074                DFSDM1_FLT2_IRQHandler
                0x0000000008003074                MDMA_IRQHandler
                0x0000000008003074                LPTIM3_IRQHandler
                0x0000000008003074                HSEM1_IRQHandler
                0x0000000008003074                EXTI0_IRQHandler
                0x0000000008003074                I2C2_EV_IRQHandler
                0x0000000008003074                DMA1_Stream2_IRQHandler
                0x0000000008003074                FPU_IRQHandler
                0x0000000008003074                OTG_HS_WKUP_IRQHandler
                0x0000000008003074                FDCAN1_IT1_IRQHandler
                0x0000000008003074                LTDC_ER_IRQHandler
                0x0000000008003074                DMA2_Stream2_IRQHandler
                0x0000000008003074                HRTIM1_TIME_IRQHandler
                0x0000000008003074                SPI1_IRQHandler
                0x0000000008003074                TIM6_DAC_IRQHandler
                0x0000000008003074                DCMI_IRQHandler
                0x0000000008003074                HRTIM1_TIMC_IRQHandler
                0x0000000008003074                DMA2_Stream3_IRQHandler
                0x0000000008003074                SAI2_IRQHandler
                0x0000000008003074                DFSDM1_FLT3_IRQHandler
                0x0000000008003074                USART6_IRQHandler
                0x0000000008003074                TIM17_IRQHandler
                0x0000000008003074                USART3_IRQHandler
                0x0000000008003074                BDMA_Channel7_IRQHandler
                0x0000000008003074                LPTIM5_IRQHandler
                0x0000000008003074                UART5_IRQHandler
                0x0000000008003074                ADC3_IRQHandler
                0x0000000008003074                DMA2_Stream0_IRQHandler
                0x0000000008003074                TIM4_IRQHandler
                0x0000000008003074                BDMA_Channel2_IRQHandler
                0x0000000008003074                QUADSPI_IRQHandler
                0x0000000008003074                I2C1_EV_IRQHandler
                0x0000000008003074                DMA1_Stream6_IRQHandler
                0x0000000008003074                DMAMUX1_OVR_IRQHandler
                0x0000000008003074                DMA1_Stream1_IRQHandler
                0x0000000008003074                TIM16_IRQHandler
                0x0000000008003074                UART4_IRQHandler
                0x0000000008003074                BDMA_Channel5_IRQHandler
                0x0000000008003074                TIM3_IRQHandler
                0x0000000008003074                RCC_IRQHandler
                0x0000000008003074                TIM8_BRK_TIM12_IRQHandler
                0x0000000008003074                TIM1_TRG_COM_IRQHandler
                0x0000000008003074                Default_Handler
                0x0000000008003074                ECC_IRQHandler
                0x0000000008003074                CEC_IRQHandler
                0x0000000008003074                EXTI15_10_IRQHandler
                0x0000000008003074                BDMA_Channel0_IRQHandler
                0x0000000008003074                ADC_IRQHandler
                0x0000000008003074                DMA1_Stream7_IRQHandler
                0x0000000008003074                HRTIM1_TIMA_IRQHandler
                0x0000000008003074                SPI5_IRQHandler
                0x0000000008003074                TIM7_IRQHandler
                0x0000000008003074                SDMMC1_IRQHandler
                0x0000000008003074                TIM5_IRQHandler
                0x0000000008003074                DMA2_Stream7_IRQHandler
                0x0000000008003074                TIM15_IRQHandler
                0x0000000008003074                PVD_AVD_IRQHandler
                0x0000000008003074                I2C3_EV_IRQHandler
                0x0000000008003074                EXTI9_5_IRQHandler
                0x0000000008003074                RTC_WKUP_IRQHandler
                0x0000000008003074                LTDC_IRQHandler
                0x0000000008003074                SAI3_IRQHandler
                0x0000000008003074                ETH_WKUP_IRQHandler
                0x0000000008003074                SPDIF_RX_IRQHandler
                0x0000000008003074                SPI2_IRQHandler
                0x0000000008003074                OTG_HS_EP1_IN_IRQHandler
                0x0000000008003074                DMA1_Stream0_IRQHandler
                0x0000000008003074                CRS_IRQHandler
                0x0000000008003074                EXTI4_IRQHandler
                0x0000000008003074                RNG_IRQHandler
                0x0000000008003074                HRTIM1_TIMB_IRQHandler
                0x0000000008003074                FDCAN2_IT1_IRQHandler
                0x0000000008003074                ETH_IRQHandler
                0x0000000008003074                TIM1_UP_IRQHandler
                0x0000000008003074                BDMA_Channel4_IRQHandler
                0x0000000008003074                OTG_HS_EP1_OUT_IRQHandler
                0x0000000008003074                WWDG_IRQHandler
                0x0000000008003074                SPI6_IRQHandler
                0x0000000008003074                MDIOS_IRQHandler
                0x0000000008003074                I2C4_EV_IRQHandler
                0x0000000008003074                FDCAN2_IT0_IRQHandler
                0x0000000008003074                LPUART1_IRQHandler
                0x0000000008003074                FDCAN1_IT0_IRQHandler
                0x0000000008003074                OTG_FS_WKUP_IRQHandler
                0x0000000008003074                OTG_HS_IRQHandler
                0x0000000008003074                DMA2D_IRQHandler
                0x0000000008003074                TIM1_BRK_IRQHandler
                0x0000000008003074                EXTI1_IRQHandler
                0x0000000008003074                SDMMC2_IRQHandler
                0x0000000008003074                OTG_FS_EP1_OUT_IRQHandler
                0x0000000008003074                BDMA_Channel3_IRQHandler
                0x0000000008003074                UART7_IRQHandler
                0x0000000008003074                MDIOS_WKUP_IRQHandler
                0x0000000008003074                USART2_IRQHandler
                0x0000000008003074                DFSDM1_FLT0_IRQHandler
                0x0000000008003074                SAI4_IRQHandler
                0x0000000008003074                I2C2_ER_IRQHandler
                0x0000000008003074                DMA2_Stream1_IRQHandler
                0x0000000008003074                FLASH_IRQHandler
                0x0000000008003074                DMA2_Stream4_IRQHandler
                0x0000000008003074                USART1_IRQHandler
                0x0000000008003074                OTG_FS_IRQHandler
                0x0000000008003074                SPI3_IRQHandler
                0x0000000008003074                WAKEUP_PIN_IRQHandler
                0x0000000008003074                DMA1_Stream4_IRQHandler
                0x0000000008003074                OTG_FS_EP1_IN_IRQHandler
                0x0000000008003074                I2C1_ER_IRQHandler
                0x0000000008003074                FMC_IRQHandler
                0x0000000008003074                FDCAN_CAL_IRQHandler
                0x0000000008003074                SWPMI1_IRQHandler
                0x0000000008003074                COMP1_IRQHandler
                0x0000000008003074                LPTIM1_IRQHandler
                0x0000000008003074                I2C4_ER_IRQHandler
                0x0000000008003074                DMA2_Stream6_IRQHandler
                0x0000000008003074                SAI1_IRQHandler
                0x0000000008003074                DMA1_Stream3_IRQHandler
 *fill*         0x0000000008003076        0x2 
 .text.__libc_init_array
                0x0000000008003078       0x48 c:/st/stm32cubeide_1.0.0/stm32cubeide/plugins/com.st.stm32cube.ide.mcu.externaltools.gnu-tools-for-stm32.7-2018-q2-update.win32_1.0.0.201904181610/tools/bin/../lib/gcc/arm-none-eabi/7.3.1/../../../../arm-none-eabi/lib/thumb/v7e-m/fpv5/hard\libc_nano.a(lib_a-init.o)
                0x0000000008003078                __libc_init_array
 .text.memset   0x00000000080030c0       0x10 c:/st/stm32cubeide_1.0.0/stm32cubeide/plugins/com.st.stm32cube.ide.mcu.externaltools.gnu-tools-for-stm32.7-2018-q2-update.win32_1.0.0.201904181610/tools/bin/../lib/gcc/arm-none-eabi/7.3.1/../../../../arm-none-eabi/lib/thumb/v7e-m/fpv5/hard\libc_nano.a(lib_a-memset.o)
                0x00000000080030c0                memset
 *(.glue_7)
 .glue_7        0x00000000080030d0        0x0 linker stubs
 *(.glue_7t)
 .glue_7t       0x00000000080030d0        0x0 linker stubs
 *(.eh_frame)
 .eh_frame      0x00000000080030d0        0x0 c:/st/stm32cubeide_1.0.0/stm32cubeide/plugins/com.st.stm32cube.ide.mcu.externaltools.gnu-tools-for-stm32.7-2018-q2-update.win32_1.0.0.201904181610/tools/bin/../lib/gcc/arm-none-eabi/7.3.1/thumb/v7e-m/fpv5/hard/crtbegin.o
 *(.init)
 .init          0x00000000080030d0        0x4 c:/st/stm32cubeide_1.0.0/stm32cubeide/plugins/com.st.stm32cube.ide.mcu.externaltools.gnu-tools-for-stm32.7-2018-q2-update.win32_1.0.0.201904181610/tools/bin/../lib/gcc/arm-none-eabi/7.3.1/thumb/v7e-m/fpv5/hard/crti.o
                0x00000000080030d0                _init
 .init          0x00000000080030d4        0x8 c:/st/stm32cubeide_1.0.0/stm32cubeide/plugins/com.st.stm32cube.ide.mcu.externaltools.gnu-tools-for-stm32.7-2018-q2-update.win32_1.0.0.201904181610/tools/bin/../lib/gcc/arm-none-eabi/7.3.1/thumb/v7e-m/fpv5/hard/crtn.o
 *(.fini)
 .fini          0x00000000080030dc        0x4 c:/st/stm32cubeide_1.0.0/stm32cubeide/plugins/com.st.stm32cube.ide.mcu.externaltools.gnu-tools-for-stm32.7-2018-q2-update.win32_1.0.0.201904181610/tools/bin/../lib/gcc/arm-none-eabi/7.3.1/thumb/v7e-m/fpv5/hard/crti.o
                0x00000000080030dc                _fini
 .fini          0x00000000080030e0        0x8 c:/st/stm32cubeide_1.0.0/stm32cubeide/plugins/com.st.stm32cube.ide.mcu.externaltools.gnu-tools-for-stm32.7-2018-q2-update.win32_1.0.0.201904181610/tools/bin/../lib/gcc/arm-none-eabi/7.3.1/thumb/v7e-m/fpv5/hard/crtn.o
                0x00000000080030e8                . = ALIGN (0x4)
                0x00000000080030e8                _etext = .

.vfp11_veneer   0x00000000080030e8        0x0
 .vfp11_veneer  0x00000000080030e8        0x0 linker stubs

.v4_bx          0x00000000080030e8        0x0
 .v4_bx         0x00000000080030e8        0x0 linker stubs

.iplt           0x00000000080030e8        0x0
 .iplt          0x00000000080030e8        0x0 c:/st/stm32cubeide_1.0.0/stm32cubeide/plugins/com.st.stm32cube.ide.mcu.externaltools.gnu-tools-for-stm32.7-2018-q2-update.win32_1.0.0.201904181610/tools/bin/../lib/gcc/arm-none-eabi/7.3.1/thumb/v7e-m/fpv5/hard/crtbegin.o

.rodata         0x00000000080030e8       0x10
                0x00000000080030e8                . = ALIGN (0x4)
 *(.rodata)
 *(.rodata*)
 .rodata.D1CorePrescTable
                0x00000000080030e8       0x10 Src/system_stm32h7xx.o
                0x00000000080030e8                D1CorePrescTable
                0x00000000080030f8                . = ALIGN (0x4)

.rel.dyn        0x00000000080030f8        0x0
 .rel.iplt      0x00000000080030f8        0x0 c:/st/stm32cubeide_1.0.0/stm32cubeide/plugins/com.st.stm32cube.ide.mcu.externaltools.gnu-tools-for-stm32.7-2018-q2-update.win32_1.0.0.201904181610/tools/bin/../lib/gcc/arm-none-eabi/7.3.1/thumb/v7e-m/fpv5/hard/crtbegin.o

.ARM.extab      0x00000000080030f8        0x0
                0x00000000080030f8                . = ALIGN (0x4)
 *(.ARM.extab* .gnu.linkonce.armextab.*)
                0x00000000080030f8                . = ALIGN (0x4)

.ARM            0x00000000080030f8        0x0
                0x00000000080030f8                . = ALIGN (0x4)
                0x00000000080030f8                __exidx_start = .
 *(.ARM.exidx*)
                0x00000000080030f8                __exidx_end = .
                0x00000000080030f8                . = ALIGN (0x4)

.preinit_array  0x00000000080030f8        0x0
                0x00000000080030f8                . = ALIGN (0x4)
                0x00000000080030f8                PROVIDE (__preinit_array_start = .)
 *(.preinit_array*)
                0x00000000080030f8                PROVIDE (__preinit_array_end = .)
                0x00000000080030f8                . = ALIGN (0x4)

.init_array     0x00000000080030f8        0x4
                0x00000000080030f8                . = ALIGN (0x4)
                0x00000000080030f8                PROVIDE (__init_array_start = .)
 *(SORT_BY_NAME(.init_array.*))
 *(.init_array*)
 .init_array    0x00000000080030f8        0x4 c:/st/stm32cubeide_1.0.0/stm32cubeide/plugins/com.st.stm32cube.ide.mcu.externaltools.gnu-tools-for-stm32.7-2018-q2-update.win32_1.0.0.201904181610/tools/bin/../lib/gcc/arm-none-eabi/7.3.1/thumb/v7e-m/fpv5/hard/crtbegin.o
                0x00000000080030fc                PROVIDE (__init_array_end = .)
                0x00000000080030fc                . = ALIGN (0x4)

.fini_array     0x00000000080030fc        0x4
                0x00000000080030fc                . = ALIGN (0x4)
                [!provide]                        PROVIDE (__fini_array_start = .)
 *(SORT_BY_NAME(.fini_array.*))
 *(.fini_array*)
 .fini_array    0x00000000080030fc        0x4 c:/st/stm32cubeide_1.0.0/stm32cubeide/plugins/com.st.stm32cube.ide.mcu.externaltools.gnu-tools-for-stm32.7-2018-q2-update.win32_1.0.0.201904181610/tools/bin/../lib/gcc/arm-none-eabi/7.3.1/thumb/v7e-m/fpv5/hard/crtbegin.o
                [!provide]                        PROVIDE (__fini_array_end = .)
                0x0000000008003100                . = ALIGN (0x4)
                0x0000000008003100                _sidata = LOADADDR (.data)

.data           0x0000000024000000       0x10 load address 0x0000000008003100
                0x0000000024000000                . = ALIGN (0x4)
                0x0000000024000000                _sdata = .
 *(.data)
 *(.data*)
 .data.uwTickPrio
                0x0000000024000000        0x4 Drivers/STM32H7xx_HAL_Driver/Src/stm32h7xx_hal.o
 .data.uwTickFreq
                0x0000000024000004        0x1 Drivers/STM32H7xx_HAL_Driver/Src/stm32h7xx_hal.o
 *fill*         0x0000000024000005        0x3 
 .data.SystemCoreClock
                0x0000000024000008        0x4 Src/system_stm32h7xx.o
                0x0000000024000008                SystemCoreClock
 .data.SystemD2Clock
                0x000000002400000c        0x4 Src/system_stm32h7xx.o
                0x000000002400000c                SystemD2Clock
                0x0000000024000010                . = ALIGN (0x4)
                0x0000000024000010                _edata = .

.igot.plt       0x0000000024000010        0x0 load address 0x0000000008003110
 .igot.plt      0x0000000024000010        0x0 c:/st/stm32cubeide_1.0.0/stm32cubeide/plugins/com.st.stm32cube.ide.mcu.externaltools.gnu-tools-for-stm32.7-2018-q2-update.win32_1.0.0.201904181610/tools/bin/../lib/gcc/arm-none-eabi/7.3.1/thumb/v7e-m/fpv5/hard/crtbegin.o
                0x0000000024000010                . = ALIGN (0x4)

.bss            0x0000000024000010       0x84 load address 0x0000000008003110
                0x0000000024000010                _sbss = .
                0x0000000024000010                __bss_start__ = _sbss
 *(.bss)
 .bss           0x0000000024000010       0x1c c:/st/stm32cubeide_1.0.0/stm32cubeide/plugins/com.st.stm32cube.ide.mcu.externaltools.gnu-tools-for-stm32.7-2018-q2-update.win32_1.0.0.201904181610/tools/bin/../lib/gcc/arm-none-eabi/7.3.1/thumb/v7e-m/fpv5/hard/crtbegin.o
 *(.bss*)
 .bss.uwTick    0x000000002400002c        0x4 Drivers/STM32H7xx_HAL_Driver/Src/stm32h7xx_hal.o
 *(COMMON)
 COMMON         0x0000000024000030       0x24 Src/stepper_control.o
                0x0000000024000030                acc
                0x0000000024000034                cur_step
                0x0000000024000038                direction
                0x000000002400003c                acceleration_feed
                0x0000000024000040                feed_step
                0x0000000024000044                cur_speed
                0x0000000024000048                dst_speed
                0x000000002400004c                deceleration_feed
                0x0000000024000050                htim
 COMMON         0x0000000024000054       0x40 Src/tim.o
                0x0000000024000054                htim2
                0x0000000024000094                . = ALIGN (0x4)
                0x0000000024000094                _ebss = .
                0x0000000024000094                __bss_end__ = _ebss

._user_heap_stack
                0x0000000024000094      0x604 load address 0x0000000008003110
                0x0000000024000098                . = ALIGN (0x8)
 *fill*         0x0000000024000094        0x4 
                0x0000000024000098                PROVIDE (end = .)
                [!provide]                        PROVIDE (_end = .)
                0x0000000024000298                . = (. + _Min_Heap_Size)
 *fill*         0x0000000024000098      0x200 
                0x0000000024000698                . = (. + _Min_Stack_Size)
 *fill*         0x0000000024000298      0x400 
                0x0000000024000698                . = ALIGN (0x8)

/DISCARD/
 libc.a(*)
 libm.a(*)
 libgcc.a(*)

.ARM.attributes
                0x0000000000000000       0x2e
 *(.ARM.attributes)
 .ARM.attributes
                0x0000000000000000       0x20 c:/st/stm32cubeide_1.0.0/stm32cubeide/plugins/com.st.stm32cube.ide.mcu.externaltools.gnu-tools-for-stm32.7-2018-q2-update.win32_1.0.0.201904181610/tools/bin/../lib/gcc/arm-none-eabi/7.3.1/thumb/v7e-m/fpv5/hard/crti.o
 .ARM.attributes
                0x0000000000000020       0x32 c:/st/stm32cubeide_1.0.0/stm32cubeide/plugins/com.st.stm32cube.ide.mcu.externaltools.gnu-tools-for-stm32.7-2018-q2-update.win32_1.0.0.201904181610/tools/bin/../lib/gcc/arm-none-eabi/7.3.1/thumb/v7e-m/fpv5/hard/crtbegin.o
 .ARM.attributes
                0x0000000000000052       0x37 Drivers/STM32H7xx_HAL_Driver/Src/stm32h7xx_hal.o
 .ARM.attributes
                0x0000000000000089       0x37 Drivers/STM32H7xx_HAL_Driver/Src/stm32h7xx_hal_cortex.o
 .ARM.attributes
                0x00000000000000c0       0x37 Drivers/STM32H7xx_HAL_Driver/Src/stm32h7xx_hal_gpio.o
 .ARM.attributes
                0x00000000000000f7       0x37 Drivers/STM32H7xx_HAL_Driver/Src/stm32h7xx_hal_pwr_ex.o
 .ARM.attributes
                0x000000000000012e       0x37 Drivers/STM32H7xx_HAL_Driver/Src/stm32h7xx_hal_rcc.o
 .ARM.attributes
                0x0000000000000165       0x37 Drivers/STM32H7xx_HAL_Driver/Src/stm32h7xx_hal_tim.o
 .ARM.attributes
                0x000000000000019c       0x37 Drivers/STM32H7xx_HAL_Driver/Src/stm32h7xx_hal_tim_ex.o
 .ARM.attributes
                0x00000000000001d3       0x37 Src/gpio.o
 .ARM.attributes
                0x000000000000020a       0x37 Src/main.o
 .ARM.attributes
                0x0000000000000241       0x37 Src/stepper_control.o
 .ARM.attributes
                0x0000000000000278       0x37 Src/stm32h7xx_hal_msp.o
 .ARM.attributes
                0x00000000000002af       0x37 Src/stm32h7xx_it.o
 .ARM.attributes
                0x00000000000002e6       0x37 Src/system_stm32h7xx.o
 .ARM.attributes
                0x000000000000031d       0x37 Src/tim.o
 .ARM.attributes
                0x0000000000000354       0x21 Startup/startup_stm32h743zitx.o
 .ARM.attributes
                0x0000000000000375       0x32 c:/st/stm32cubeide_1.0.0/stm32cubeide/plugins/com.st.stm32cube.ide.mcu.externaltools.gnu-tools-for-stm32.7-2018-q2-update.win32_1.0.0.201904181610/tools/bin/../lib/gcc/arm-none-eabi/7.3.1/../../../../arm-none-eabi/lib/thumb/v7e-m/fpv5/hard\libc_nano.a(lib_a-init.o)
 .ARM.attributes
                0x00000000000003a7       0x32 c:/st/stm32cubeide_1.0.0/stm32cubeide/plugins/com.st.stm32cube.ide.mcu.externaltools.gnu-tools-for-stm32.7-2018-q2-update.win32_1.0.0.201904181610/tools/bin/../lib/gcc/arm-none-eabi/7.3.1/../../../../arm-none-eabi/lib/thumb/v7e-m/fpv5/hard\libc_nano.a(lib_a-memset.o)
 .ARM.attributes
                0x00000000000003d9       0x20 c:/st/stm32cubeide_1.0.0/stm32cubeide/plugins/com.st.stm32cube.ide.mcu.externaltools.gnu-tools-for-stm32.7-2018-q2-update.win32_1.0.0.201904181610/tools/bin/../lib/gcc/arm-none-eabi/7.3.1/thumb/v7e-m/fpv5/hard/crtn.o
OUTPUT(Robotic_arm_project_sm_control.elf elf32-littlearm)

.debug_info     0x0000000000000000    0x147cd
 .debug_info    0x0000000000000000     0x1d86 Drivers/STM32H7xx_HAL_Driver/Src/stm32h7xx_hal.o
 .debug_info    0x0000000000001d86     0x1a1f Drivers/STM32H7xx_HAL_Driver/Src/stm32h7xx_hal_cortex.o
 .debug_info    0x00000000000037a5     0x15eb Drivers/STM32H7xx_HAL_Driver/Src/stm32h7xx_hal_gpio.o
 .debug_info    0x0000000000004d90     0x16f1 Drivers/STM32H7xx_HAL_Driver/Src/stm32h7xx_hal_pwr_ex.o
 .debug_info    0x0000000000006481     0x170b Drivers/STM32H7xx_HAL_Driver/Src/stm32h7xx_hal_rcc.o
 .debug_info    0x0000000000007b8c     0x2ff9 Drivers/STM32H7xx_HAL_Driver/Src/stm32h7xx_hal_tim.o
 .debug_info    0x000000000000ab85     0x1cb3 Drivers/STM32H7xx_HAL_Driver/Src/stm32h7xx_hal_tim_ex.o
 .debug_info    0x000000000000c838      0xe1a Src/gpio.o
 .debug_info    0x000000000000d652     0x1493 Src/main.o
 .debug_info    0x000000000000eae5     0x1170 Src/stepper_control.o
 .debug_info    0x000000000000fc55      0xdfe Src/stm32h7xx_hal_msp.o
 .debug_info    0x0000000000010a53     0x108d Src/stm32h7xx_it.o
 .debug_info    0x0000000000011ae0     0x12cd Src/system_stm32h7xx.o
 .debug_info    0x0000000000012dad     0x19fe Src/tim.o
 .debug_info    0x00000000000147ab       0x22 Startup/startup_stm32h743zitx.o

.debug_abbrev   0x0000000000000000     0x2397
 .debug_abbrev  0x0000000000000000      0x2dd Drivers/STM32H7xx_HAL_Driver/Src/stm32h7xx_hal.o
 .debug_abbrev  0x00000000000002dd      0x39a Drivers/STM32H7xx_HAL_Driver/Src/stm32h7xx_hal_cortex.o
 .debug_abbrev  0x0000000000000677      0x28f Drivers/STM32H7xx_HAL_Driver/Src/stm32h7xx_hal_gpio.o
 .debug_abbrev  0x0000000000000906      0x345 Drivers/STM32H7xx_HAL_Driver/Src/stm32h7xx_hal_pwr_ex.o
 .debug_abbrev  0x0000000000000c4b      0x2e2 Drivers/STM32H7xx_HAL_Driver/Src/stm32h7xx_hal_rcc.o
 .debug_abbrev  0x0000000000000f2d      0x2bd Drivers/STM32H7xx_HAL_Driver/Src/stm32h7xx_hal_tim.o
 .debug_abbrev  0x00000000000011ea      0x2ab Drivers/STM32H7xx_HAL_Driver/Src/stm32h7xx_hal_tim_ex.o
 .debug_abbrev  0x0000000000001495      0x1f0 Src/gpio.o
 .debug_abbrev  0x0000000000001685      0x246 Src/main.o
 .debug_abbrev  0x00000000000018cb      0x296 Src/stepper_control.o
 .debug_abbrev  0x0000000000001b61      0x1e5 Src/stm32h7xx_hal_msp.o
 .debug_abbrev  0x0000000000001d46      0x1e7 Src/stm32h7xx_it.o
 .debug_abbrev  0x0000000000001f2d      0x21f Src/system_stm32h7xx.o
 .debug_abbrev  0x000000000000214c      0x239 Src/tim.o
 .debug_abbrev  0x0000000000002385       0x12 Startup/startup_stm32h743zitx.o

.debug_aranges  0x0000000000000000      0xbe0
 .debug_aranges
                0x0000000000000000      0x1a0 Drivers/STM32H7xx_HAL_Driver/Src/stm32h7xx_hal.o
 .debug_aranges
                0x00000000000001a0      0x120 Drivers/STM32H7xx_HAL_Driver/Src/stm32h7xx_hal_cortex.o
 .debug_aranges
                0x00000000000002c0       0x58 Drivers/STM32H7xx_HAL_Driver/Src/stm32h7xx_hal_gpio.o
 .debug_aranges
                0x0000000000000318      0x158 Drivers/STM32H7xx_HAL_Driver/Src/stm32h7xx_hal_pwr_ex.o
 .debug_aranges
                0x0000000000000470       0x88 Drivers/STM32H7xx_HAL_Driver/Src/stm32h7xx_hal_rcc.o
 .debug_aranges
                0x00000000000004f8      0x3c8 Drivers/STM32H7xx_HAL_Driver/Src/stm32h7xx_hal_tim.o
 .debug_aranges
                0x00000000000008c0      0x170 Drivers/STM32H7xx_HAL_Driver/Src/stm32h7xx_hal_tim_ex.o
 .debug_aranges
                0x0000000000000a30       0x20 Src/gpio.o
 .debug_aranges
                0x0000000000000a50       0x30 Src/main.o
 .debug_aranges
                0x0000000000000a80       0x50 Src/stepper_control.o
 .debug_aranges
                0x0000000000000ad0       0x20 Src/stm32h7xx_hal_msp.o
 .debug_aranges
                0x0000000000000af0       0x68 Src/stm32h7xx_it.o
 .debug_aranges
                0x0000000000000b58       0x28 Src/system_stm32h7xx.o
 .debug_aranges
                0x0000000000000b80       0x38 Src/tim.o
 .debug_aranges
                0x0000000000000bb8       0x28 Startup/startup_stm32h743zitx.o

.debug_ranges   0x0000000000000000      0xaf8
 .debug_ranges  0x0000000000000000      0x190 Drivers/STM32H7xx_HAL_Driver/Src/stm32h7xx_hal.o
 .debug_ranges  0x0000000000000190      0x110 Drivers/STM32H7xx_HAL_Driver/Src/stm32h7xx_hal_cortex.o
 .debug_ranges  0x00000000000002a0       0x48 Drivers/STM32H7xx_HAL_Driver/Src/stm32h7xx_hal_gpio.o
 .debug_ranges  0x00000000000002e8      0x148 Drivers/STM32H7xx_HAL_Driver/Src/stm32h7xx_hal_pwr_ex.o
 .debug_ranges  0x0000000000000430       0x78 Drivers/STM32H7xx_HAL_Driver/Src/stm32h7xx_hal_rcc.o
 .debug_ranges  0x00000000000004a8      0x3b8 Drivers/STM32H7xx_HAL_Driver/Src/stm32h7xx_hal_tim.o
 .debug_ranges  0x0000000000000860      0x160 Drivers/STM32H7xx_HAL_Driver/Src/stm32h7xx_hal_tim_ex.o
 .debug_ranges  0x00000000000009c0       0x10 Src/gpio.o
 .debug_ranges  0x00000000000009d0       0x20 Src/main.o
 .debug_ranges  0x00000000000009f0       0x40 Src/stepper_control.o
 .debug_ranges  0x0000000000000a30       0x10 Src/stm32h7xx_hal_msp.o
 .debug_ranges  0x0000000000000a40       0x58 Src/stm32h7xx_it.o
 .debug_ranges  0x0000000000000a98       0x18 Src/system_stm32h7xx.o
 .debug_ranges  0x0000000000000ab0       0x28 Src/tim.o
 .debug_ranges  0x0000000000000ad8       0x20 Startup/startup_stm32h743zitx.o

.debug_macro    0x0000000000000000    0x3451b
 .debug_macro   0x0000000000000000      0x28e Drivers/STM32H7xx_HAL_Driver/Src/stm32h7xx_hal.o
 .debug_macro   0x000000000000028e      0xa66 Drivers/STM32H7xx_HAL_Driver/Src/stm32h7xx_hal.o
 .debug_macro   0x0000000000000cf4      0x1c9 Drivers/STM32H7xx_HAL_Driver/Src/stm32h7xx_hal.o
 .debug_macro   0x0000000000000ebd       0x2e Drivers/STM32H7xx_HAL_Driver/Src/stm32h7xx_hal.o
 .debug_macro   0x0000000000000eeb       0x3b Drivers/STM32H7xx_HAL_Driver/Src/stm32h7xx_hal.o
 .debug_macro   0x0000000000000f26       0x22 Drivers/STM32H7xx_HAL_Driver/Src/stm32h7xx_hal.o
 .debug_macro   0x0000000000000f48       0x8e Drivers/STM32H7xx_HAL_Driver/Src/stm32h7xx_hal.o
 .debug_macro   0x0000000000000fd6       0x51 Drivers/STM32H7xx_HAL_Driver/Src/stm32h7xx_hal.o
 .debug_macro   0x0000000000001027       0xef Drivers/STM32H7xx_HAL_Driver/Src/stm32h7xx_hal.o
 .debug_macro   0x0000000000001116       0x6a Drivers/STM32H7xx_HAL_Driver/Src/stm32h7xx_hal.o
 .debug_macro   0x0000000000001180      0x1df Drivers/STM32H7xx_HAL_Driver/Src/stm32h7xx_hal.o
 .debug_macro   0x000000000000135f       0x22 Drivers/STM32H7xx_HAL_Driver/Src/stm32h7xx_hal.o
 .debug_macro   0x0000000000001381       0xaf Drivers/STM32H7xx_HAL_Driver/Src/stm32h7xx_hal.o
 .debug_macro   0x0000000000001430     0x128e Drivers/STM32H7xx_HAL_Driver/Src/stm32h7xx_hal.o
 .debug_macro   0x00000000000026be    0x250d0 Drivers/STM32H7xx_HAL_Driver/Src/stm32h7xx_hal.o
 .debug_macro   0x000000000002778e       0x43 Drivers/STM32H7xx_HAL_Driver/Src/stm32h7xx_hal.o
 .debug_macro   0x00000000000277d1     0x38c7 Drivers/STM32H7xx_HAL_Driver/Src/stm32h7xx_hal.o
 .debug_macro   0x000000000002b098      0x174 Drivers/STM32H7xx_HAL_Driver/Src/stm32h7xx_hal.o
 .debug_macro   0x000000000002b20c       0x46 Drivers/STM32H7xx_HAL_Driver/Src/stm32h7xx_hal.o
 .debug_macro   0x000000000002b252       0x17 Drivers/STM32H7xx_HAL_Driver/Src/stm32h7xx_hal.o
 .debug_macro   0x000000000002b269       0x3c Drivers/STM32H7xx_HAL_Driver/Src/stm32h7xx_hal.o
 .debug_macro   0x000000000002b2a5       0x34 Drivers/STM32H7xx_HAL_Driver/Src/stm32h7xx_hal.o
 .debug_macro   0x000000000002b2d9       0x52 Drivers/STM32H7xx_HAL_Driver/Src/stm32h7xx_hal.o
 .debug_macro   0x000000000002b32b       0x1f Drivers/STM32H7xx_HAL_Driver/Src/stm32h7xx_hal.o
 .debug_macro   0x000000000002b34a       0x43 Drivers/STM32H7xx_HAL_Driver/Src/stm32h7xx_hal.o
 .debug_macro   0x000000000002b38d       0x20 Drivers/STM32H7xx_HAL_Driver/Src/stm32h7xx_hal.o
 .debug_macro   0x000000000002b3ad      0x1a3 Drivers/STM32H7xx_HAL_Driver/Src/stm32h7xx_hal.o
 .debug_macro   0x000000000002b550      0x330 Drivers/STM32H7xx_HAL_Driver/Src/stm32h7xx_hal.o
 .debug_macro   0x000000000002b880      0x1e1 Drivers/STM32H7xx_HAL_Driver/Src/stm32h7xx_hal.o
 .debug_macro   0x000000000002ba61       0x54 Drivers/STM32H7xx_HAL_Driver/Src/stm32h7xx_hal.o
 .debug_macro   0x000000000002bab5     0x23dd Drivers/STM32H7xx_HAL_Driver/Src/stm32h7xx_hal.o
 .debug_macro   0x000000000002de92      0xf3e Drivers/STM32H7xx_HAL_Driver/Src/stm32h7xx_hal.o
 .debug_macro   0x000000000002edd0      0x146 Drivers/STM32H7xx_HAL_Driver/Src/stm32h7xx_hal.o
 .debug_macro   0x000000000002ef16      0x117 Drivers/STM32H7xx_HAL_Driver/Src/stm32h7xx_hal.o
 .debug_macro   0x000000000002f02d      0x362 Drivers/STM32H7xx_HAL_Driver/Src/stm32h7xx_hal.o
 .debug_macro   0x000000000002f38f       0x27 Drivers/STM32H7xx_HAL_Driver/Src/stm32h7xx_hal.o
 .debug_macro   0x000000000002f3b6      0x72d Drivers/STM32H7xx_HAL_Driver/Src/stm32h7xx_hal.o
 .debug_macro   0x000000000002fae3      0x229 Drivers/STM32H7xx_HAL_Driver/Src/stm32h7xx_hal.o
 .debug_macro   0x000000000002fd0c       0x66 Drivers/STM32H7xx_HAL_Driver/Src/stm32h7xx_hal.o
 .debug_macro   0x000000000002fd72      0x39f Drivers/STM32H7xx_HAL_Driver/Src/stm32h7xx_hal.o
 .debug_macro   0x0000000000030111      0x275 Drivers/STM32H7xx_HAL_Driver/Src/stm32h7xx_hal.o
 .debug_macro   0x0000000000030386      0x3c6 Drivers/STM32H7xx_HAL_Driver/Src/stm32h7xx_hal.o
 .debug_macro   0x000000000003074c      0x41d Drivers/STM32H7xx_HAL_Driver/Src/stm32h7xx_hal.o
 .debug_macro   0x0000000000030b69       0x51 Drivers/STM32H7xx_HAL_Driver/Src/stm32h7xx_hal.o
 .debug_macro   0x0000000000030bba       0x4a Drivers/STM32H7xx_HAL_Driver/Src/stm32h7xx_hal.o
 .debug_macro   0x0000000000030c04      0x22c Drivers/STM32H7xx_HAL_Driver/Src/stm32h7xx_hal.o
 .debug_macro   0x0000000000030e30       0x58 Drivers/STM32H7xx_HAL_Driver/Src/stm32h7xx_hal.o
 .debug_macro   0x0000000000030e88       0xa5 Drivers/STM32H7xx_HAL_Driver/Src/stm32h7xx_hal.o
 .debug_macro   0x0000000000030f2d      0x165 Drivers/STM32H7xx_HAL_Driver/Src/stm32h7xx_hal.o
 .debug_macro   0x0000000000031092      0x246 Drivers/STM32H7xx_HAL_Driver/Src/stm32h7xx_hal.o
 .debug_macro   0x00000000000312d8       0x35 Drivers/STM32H7xx_HAL_Driver/Src/stm32h7xx_hal.o
 .debug_macro   0x000000000003130d      0xa3d Drivers/STM32H7xx_HAL_Driver/Src/stm32h7xx_hal.o
 .debug_macro   0x0000000000031d4a      0x216 Drivers/STM32H7xx_HAL_Driver/Src/stm32h7xx_hal.o
 .debug_macro   0x0000000000031f60      0x57c Drivers/STM32H7xx_HAL_Driver/Src/stm32h7xx_hal.o
 .debug_macro   0x00000000000324dc      0x264 Drivers/STM32H7xx_HAL_Driver/Src/stm32h7xx_hal_cortex.o
 .debug_macro   0x0000000000032740      0x2a0 Drivers/STM32H7xx_HAL_Driver/Src/stm32h7xx_hal_gpio.o
 .debug_macro   0x00000000000329e0      0x294 Drivers/STM32H7xx_HAL_Driver/Src/stm32h7xx_hal_pwr_ex.o
 .debug_macro   0x0000000000032c74      0x288 Drivers/STM32H7xx_HAL_Driver/Src/stm32h7xx_hal_rcc.o
 .debug_macro   0x0000000000032efc      0x265 Drivers/STM32H7xx_HAL_Driver/Src/stm32h7xx_hal_tim.o
 .debug_macro   0x0000000000033161      0x264 Drivers/STM32H7xx_HAL_Driver/Src/stm32h7xx_hal_tim_ex.o
 .debug_macro   0x00000000000333c5      0x278 Src/gpio.o
 .debug_macro   0x000000000003363d      0x294 Src/main.o
 .debug_macro   0x00000000000338d1      0x282 Src/stepper_control.o
 .debug_macro   0x0000000000033b53      0x26e Src/stm32h7xx_hal_msp.o
 .debug_macro   0x0000000000033dc1      0x278 Src/stm32h7xx_it.o
 .debug_macro   0x0000000000034039      0x26a Src/system_stm32h7xx.o
 .debug_macro   0x00000000000342a3      0x278 Src/tim.o

.debug_line     0x0000000000000000     0x9c93
 .debug_line    0x0000000000000000      0xb9b Drivers/STM32H7xx_HAL_Driver/Src/stm32h7xx_hal.o
 .debug_line    0x0000000000000b9b      0xb13 Drivers/STM32H7xx_HAL_Driver/Src/stm32h7xx_hal_cortex.o
 .debug_line    0x00000000000016ae      0x9cd Drivers/STM32H7xx_HAL_Driver/Src/stm32h7xx_hal_gpio.o
 .debug_line    0x000000000000207b      0xb85 Drivers/STM32H7xx_HAL_Driver/Src/stm32h7xx_hal_pwr_ex.o
 .debug_line    0x0000000000002c00      0xb47 Drivers/STM32H7xx_HAL_Driver/Src/stm32h7xx_hal_rcc.o
 .debug_line    0x0000000000003747     0x1c99 Drivers/STM32H7xx_HAL_Driver/Src/stm32h7xx_hal_tim.o
 .debug_line    0x00000000000053e0      0xee1 Drivers/STM32H7xx_HAL_Driver/Src/stm32h7xx_hal_tim_ex.o
 .debug_line    0x00000000000062c1      0x7cd Src/gpio.o
 .debug_line    0x0000000000006a8e      0x87c Src/main.o
 .debug_line    0x000000000000730a      0x87a Src/stepper_control.o
 .debug_line    0x0000000000007b84      0x7d0 Src/stm32h7xx_hal_msp.o
 .debug_line    0x0000000000008354      0x887 Src/stm32h7xx_it.o
 .debug_line    0x0000000000008bdb      0x811 Src/system_stm32h7xx.o
 .debug_line    0x00000000000093ec      0x827 Src/tim.o
 .debug_line    0x0000000000009c13       0x80 Startup/startup_stm32h743zitx.o

.debug_str      0x0000000000000000   0x14ef51
 .debug_str     0x0000000000000000   0x14c095 Drivers/STM32H7xx_HAL_Driver/Src/stm32h7xx_hal.o
                                     0x14c6ea (size before relaxing)
 .debug_str     0x000000000014c095      0x4ba Drivers/STM32H7xx_HAL_Driver/Src/stm32h7xx_hal_cortex.o
                                     0x14c13a (size before relaxing)
 .debug_str     0x000000000014c54f      0x285 Drivers/STM32H7xx_HAL_Driver/Src/stm32h7xx_hal_gpio.o
                                     0x14b8d4 (size before relaxing)
 .debug_str     0x000000000014c7d4      0x6b1 Drivers/STM32H7xx_HAL_Driver/Src/stm32h7xx_hal_pwr_ex.o
                                     0x14bc72 (size before relaxing)
 .debug_str     0x000000000014ce85      0x537 Drivers/STM32H7xx_HAL_Driver/Src/stm32h7xx_hal_rcc.o
                                     0x14bb31 (size before relaxing)
 .debug_str     0x000000000014d3bc     0x1272 Drivers/STM32H7xx_HAL_Driver/Src/stm32h7xx_hal_tim.o
                                     0x14c6d7 (size before relaxing)
 .debug_str     0x000000000014e62e      0x617 Drivers/STM32H7xx_HAL_Driver/Src/stm32h7xx_hal_tim_ex.o
                                     0x14bfc7 (size before relaxing)
 .debug_str     0x000000000014ec45       0x2f Src/gpio.o
                                     0x14b50e (size before relaxing)
 .debug_str     0x000000000014ec74       0x56 Src/main.o
                                     0x14ba94 (size before relaxing)
 .debug_str     0x000000000014ecca       0xca Src/stepper_control.o
                                     0x14b8c4 (size before relaxing)
 .debug_str     0x000000000014ed94       0x1b Src/stm32h7xx_hal_msp.o
                                     0x14b510 (size before relaxing)
 .debug_str     0x000000000014edaf       0xc8 Src/stm32h7xx_it.o
                                     0x14b892 (size before relaxing)
 .debug_str     0x000000000014ee77       0x58 Src/system_stm32h7xx.o
                                     0x14b6ca (size before relaxing)
 .debug_str     0x000000000014eecf       0x51 Src/tim.o
                                     0x14c448 (size before relaxing)
 .debug_str     0x000000000014ef20       0x31 Startup/startup_stm32h743zitx.o
                                         0x82 (size before relaxing)

.comment        0x0000000000000000       0x7b
 .comment       0x0000000000000000       0x7b Drivers/STM32H7xx_HAL_Driver/Src/stm32h7xx_hal.o
                                         0x7c (size before relaxing)
 .comment       0x000000000000007b       0x7c Drivers/STM32H7xx_HAL_Driver/Src/stm32h7xx_hal_cortex.o
 .comment       0x000000000000007b       0x7c Drivers/STM32H7xx_HAL_Driver/Src/stm32h7xx_hal_gpio.o
 .comment       0x000000000000007b       0x7c Drivers/STM32H7xx_HAL_Driver/Src/stm32h7xx_hal_pwr_ex.o
 .comment       0x000000000000007b       0x7c Drivers/STM32H7xx_HAL_Driver/Src/stm32h7xx_hal_rcc.o
 .comment       0x000000000000007b       0x7c Drivers/STM32H7xx_HAL_Driver/Src/stm32h7xx_hal_tim.o
 .comment       0x000000000000007b       0x7c Drivers/STM32H7xx_HAL_Driver/Src/stm32h7xx_hal_tim_ex.o
 .comment       0x000000000000007b       0x7c Src/gpio.o
 .comment       0x000000000000007b       0x7c Src/main.o
 .comment       0x000000000000007b       0x7c Src/stepper_control.o
 .comment       0x000000000000007b       0x7c Src/stm32h7xx_hal_msp.o
 .comment       0x000000000000007b       0x7c Src/stm32h7xx_it.o
 .comment       0x000000000000007b       0x7c Src/system_stm32h7xx.o
 .comment       0x000000000000007b       0x7c Src/tim.o

.debug_frame    0x0000000000000000     0x3060
 .debug_frame   0x0000000000000000      0x6a8 Drivers/STM32H7xx_HAL_Driver/Src/stm32h7xx_hal.o
 .debug_frame   0x00000000000006a8      0x4b8 Drivers/STM32H7xx_HAL_Driver/Src/stm32h7xx_hal_cortex.o
 .debug_frame   0x0000000000000b60      0x14c Drivers/STM32H7xx_HAL_Driver/Src/stm32h7xx_hal_gpio.o
 .debug_frame   0x0000000000000cac      0x580 Drivers/STM32H7xx_HAL_Driver/Src/stm32h7xx_hal_pwr_ex.o
 .debug_frame   0x000000000000122c      0x1ec Drivers/STM32H7xx_HAL_Driver/Src/stm32h7xx_hal_rcc.o
 .debug_frame   0x0000000000001418     0x118c Drivers/STM32H7xx_HAL_Driver/Src/stm32h7xx_hal_tim.o
 .debug_frame   0x00000000000025a4      0x660 Drivers/STM32H7xx_HAL_Driver/Src/stm32h7xx_hal_tim_ex.o
 .debug_frame   0x0000000000002c04       0x38 Src/gpio.o
 .debug_frame   0x0000000000002c3c       0x70 Src/main.o
 .debug_frame   0x0000000000002cac      0x110 Src/stepper_control.o
 .debug_frame   0x0000000000002dbc       0x38 Src/stm32h7xx_hal_msp.o
 .debug_frame   0x0000000000002df4      0x128 Src/stm32h7xx_it.o
 .debug_frame   0x0000000000002f1c       0x58 Src/system_stm32h7xx.o
 .debug_frame   0x0000000000002f74       0xa0 Src/tim.o
 .debug_frame   0x0000000000003014       0x2c c:/st/stm32cubeide_1.0.0/stm32cubeide/plugins/com.st.stm32cube.ide.mcu.externaltools.gnu-tools-for-stm32.7-2018-q2-update.win32_1.0.0.201904181610/tools/bin/../lib/gcc/arm-none-eabi/7.3.1/../../../../arm-none-eabi/lib/thumb/v7e-m/fpv5/hard\libc_nano.a(lib_a-init.o)
 .debug_frame   0x0000000000003040       0x20 c:/st/stm32cubeide_1.0.0/stm32cubeide/plugins/com.st.stm32cube.ide.mcu.externaltools.gnu-tools-for-stm32.7-2018-q2-update.win32_1.0.0.201904181610/tools/bin/../lib/gcc/arm-none-eabi/7.3.1/../../../../arm-none-eabi/lib/thumb/v7e-m/fpv5/hard\libc_nano.a(lib_a-memset.o)
