00:43:28 **** Incremental Build of configuration Debug for project Servo-control_PWM_02 ****
make -j4 all 
arm-none-eabi-gcc "../Src/main.c" -mcpu=cortex-m7 -std=gnu11 -g3 -DUSE_HAL_DRIVER -DSTM32H743xx -DDEBUG -c -I../Inc -I../Drivers/CMSIS/Include -I../Drivers/STM32H7xx_HAL_Driver/Inc/Legacy -I../Drivers/CMSIS/Device/ST/STM32H7xx/Include -I../Drivers/STM32H7xx_HAL_Driver/Inc -O0 -ffunction-sections -fdata-sections -Wall -fstack-usage -MMD -MP -MF"Src/main.d" -MT"Src/main.o" --specs=nano.specs -mfpu=fpv5-d16 -mfloat-abi=hard -mthumb -o "Src/main.o"
arm-none-eabi-gcc -o "Servo-control_PWM_02.elf" @"objects.list"   -mcpu=cortex-m7 -T"C:\Users\ranos\STM32CubeIDE\workspace_1.0.0\Servo-control_PWM_02\STM32H743ZITX_FLASH.ld" --specs=nosys.specs -Wl,-Map="Servo-control_PWM_02.map" -Wl,--gc-sections -static --specs=nano.specs -mfpu=fpv5-d16 -mfloat-abi=hard -mthumb -Wl,--start-group -lc -lm -Wl,--end-group
Finished building target: Servo-control_PWM_02.elf
 
arm-none-eabi-objdump -h -S  Servo-control_PWM_02.elf  > "Servo-control_PWM_02.list"
arm-none-eabi-size   Servo-control_PWM_02.elf 
   text	   data	    bss	    dec	    hex	filename
  34776	    216	   2968	  37960	   9448	Servo-control_PWM_02.elf
Finished building: default.size.stdout
 
Finished building: Servo-control_PWM_02.list
 
00:44:01 **** Incremental Build of configuration Debug for project Servo-control_PWM_02 ****
make -j4 all 
arm-none-eabi-size   Servo-control_PWM_02.elf 
   text	   data	    bss	    dec	    hex	filename
  34776	    216	   2968	  37960	   9448	Servo-control_PWM_02.elf
Finished building: default.size.stdout
 
01:12:36 **** Incremental Build of configuration Debug for project Servo-control_PWM_02 ****
make -j4 all 
arm-none-eabi-gcc "../Src/main.c" -mcpu=cortex-m7 -std=gnu11 -g3 -DUSE_HAL_DRIVER -DSTM32H743xx -DDEBUG -c -I../Inc -I../Drivers/CMSIS/Include -I../Drivers/STM32H7xx_HAL_Driver/Inc/Legacy -I../Drivers/CMSIS/Device/ST/STM32H7xx/Include -I../Drivers/STM32H7xx_HAL_Driver/Inc -O0 -ffunction-sections -fdata-sections -Wall -fstack-usage -MMD -MP -MF"Src/main.d" -MT"Src/main.o" --specs=nano.specs -mfpu=fpv5-d16 -mfloat-abi=hard -mthumb -o "Src/main.o"
arm-none-eabi-gcc -o "Servo-control_PWM_02.elf" @"objects.list"   -mcpu=cortex-m7 -T"C:\Users\ranos\STM32CubeIDE\workspace_1.0.0\Servo-control_PWM_02\STM32H743ZITX_FLASH.ld" --specs=nosys.specs -Wl,-Map="Servo-control_PWM_02.map" -Wl,--gc-sections -static --specs=nano.specs -mfpu=fpv5-d16 -mfloat-abi=hard -mthumb -Wl,--start-group -lc -lm -Wl,--end-group
Finished building target: Servo-control_PWM_02.elf
 
arm-none-eabi-objdump -h -S  Servo-control_PWM_02.elf  > "Servo-control_PWM_02.list"
arm-none-eabi-size   Servo-control_PWM_02.elf 
   text	   data	    bss	    dec	    hex	filename
  34776	    216	   2968	  37960	   9448	Servo-control_PWM_02.elf
Finished building: default.size.stdout
 
Finished building: Servo-control_PWM_02.list
 
01:15:46 **** Incremental Build of configuration Debug for project Servo-control_PWM_02 ****
make -j4 all 
arm-none-eabi-gcc "../Src/main.c" -mcpu=cortex-m7 -std=gnu11 -g3 -DUSE_HAL_DRIVER -DSTM32H743xx -DDEBUG -c -I../Inc -I../Drivers/CMSIS/Include -I../Drivers/STM32H7xx_HAL_Driver/Inc/Legacy -I../Drivers/CMSIS/Device/ST/STM32H7xx/Include -I../Drivers/STM32H7xx_HAL_Driver/Inc -O0 -ffunction-sections -fdata-sections -Wall -fstack-usage -MMD -MP -MF"Src/main.d" -MT"Src/main.o" --specs=nano.specs -mfpu=fpv5-d16 -mfloat-abi=hard -mthumb -o "Src/main.o"
arm-none-eabi-gcc -o "Servo-control_PWM_02.elf" @"objects.list"   -mcpu=cortex-m7 -T"C:\Users\ranos\STM32CubeIDE\workspace_1.0.0\Servo-control_PWM_02\STM32H743ZITX_FLASH.ld" --specs=nosys.specs -Wl,-Map="Servo-control_PWM_02.map" -Wl,--gc-sections -static --specs=nano.specs -mfpu=fpv5-d16 -mfloat-abi=hard -mthumb -Wl,--start-group -lc -lm -Wl,--end-group
Finished building target: Servo-control_PWM_02.elf
 
arm-none-eabi-objdump -h -S  Servo-control_PWM_02.elf  > "Servo-control_PWM_02.list"
arm-none-eabi-size   Servo-control_PWM_02.elf 
   text	   data	    bss	    dec	    hex	filename
  34776	    216	   2968	  37960	   9448	Servo-control_PWM_02.elf
Finished building: default.size.stdout
 
Finished building: Servo-control_PWM_02.list
 
01:24:53 **** Incremental Build of configuration Debug for project Servo-control_PWM_02 ****
make -j4 all 
arm-none-eabi-gcc "../Src/main.c" -mcpu=cortex-m7 -std=gnu11 -g3 -DUSE_HAL_DRIVER -DSTM32H743xx -DDEBUG -c -I../Inc -I../Drivers/CMSIS/Include -I../Drivers/STM32H7xx_HAL_Driver/Inc/Legacy -I../Drivers/CMSIS/Device/ST/STM32H7xx/Include -I../Drivers/STM32H7xx_HAL_Driver/Inc -O0 -ffunction-sections -fdata-sections -Wall -fstack-usage -MMD -MP -MF"Src/main.d" -MT"Src/main.o" --specs=nano.specs -mfpu=fpv5-d16 -mfloat-abi=hard -mthumb -o "Src/main.o"
../Src/main.c: In function 'main':
../Src/main.c:107:4: error: unknown type name 'uint32'; did you mean 'uint32_t'?
    uint32 i=0;
    ^~~~~~
    uint32_t
../Src/main.c:109:14: warning: left shift count >= width of type [-Wshift-count-overflow]
   for(i=100;i<<500;i++)
              ^~
../Src/main.c:109:14: warning: '<<' in boolean context, did you mean '<' ? [-Wint-in-bool-context]
   for(i=100;i<<500;i++)
             ~^~~~~
make: *** [Src/subdir.mk:52: Src/main.o] Error 1
"make -j4 all" terminated with exit code 2. Build might be incomplete.
01:26:00 **** Incremental Build of configuration Debug for project Servo-control_PWM_02 ****
make -j4 all 
arm-none-eabi-gcc "../Src/main.c" -mcpu=cortex-m7 -std=gnu11 -g3 -DUSE_HAL_DRIVER -DSTM32H743xx -DDEBUG -c -I../Inc -I../Drivers/CMSIS/Include -I../Drivers/STM32H7xx_HAL_Driver/Inc/Legacy -I../Drivers/CMSIS/Device/ST/STM32H7xx/Include -I../Drivers/STM32H7xx_HAL_Driver/Inc -O0 -ffunction-sections -fdata-sections -Wall -fstack-usage -MMD -MP -MF"Src/main.d" -MT"Src/main.o" --specs=nano.specs -mfpu=fpv5-d16 -mfloat-abi=hard -mthumb -o "Src/main.o"
../Src/main.c: In function 'main':
../Src/main.c:109:14: warning: left shift count >= width of type [-Wshift-count-overflow]
   for(i=100;i<<500;i++)
              ^~
../Src/main.c:109:14: warning: '<<' in boolean context, did you mean '<' ? [-Wint-in-bool-context]
   for(i=100;i<<500;i++)
             ~^~~~~
arm-none-eabi-gcc -o "Servo-control_PWM_02.elf" @"objects.list"   -mcpu=cortex-m7 -T"C:\Users\ranos\STM32CubeIDE\workspace_1.0.0\Servo-control_PWM_02\STM32H743ZITX_FLASH.ld" --specs=nosys.specs -Wl,-Map="Servo-control_PWM_02.map" -Wl,--gc-sections -static --specs=nano.specs -mfpu=fpv5-d16 -mfloat-abi=hard -mthumb -Wl,--start-group -lc -lm -Wl,--end-group
Finished building target: Servo-control_PWM_02.elf
 
arm-none-eabi-objdump -h -S  Servo-control_PWM_02.elf  > "Servo-control_PWM_02.list"
arm-none-eabi-size   Servo-control_PWM_02.elf 
   text	   data	    bss	    dec	    hex	filename
  34760	    216	   2968	  37944	   9438	Servo-control_PWM_02.elf
Finished building: default.size.stdout
 
Finished building: Servo-control_PWM_02.list
 
01:27:16 **** Incremental Build of configuration Debug for project Servo-control_PWM_02 ****
make -j4 all 
arm-none-eabi-gcc "../Src/main.c" -mcpu=cortex-m7 -std=gnu11 -g3 -DUSE_HAL_DRIVER -DSTM32H743xx -DDEBUG -c -I../Inc -I../Drivers/CMSIS/Include -I../Drivers/STM32H7xx_HAL_Driver/Inc/Legacy -I../Drivers/CMSIS/Device/ST/STM32H7xx/Include -I../Drivers/STM32H7xx_HAL_Driver/Inc -O0 -ffunction-sections -fdata-sections -Wall -fstack-usage -MMD -MP -MF"Src/main.d" -MT"Src/main.o" --specs=nano.specs -mfpu=fpv5-d16 -mfloat-abi=hard -mthumb -o "Src/main.o"
../Src/main.c: In function 'main':
../Src/main.c:109:14: warning: left shift count >= width of type [-Wshift-count-overflow]
   for(i=180;i<<500;i++)
              ^~
../Src/main.c:109:14: warning: '<<' in boolean context, did you mean '<' ? [-Wint-in-bool-context]
   for(i=180;i<<500;i++)
             ~^~~~~
arm-none-eabi-gcc -o "Servo-control_PWM_02.elf" @"objects.list"   -mcpu=cortex-m7 -T"C:\Users\ranos\STM32CubeIDE\workspace_1.0.0\Servo-control_PWM_02\STM32H743ZITX_FLASH.ld" --specs=nosys.specs -Wl,-Map="Servo-control_PWM_02.map" -Wl,--gc-sections -static --specs=nano.specs -mfpu=fpv5-d16 -mfloat-abi=hard -mthumb -Wl,--start-group -lc -lm -Wl,--end-group
Finished building target: Servo-control_PWM_02.elf
 
arm-none-eabi-objdump -h -S  Servo-control_PWM_02.elf  > "Servo-control_PWM_02.list"
arm-none-eabi-size   Servo-control_PWM_02.elf 
   text	   data	    bss	    dec	    hex	filename
  34760	    216	   2968	  37944	   9438	Servo-control_PWM_02.elf
Finished building: default.size.stdout
 
Finished building: Servo-control_PWM_02.list
 
01:31:10 **** Incremental Build of configuration Debug for project Servo-control_PWM_02 ****
make -j4 all 
arm-none-eabi-gcc "../Src/main.c" -mcpu=cortex-m7 -std=gnu11 -g3 -DUSE_HAL_DRIVER -DSTM32H743xx -DDEBUG -c -I../Inc -I../Drivers/CMSIS/Include -I../Drivers/STM32H7xx_HAL_Driver/Inc/Legacy -I../Drivers/CMSIS/Device/ST/STM32H7xx/Include -I../Drivers/STM32H7xx_HAL_Driver/Inc -O0 -ffunction-sections -fdata-sections -Wall -fstack-usage -MMD -MP -MF"Src/main.d" -MT"Src/main.o" --specs=nano.specs -mfpu=fpv5-d16 -mfloat-abi=hard -mthumb -o "Src/main.o"
../Src/main.c: In function 'main':
../Src/main.c:109:3: warning: statement with no effect [-Wunused-value]
   for(i;i<500;i++)
   ^~~
arm-none-eabi-gcc -o "Servo-control_PWM_02.elf" @"objects.list"   -mcpu=cortex-m7 -T"C:\Users\ranos\STM32CubeIDE\workspace_1.0.0\Servo-control_PWM_02\STM32H743ZITX_FLASH.ld" --specs=nosys.specs -Wl,-Map="Servo-control_PWM_02.map" -Wl,--gc-sections -static --specs=nano.specs -mfpu=fpv5-d16 -mfloat-abi=hard -mthumb -Wl,--start-group -lc -lm -Wl,--end-group
Finished building target: Servo-control_PWM_02.elf
 
arm-none-eabi-objdump -h -S  Servo-control_PWM_02.elf  > "Servo-control_PWM_02.list"
arm-none-eabi-size   Servo-control_PWM_02.elf 
   text	   data	    bss	    dec	    hex	filename
  34752	    216	   2968	  37936	   9430	Servo-control_PWM_02.elf
Finished building: default.size.stdout
 
Finished building: Servo-control_PWM_02.list
 
19:22:27 **** Incremental Build of configuration Debug for project Servo-control_PWM_01 ****
make -j4 all 
arm-none-eabi-size   Servo-control_PWM_01.elf 
   text	   data	    bss	    dec	    hex	filename
  32120	     24	   2808	  34952	   8888	Servo-control_PWM_01.elf
Finished building: default.size.stdout
 
19:22:38 **** Incremental Build of configuration Debug for project Servo-control_PWM_02 ****
make -j4 all 
arm-none-eabi-gcc "../Src/main.c" -mcpu=cortex-m7 -std=gnu11 -g3 -DUSE_HAL_DRIVER -DSTM32H743xx -DDEBUG -c -I../Inc -I../Drivers/CMSIS/Include -I../Drivers/STM32H7xx_HAL_Driver/Inc/Legacy -I../Drivers/CMSIS/Device/ST/STM32H7xx/Include -I../Drivers/STM32H7xx_HAL_Driver/Inc -O0 -ffunction-sections -fdata-sections -Wall -fstack-usage -MMD -MP -MF"Src/main.d" -MT"Src/main.o" --specs=nano.specs -mfpu=fpv5-d16 -mfloat-abi=hard -mthumb -o "Src/main.o"
arm-none-eabi-gcc -o "Servo-control_PWM_02.elf" @"objects.list"   -mcpu=cortex-m7 -T"C:\Users\ranos\STM32CubeIDE\workspace_1.0.0\Servo-control_PWM_02\STM32H743ZITX_FLASH.ld" --specs=nosys.specs -Wl,-Map="Servo-control_PWM_02.map" -Wl,--gc-sections -static --specs=nano.specs -mfpu=fpv5-d16 -mfloat-abi=hard -mthumb -Wl,--start-group -lc -lm -Wl,--end-group
Finished building target: Servo-control_PWM_02.elf
 
arm-none-eabi-objdump -h -S  Servo-control_PWM_02.elf  > "Servo-control_PWM_02.list"
arm-none-eabi-size   Servo-control_PWM_02.elf 
   text	   data	    bss	    dec	    hex	filename
  34756	    216	   2968	  37940	   9434	Servo-control_PWM_02.elf
Finished building: default.size.stdout
 
Finished building: Servo-control_PWM_02.list
 
19:32:23 **** Incremental Build of configuration Debug for project Servo-control_PWM_02 ****
make -j4 all 
arm-none-eabi-gcc "../Src/main.c" -mcpu=cortex-m7 -std=gnu11 -g3 -DUSE_HAL_DRIVER -DSTM32H743xx -DDEBUG -c -I../Inc -I../Drivers/CMSIS/Include -I../Drivers/STM32H7xx_HAL_Driver/Inc/Legacy -I../Drivers/CMSIS/Device/ST/STM32H7xx/Include -I../Drivers/STM32H7xx_HAL_Driver/Inc -O0 -ffunction-sections -fdata-sections -Wall -fstack-usage -MMD -MP -MF"Src/main.d" -MT"Src/main.o" --specs=nano.specs -mfpu=fpv5-d16 -mfloat-abi=hard -mthumb -o "Src/main.o"
arm-none-eabi-gcc -o "Servo-control_PWM_02.elf" @"objects.list"   -mcpu=cortex-m7 -T"C:\Users\ranos\STM32CubeIDE\workspace_1.0.0\Servo-control_PWM_02\STM32H743ZITX_FLASH.ld" --specs=nosys.specs -Wl,-Map="Servo-control_PWM_02.map" -Wl,--gc-sections -static --specs=nano.specs -mfpu=fpv5-d16 -mfloat-abi=hard -mthumb -Wl,--start-group -lc -lm -Wl,--end-group
Finished building target: Servo-control_PWM_02.elf
 
arm-none-eabi-objdump -h -S  Servo-control_PWM_02.elf  > "Servo-control_PWM_02.list"
arm-none-eabi-size   Servo-control_PWM_02.elf 
   text	   data	    bss	    dec	    hex	filename
  34756	    216	   2968	  37940	   9434	Servo-control_PWM_02.elf
Finished building: default.size.stdout
 
Finished building: Servo-control_PWM_02.list
 
15:32:13 **** Build of configuration Debug for project Robotic_arm_project_sm_control ****
make -j4 all 
arm-none-eabi-gcc -mcpu=cortex-m7 -g3 -c -x assembler-with-cpp --specs=nano.specs -mfpu=fpv5-d16 -mfloat-abi=hard -mthumb -o "Startup/startup_stm32h743zitx.o" "../Startup/startup_stm32h743zitx.s"
arm-none-eabi-gcc "../Src/gpio.c" -mcpu=cortex-m7 -std=gnu11 -g3 -DUSE_HAL_DRIVER -DSTM32H743xx -DDEBUG -c -I../Inc -I../Drivers/CMSIS/Include -I../Drivers/STM32H7xx_HAL_Driver/Inc/Legacy -I../Drivers/CMSIS/Device/ST/STM32H7xx/Include -I../Drivers/STM32H7xx_HAL_Driver/Inc -O0 -ffunction-sections -fdata-sections -Wall -fstack-usage -MMD -MP -MF"Src/gpio.d" -MT"Src/gpio.o" --specs=nano.specs -mfpu=fpv5-d16 -mfloat-abi=hard -mthumb -o "Src/gpio.o"
arm-none-eabi-gcc "../Src/main.c" -mcpu=cortex-m7 -std=gnu11 -g3 -DUSE_HAL_DRIVER -DSTM32H743xx -DDEBUG -c -I../Inc -I../Drivers/CMSIS/Include -I../Drivers/STM32H7xx_HAL_Driver/Inc/Legacy -I../Drivers/CMSIS/Device/ST/STM32H7xx/Include -I../Drivers/STM32H7xx_HAL_Driver/Inc -O0 -ffunction-sections -fdata-sections -Wall -fstack-usage -MMD -MP -MF"Src/main.d" -MT"Src/main.o" --specs=nano.specs -mfpu=fpv5-d16 -mfloat-abi=hard -mthumb -o "Src/main.o"
arm-none-eabi-gcc "../Src/stepper_control.c" -mcpu=cortex-m7 -std=gnu11 -g3 -DUSE_HAL_DRIVER -DSTM32H743xx -DDEBUG -c -I../Inc -I../Drivers/CMSIS/Include -I../Drivers/STM32H7xx_HAL_Driver/Inc/Legacy -I../Drivers/CMSIS/Device/ST/STM32H7xx/Include -I../Drivers/STM32H7xx_HAL_Driver/Inc -O0 -ffunction-sections -fdata-sections -Wall -fstack-usage -MMD -MP -MF"Src/stepper_control.d" -MT"Src/stepper_control.o" --specs=nano.specs -mfpu=fpv5-d16 -mfloat-abi=hard -mthumb -o "Src/stepper_control.o"
arm-none-eabi-gcc "../Src/stm32h7xx_hal_msp.c" -mcpu=cortex-m7 -std=gnu11 -g3 -DUSE_HAL_DRIVER -DSTM32H743xx -DDEBUG -c -I../Inc -I../Drivers/CMSIS/Include -I../Drivers/STM32H7xx_HAL_Driver/Inc/Legacy -I../Drivers/CMSIS/Device/ST/STM32H7xx/Include -I../Drivers/STM32H7xx_HAL_Driver/Inc -O0 -ffunction-sections -fdata-sections -Wall -fstack-usage -MMD -MP -MF"Src/stm32h7xx_hal_msp.d" -MT"Src/stm32h7xx_hal_msp.o" --specs=nano.specs -mfpu=fpv5-d16 -mfloat-abi=hard -mthumb -o "Src/stm32h7xx_hal_msp.o"
../Src/main.c: In function 'main':
../Src/main.c:89:3: warning: implicit declaration of function 'init_stepper_control'; did you mean 'init_step_motor'? [-Wimplicit-function-declaration]
   init_stepper_control(&htim2);
   ^~~~~~~~~~~~~~~~~~~~
   init_step_motor
arm-none-eabi-gcc "../Src/stm32h7xx_it.c" -mcpu=cortex-m7 -std=gnu11 -g3 -DUSE_HAL_DRIVER -DSTM32H743xx -DDEBUG -c -I../Inc -I../Drivers/CMSIS/Include -I../Drivers/STM32H7xx_HAL_Driver/Inc/Legacy -I../Drivers/CMSIS/Device/ST/STM32H7xx/Include -I../Drivers/STM32H7xx_HAL_Driver/Inc -O0 -ffunction-sections -fdata-sections -Wall -fstack-usage -MMD -MP -MF"Src/stm32h7xx_it.d" -MT"Src/stm32h7xx_it.o" --specs=nano.specs -mfpu=fpv5-d16 -mfloat-abi=hard -mthumb -o "Src/stm32h7xx_it.o"
arm-none-eabi-gcc "../Src/syscalls.c" -mcpu=cortex-m7 -std=gnu11 -g3 -DUSE_HAL_DRIVER -DSTM32H743xx -DDEBUG -c -I../Inc -I../Drivers/CMSIS/Include -I../Drivers/STM32H7xx_HAL_Driver/Inc/Legacy -I../Drivers/CMSIS/Device/ST/STM32H7xx/Include -I../Drivers/STM32H7xx_HAL_Driver/Inc -O0 -ffunction-sections -fdata-sections -Wall -fstack-usage -MMD -MP -MF"Src/syscalls.d" -MT"Src/syscalls.o" --specs=nano.specs -mfpu=fpv5-d16 -mfloat-abi=hard -mthumb -o "Src/syscalls.o"
arm-none-eabi-gcc "../Src/sysmem.c" -mcpu=cortex-m7 -std=gnu11 -g3 -DUSE_HAL_DRIVER -DSTM32H743xx -DDEBUG -c -I../Inc -I../Drivers/CMSIS/Include -I../Drivers/STM32H7xx_HAL_Driver/Inc/Legacy -I../Drivers/CMSIS/Device/ST/STM32H7xx/Include -I../Drivers/STM32H7xx_HAL_Driver/Inc -O0 -ffunction-sections -fdata-sections -Wall -fstack-usage -MMD -MP -MF"Src/sysmem.d" -MT"Src/sysmem.o" --specs=nano.specs -mfpu=fpv5-d16 -mfloat-abi=hard -mthumb -o "Src/sysmem.o"
arm-none-eabi-gcc "../Src/system_stm32h7xx.c" -mcpu=cortex-m7 -std=gnu11 -g3 -DUSE_HAL_DRIVER -DSTM32H743xx -DDEBUG -c -I../Inc -I../Drivers/CMSIS/Include -I../Drivers/STM32H7xx_HAL_Driver/Inc/Legacy -I../Drivers/CMSIS/Device/ST/STM32H7xx/Include -I../Drivers/STM32H7xx_HAL_Driver/Inc -O0 -ffunction-sections -fdata-sections -Wall -fstack-usage -MMD -MP -MF"Src/system_stm32h7xx.d" -MT"Src/system_stm32h7xx.o" --specs=nano.specs -mfpu=fpv5-d16 -mfloat-abi=hard -mthumb -o "Src/system_stm32h7xx.o"
arm-none-eabi-gcc "../Src/tim.c" -mcpu=cortex-m7 -std=gnu11 -g3 -DUSE_HAL_DRIVER -DSTM32H743xx -DDEBUG -c -I../Inc -I../Drivers/CMSIS/Include -I../Drivers/STM32H7xx_HAL_Driver/Inc/Legacy -I../Drivers/CMSIS/Device/ST/STM32H7xx/Include -I../Drivers/STM32H7xx_HAL_Driver/Inc -O0 -ffunction-sections -fdata-sections -Wall -fstack-usage -MMD -MP -MF"Src/tim.d" -MT"Src/tim.o" --specs=nano.specs -mfpu=fpv5-d16 -mfloat-abi=hard -mthumb -o "Src/tim.o"
arm-none-eabi-gcc "../Drivers/STM32H7xx_HAL_Driver/Src/stm32h7xx_hal.c" -mcpu=cortex-m7 -std=gnu11 -g3 -DUSE_HAL_DRIVER -DSTM32H743xx -DDEBUG -c -I../Inc -I../Drivers/CMSIS/Include -I../Drivers/STM32H7xx_HAL_Driver/Inc/Legacy -I../Drivers/CMSIS/Device/ST/STM32H7xx/Include -I../Drivers/STM32H7xx_HAL_Driver/Inc -O0 -ffunction-sections -fdata-sections -Wall -fstack-usage -MMD -MP -MF"Drivers/STM32H7xx_HAL_Driver/Src/stm32h7xx_hal.d" -MT"Drivers/STM32H7xx_HAL_Driver/Src/stm32h7xx_hal.o" --specs=nano.specs -mfpu=fpv5-d16 -mfloat-abi=hard -mthumb -o "Drivers/STM32H7xx_HAL_Driver/Src/stm32h7xx_hal.o"
arm-none-eabi-gcc "../Drivers/STM32H7xx_HAL_Driver/Src/stm32h7xx_hal_cortex.c" -mcpu=cortex-m7 -std=gnu11 -g3 -DUSE_HAL_DRIVER -DSTM32H743xx -DDEBUG -c -I../Inc -I../Drivers/CMSIS/Include -I../Drivers/STM32H7xx_HAL_Driver/Inc/Legacy -I../Drivers/CMSIS/Device/ST/STM32H7xx/Include -I../Drivers/STM32H7xx_HAL_Driver/Inc -O0 -ffunction-sections -fdata-sections -Wall -fstack-usage -MMD -MP -MF"Drivers/STM32H7xx_HAL_Driver/Src/stm32h7xx_hal_cortex.d" -MT"Drivers/STM32H7xx_HAL_Driver/Src/stm32h7xx_hal_cortex.o" --specs=nano.specs -mfpu=fpv5-d16 -mfloat-abi=hard -mthumb -o "Drivers/STM32H7xx_HAL_Driver/Src/stm32h7xx_hal_cortex.o"
arm-none-eabi-gcc "../Drivers/STM32H7xx_HAL_Driver/Src/stm32h7xx_hal_dma.c" -mcpu=cortex-m7 -std=gnu11 -g3 -DUSE_HAL_DRIVER -DSTM32H743xx -DDEBUG -c -I../Inc -I../Drivers/CMSIS/Include -I../Drivers/STM32H7xx_HAL_Driver/Inc/Legacy -I../Drivers/CMSIS/Device/ST/STM32H7xx/Include -I../Drivers/STM32H7xx_HAL_Driver/Inc -O0 -ffunction-sections -fdata-sections -Wall -fstack-usage -MMD -MP -MF"Drivers/STM32H7xx_HAL_Driver/Src/stm32h7xx_hal_dma.d" -MT"Drivers/STM32H7xx_HAL_Driver/Src/stm32h7xx_hal_dma.o" --specs=nano.specs -mfpu=fpv5-d16 -mfloat-abi=hard -mthumb -o "Drivers/STM32H7xx_HAL_Driver/Src/stm32h7xx_hal_dma.o"
arm-none-eabi-gcc "../Drivers/STM32H7xx_HAL_Driver/Src/stm32h7xx_hal_dma_ex.c" -mcpu=cortex-m7 -std=gnu11 -g3 -DUSE_HAL_DRIVER -DSTM32H743xx -DDEBUG -c -I../Inc -I../Drivers/CMSIS/Include -I../Drivers/STM32H7xx_HAL_Driver/Inc/Legacy -I../Drivers/CMSIS/Device/ST/STM32H7xx/Include -I../Drivers/STM32H7xx_HAL_Driver/Inc -O0 -ffunction-sections -fdata-sections -Wall -fstack-usage -MMD -MP -MF"Drivers/STM32H7xx_HAL_Driver/Src/stm32h7xx_hal_dma_ex.d" -MT"Drivers/STM32H7xx_HAL_Driver/Src/stm32h7xx_hal_dma_ex.o" --specs=nano.specs -mfpu=fpv5-d16 -mfloat-abi=hard -mthumb -o "Drivers/STM32H7xx_HAL_Driver/Src/stm32h7xx_hal_dma_ex.o"
arm-none-eabi-gcc "../Drivers/STM32H7xx_HAL_Driver/Src/stm32h7xx_hal_flash.c" -mcpu=cortex-m7 -std=gnu11 -g3 -DUSE_HAL_DRIVER -DSTM32H743xx -DDEBUG -c -I../Inc -I../Drivers/CMSIS/Include -I../Drivers/STM32H7xx_HAL_Driver/Inc/Legacy -I../Drivers/CMSIS/Device/ST/STM32H7xx/Include -I../Drivers/STM32H7xx_HAL_Driver/Inc -O0 -ffunction-sections -fdata-sections -Wall -fstack-usage -MMD -MP -MF"Drivers/STM32H7xx_HAL_Driver/Src/stm32h7xx_hal_flash.d" -MT"Drivers/STM32H7xx_HAL_Driver/Src/stm32h7xx_hal_flash.o" --specs=nano.specs -mfpu=fpv5-d16 -mfloat-abi=hard -mthumb -o "Drivers/STM32H7xx_HAL_Driver/Src/stm32h7xx_hal_flash.o"
arm-none-eabi-gcc "../Drivers/STM32H7xx_HAL_Driver/Src/stm32h7xx_hal_flash_ex.c" -mcpu=cortex-m7 -std=gnu11 -g3 -DUSE_HAL_DRIVER -DSTM32H743xx -DDEBUG -c -I../Inc -I../Drivers/CMSIS/Include -I../Drivers/STM32H7xx_HAL_Driver/Inc/Legacy -I../Drivers/CMSIS/Device/ST/STM32H7xx/Include -I../Drivers/STM32H7xx_HAL_Driver/Inc -O0 -ffunction-sections -fdata-sections -Wall -fstack-usage -MMD -MP -MF"Drivers/STM32H7xx_HAL_Driver/Src/stm32h7xx_hal_flash_ex.d" -MT"Drivers/STM32H7xx_HAL_Driver/Src/stm32h7xx_hal_flash_ex.o" --specs=nano.specs -mfpu=fpv5-d16 -mfloat-abi=hard -mthumb -o "Drivers/STM32H7xx_HAL_Driver/Src/stm32h7xx_hal_flash_ex.o"
arm-none-eabi-gcc "../Drivers/STM32H7xx_HAL_Driver/Src/stm32h7xx_hal_gpio.c" -mcpu=cortex-m7 -std=gnu11 -g3 -DUSE_HAL_DRIVER -DSTM32H743xx -DDEBUG -c -I../Inc -I../Drivers/CMSIS/Include -I../Drivers/STM32H7xx_HAL_Driver/Inc/Legacy -I../Drivers/CMSIS/Device/ST/STM32H7xx/Include -I../Drivers/STM32H7xx_HAL_Driver/Inc -O0 -ffunction-sections -fdata-sections -Wall -fstack-usage -MMD -MP -MF"Drivers/STM32H7xx_HAL_Driver/Src/stm32h7xx_hal_gpio.d" -MT"Drivers/STM32H7xx_HAL_Driver/Src/stm32h7xx_hal_gpio.o" --specs=nano.specs -mfpu=fpv5-d16 -mfloat-abi=hard -mthumb -o "Drivers/STM32H7xx_HAL_Driver/Src/stm32h7xx_hal_gpio.o"
arm-none-eabi-gcc "../Drivers/STM32H7xx_HAL_Driver/Src/stm32h7xx_hal_hsem.c" -mcpu=cortex-m7 -std=gnu11 -g3 -DUSE_HAL_DRIVER -DSTM32H743xx -DDEBUG -c -I../Inc -I../Drivers/CMSIS/Include -I../Drivers/STM32H7xx_HAL_Driver/Inc/Legacy -I../Drivers/CMSIS/Device/ST/STM32H7xx/Include -I../Drivers/STM32H7xx_HAL_Driver/Inc -O0 -ffunction-sections -fdata-sections -Wall -fstack-usage -MMD -MP -MF"Drivers/STM32H7xx_HAL_Driver/Src/stm32h7xx_hal_hsem.d" -MT"Drivers/STM32H7xx_HAL_Driver/Src/stm32h7xx_hal_hsem.o" --specs=nano.specs -mfpu=fpv5-d16 -mfloat-abi=hard -mthumb -o "Drivers/STM32H7xx_HAL_Driver/Src/stm32h7xx_hal_hsem.o"
arm-none-eabi-gcc "../Drivers/STM32H7xx_HAL_Driver/Src/stm32h7xx_hal_i2c.c" -mcpu=cortex-m7 -std=gnu11 -g3 -DUSE_HAL_DRIVER -DSTM32H743xx -DDEBUG -c -I../Inc -I../Drivers/CMSIS/Include -I../Drivers/STM32H7xx_HAL_Driver/Inc/Legacy -I../Drivers/CMSIS/Device/ST/STM32H7xx/Include -I../Drivers/STM32H7xx_HAL_Driver/Inc -O0 -ffunction-sections -fdata-sections -Wall -fstack-usage -MMD -MP -MF"Drivers/STM32H7xx_HAL_Driver/Src/stm32h7xx_hal_i2c.d" -MT"Drivers/STM32H7xx_HAL_Driver/Src/stm32h7xx_hal_i2c.o" --specs=nano.specs -mfpu=fpv5-d16 -mfloat-abi=hard -mthumb -o "Drivers/STM32H7xx_HAL_Driver/Src/stm32h7xx_hal_i2c.o"
arm-none-eabi-gcc "../Drivers/STM32H7xx_HAL_Driver/Src/stm32h7xx_hal_i2c_ex.c" -mcpu=cortex-m7 -std=gnu11 -g3 -DUSE_HAL_DRIVER -DSTM32H743xx -DDEBUG -c -I../Inc -I../Drivers/CMSIS/Include -I../Drivers/STM32H7xx_HAL_Driver/Inc/Legacy -I../Drivers/CMSIS/Device/ST/STM32H7xx/Include -I../Drivers/STM32H7xx_HAL_Driver/Inc -O0 -ffunction-sections -fdata-sections -Wall -fstack-usage -MMD -MP -MF"Drivers/STM32H7xx_HAL_Driver/Src/stm32h7xx_hal_i2c_ex.d" -MT"Drivers/STM32H7xx_HAL_Driver/Src/stm32h7xx_hal_i2c_ex.o" --specs=nano.specs -mfpu=fpv5-d16 -mfloat-abi=hard -mthumb -o "Drivers/STM32H7xx_HAL_Driver/Src/stm32h7xx_hal_i2c_ex.o"
arm-none-eabi-gcc "../Drivers/STM32H7xx_HAL_Driver/Src/stm32h7xx_hal_mdma.c" -mcpu=cortex-m7 -std=gnu11 -g3 -DUSE_HAL_DRIVER -DSTM32H743xx -DDEBUG -c -I../Inc -I../Drivers/CMSIS/Include -I../Drivers/STM32H7xx_HAL_Driver/Inc/Legacy -I../Drivers/CMSIS/Device/ST/STM32H7xx/Include -I../Drivers/STM32H7xx_HAL_Driver/Inc -O0 -ffunction-sections -fdata-sections -Wall -fstack-usage -MMD -MP -MF"Drivers/STM32H7xx_HAL_Driver/Src/stm32h7xx_hal_mdma.d" -MT"Drivers/STM32H7xx_HAL_Driver/Src/stm32h7xx_hal_mdma.o" --specs=nano.specs -mfpu=fpv5-d16 -mfloat-abi=hard -mthumb -o "Drivers/STM32H7xx_HAL_Driver/Src/stm32h7xx_hal_mdma.o"
arm-none-eabi-gcc "../Drivers/STM32H7xx_HAL_Driver/Src/stm32h7xx_hal_pwr.c" -mcpu=cortex-m7 -std=gnu11 -g3 -DUSE_HAL_DRIVER -DSTM32H743xx -DDEBUG -c -I../Inc -I../Drivers/CMSIS/Include -I../Drivers/STM32H7xx_HAL_Driver/Inc/Legacy -I../Drivers/CMSIS/Device/ST/STM32H7xx/Include -I../Drivers/STM32H7xx_HAL_Driver/Inc -O0 -ffunction-sections -fdata-sections -Wall -fstack-usage -MMD -MP -MF"Drivers/STM32H7xx_HAL_Driver/Src/stm32h7xx_hal_pwr.d" -MT"Drivers/STM32H7xx_HAL_Driver/Src/stm32h7xx_hal_pwr.o" --specs=nano.specs -mfpu=fpv5-d16 -mfloat-abi=hard -mthumb -o "Drivers/STM32H7xx_HAL_Driver/Src/stm32h7xx_hal_pwr.o"
arm-none-eabi-gcc "../Drivers/STM32H7xx_HAL_Driver/Src/stm32h7xx_hal_pwr_ex.c" -mcpu=cortex-m7 -std=gnu11 -g3 -DUSE_HAL_DRIVER -DSTM32H743xx -DDEBUG -c -I../Inc -I../Drivers/CMSIS/Include -I../Drivers/STM32H7xx_HAL_Driver/Inc/Legacy -I../Drivers/CMSIS/Device/ST/STM32H7xx/Include -I../Drivers/STM32H7xx_HAL_Driver/Inc -O0 -ffunction-sections -fdata-sections -Wall -fstack-usage -MMD -MP -MF"Drivers/STM32H7xx_HAL_Driver/Src/stm32h7xx_hal_pwr_ex.d" -MT"Drivers/STM32H7xx_HAL_Driver/Src/stm32h7xx_hal_pwr_ex.o" --specs=nano.specs -mfpu=fpv5-d16 -mfloat-abi=hard -mthumb -o "Drivers/STM32H7xx_HAL_Driver/Src/stm32h7xx_hal_pwr_ex.o"
arm-none-eabi-gcc "../Drivers/STM32H7xx_HAL_Driver/Src/stm32h7xx_hal_rcc.c" -mcpu=cortex-m7 -std=gnu11 -g3 -DUSE_HAL_DRIVER -DSTM32H743xx -DDEBUG -c -I../Inc -I../Drivers/CMSIS/Include -I../Drivers/STM32H7xx_HAL_Driver/Inc/Legacy -I../Drivers/CMSIS/Device/ST/STM32H7xx/Include -I../Drivers/STM32H7xx_HAL_Driver/Inc -O0 -ffunction-sections -fdata-sections -Wall -fstack-usage -MMD -MP -MF"Drivers/STM32H7xx_HAL_Driver/Src/stm32h7xx_hal_rcc.d" -MT"Drivers/STM32H7xx_HAL_Driver/Src/stm32h7xx_hal_rcc.o" --specs=nano.specs -mfpu=fpv5-d16 -mfloat-abi=hard -mthumb -o "Drivers/STM32H7xx_HAL_Driver/Src/stm32h7xx_hal_rcc.o"
arm-none-eabi-gcc "../Drivers/STM32H7xx_HAL_Driver/Src/stm32h7xx_hal_rcc_ex.c" -mcpu=cortex-m7 -std=gnu11 -g3 -DUSE_HAL_DRIVER -DSTM32H743xx -DDEBUG -c -I../Inc -I../Drivers/CMSIS/Include -I../Drivers/STM32H7xx_HAL_Driver/Inc/Legacy -I../Drivers/CMSIS/Device/ST/STM32H7xx/Include -I../Drivers/STM32H7xx_HAL_Driver/Inc -O0 -ffunction-sections -fdata-sections -Wall -fstack-usage -MMD -MP -MF"Drivers/STM32H7xx_HAL_Driver/Src/stm32h7xx_hal_rcc_ex.d" -MT"Drivers/STM32H7xx_HAL_Driver/Src/stm32h7xx_hal_rcc_ex.o" --specs=nano.specs -mfpu=fpv5-d16 -mfloat-abi=hard -mthumb -o "Drivers/STM32H7xx_HAL_Driver/Src/stm32h7xx_hal_rcc_ex.o"
arm-none-eabi-gcc "../Drivers/STM32H7xx_HAL_Driver/Src/stm32h7xx_hal_tim.c" -mcpu=cortex-m7 -std=gnu11 -g3 -DUSE_HAL_DRIVER -DSTM32H743xx -DDEBUG -c -I../Inc -I../Drivers/CMSIS/Include -I../Drivers/STM32H7xx_HAL_Driver/Inc/Legacy -I../Drivers/CMSIS/Device/ST/STM32H7xx/Include -I../Drivers/STM32H7xx_HAL_Driver/Inc -O0 -ffunction-sections -fdata-sections -Wall -fstack-usage -MMD -MP -MF"Drivers/STM32H7xx_HAL_Driver/Src/stm32h7xx_hal_tim.d" -MT"Drivers/STM32H7xx_HAL_Driver/Src/stm32h7xx_hal_tim.o" --specs=nano.specs -mfpu=fpv5-d16 -mfloat-abi=hard -mthumb -o "Drivers/STM32H7xx_HAL_Driver/Src/stm32h7xx_hal_tim.o"
arm-none-eabi-gcc "../Drivers/STM32H7xx_HAL_Driver/Src/stm32h7xx_hal_tim_ex.c" -mcpu=cortex-m7 -std=gnu11 -g3 -DUSE_HAL_DRIVER -DSTM32H743xx -DDEBUG -c -I../Inc -I../Drivers/CMSIS/Include -I../Drivers/STM32H7xx_HAL_Driver/Inc/Legacy -I../Drivers/CMSIS/Device/ST/STM32H7xx/Include -I../Drivers/STM32H7xx_HAL_Driver/Inc -O0 -ffunction-sections -fdata-sections -Wall -fstack-usage -MMD -MP -MF"Drivers/STM32H7xx_HAL_Driver/Src/stm32h7xx_hal_tim_ex.d" -MT"Drivers/STM32H7xx_HAL_Driver/Src/stm32h7xx_hal_tim_ex.o" --specs=nano.specs -mfpu=fpv5-d16 -mfloat-abi=hard -mthumb -o "Drivers/STM32H7xx_HAL_Driver/Src/stm32h7xx_hal_tim_ex.o"
arm-none-eabi-gcc -o "Robotic_arm_project_sm_control.elf" @"objects.list"   -mcpu=cortex-m7 -T"C:\Users\ranos\STM32CubeIDE\workspace_1.0.0\Robotic_arm_project_sm_control\STM32H743ZITX_FLASH.ld" --specs=nosys.specs -Wl,-Map="Robotic_arm_project_sm_control.map" -Wl,--gc-sections -static --specs=nano.specs -mfpu=fpv5-d16 -mfloat-abi=hard -mthumb -Wl,--start-group -lc -lm -Wl,--end-group
Command canceled
15:34:57 **** Build of configuration Debug for project Robotic_arm_project_sm_control ****
make -j4 all 
arm-none-eabi-gcc "../Src/main.c" -mcpu=cortex-m7 -std=gnu11 -g3 -DUSE_HAL_DRIVER -DSTM32H743xx -DDEBUG -c -I../Inc -I../Drivers/CMSIS/Include -I../Drivers/STM32H7xx_HAL_Driver/Inc/Legacy -I../Drivers/CMSIS/Device/ST/STM32H7xx/Include -I../Drivers/STM32H7xx_HAL_Driver/Inc -O0 -ffunction-sections -fdata-sections -Wall -fstack-usage -MMD -MP -MF"Src/main.d" -MT"Src/main.o" --specs=nano.specs -mfpu=fpv5-d16 -mfloat-abi=hard -mthumb -o "Src/main.o"
arm-none-eabi-gcc "../Src/stepper_control.c" -mcpu=cortex-m7 -std=gnu11 -g3 -DUSE_HAL_DRIVER -DSTM32H743xx -DDEBUG -c -I../Inc -I../Drivers/CMSIS/Include -I../Drivers/STM32H7xx_HAL_Driver/Inc/Legacy -I../Drivers/CMSIS/Device/ST/STM32H7xx/Include -I../Drivers/STM32H7xx_HAL_Driver/Inc -O0 -ffunction-sections -fdata-sections -Wall -fstack-usage -MMD -MP -MF"Src/stepper_control.d" -MT"Src/stepper_control.o" --specs=nano.specs -mfpu=fpv5-d16 -mfloat-abi=hard -mthumb -o "Src/stepper_control.o"
arm-none-eabi-gcc -o "Robotic_arm_project_sm_control.elf" @"objects.list"   -mcpu=cortex-m7 -T"C:\Users\ranos\STM32CubeIDE\workspace_1.0.0\Robotic_arm_project_sm_control\STM32H743ZITX_FLASH.ld" --specs=nosys.specs -Wl,-Map="Robotic_arm_project_sm_control.map" -Wl,--gc-sections -static --specs=nano.specs -mfpu=fpv5-d16 -mfloat-abi=hard -mthumb -Wl,--start-group -lc -lm -Wl,--end-group
Finished building target: Robotic_arm_project_sm_control.elf
 
arm-none-eabi-size   Robotic_arm_project_sm_control.elf 
arm-none-eabi-objdump -h -S  Robotic_arm_project_sm_control.elf  > "Robotic_arm_project_sm_control.list"
   text	   data	    bss	    dec	    hex	filename
  12536	     24	   1672	  14232	   3798	Robotic_arm_project_sm_control.elf
Finished building: default.size.stdout
 
Finished building: Robotic_arm_project_sm_control.list
 
15:35:11 **** Incremental Build of configuration Debug for project Servo-control_PWM_01 ****
make -j4 all 
arm-none-eabi-size   Servo-control_PWM_01.elf 
   text	   data	    bss	    dec	    hex	filename
  32120	     24	   2808	  34952	   8888	Servo-control_PWM_01.elf
Finished building: default.size.stdout
 
15:35:19 **** Incremental Build of configuration Debug for project Servo-control_PWM_02 ****
make -j4 all 
arm-none-eabi-gcc "../Src/main.c" -mcpu=cortex-m7 -std=gnu11 -g3 -DUSE_HAL_DRIVER -DSTM32H743xx -DDEBUG -c -I../Inc -I../Drivers/CMSIS/Include -I../Drivers/STM32H7xx_HAL_Driver/Inc/Legacy -I../Drivers/CMSIS/Device/ST/STM32H7xx/Include -I../Drivers/STM32H7xx_HAL_Driver/Inc -O0 -ffunction-sections -fdata-sections -Wall -fstack-usage -MMD -MP -MF"Src/main.d" -MT"Src/main.o" --specs=nano.specs -mfpu=fpv5-d16 -mfloat-abi=hard -mthumb -o "Src/main.o"
arm-none-eabi-gcc "../Src/tim.c" -mcpu=cortex-m7 -std=gnu11 -g3 -DUSE_HAL_DRIVER -DSTM32H743xx -DDEBUG -c -I../Inc -I../Drivers/CMSIS/Include -I../Drivers/STM32H7xx_HAL_Driver/Inc/Legacy -I../Drivers/CMSIS/Device/ST/STM32H7xx/Include -I../Drivers/STM32H7xx_HAL_Driver/Inc -O0 -ffunction-sections -fdata-sections -Wall -fstack-usage -MMD -MP -MF"Src/tim.d" -MT"Src/tim.o" --specs=nano.specs -mfpu=fpv5-d16 -mfloat-abi=hard -mthumb -o "Src/tim.o"
arm-none-eabi-gcc -o "Servo-control_PWM_02.elf" @"objects.list"   -mcpu=cortex-m7 -T"C:\Users\ranos\STM32CubeIDE\workspace_1.0.0\Servo-control_PWM_02\STM32H743ZITX_FLASH.ld" --specs=nosys.specs -Wl,-Map="Servo-control_PWM_02.map" -Wl,--gc-sections -static --specs=nano.specs -mfpu=fpv5-d16 -mfloat-abi=hard -mthumb -Wl,--start-group -lc -lm -Wl,--end-group
Finished building target: Servo-control_PWM_02.elf
 
arm-none-eabi-objdump -h -S  Servo-control_PWM_02.elf  > "Servo-control_PWM_02.list"
arm-none-eabi-size   Servo-control_PWM_02.elf 
   text	   data	    bss	    dec	    hex	filename
  34756	    216	   2968	  37940	   9434	Servo-control_PWM_02.elf
Finished building: default.size.stdout
 
Finished building: Servo-control_PWM_02.list
 
15:37:20 **** Incremental Build of configuration Debug for project Robotic_arm_project_sm_control ****
make -j4 all 
arm-none-eabi-size   Robotic_arm_project_sm_control.elf 
   text	   data	    bss	    dec	    hex	filename
  12536	     24	   1672	  14232	   3798	Robotic_arm_project_sm_control.elf
Finished building: default.size.stdout
 
15:40:42 **** Incremental Build of configuration Debug for project Robotic_arm_project_sm_control ****
make -j4 all 
arm-none-eabi-size   Robotic_arm_project_sm_control.elf 
   text	   data	    bss	    dec	    hex	filename
  12536	     24	   1672	  14232	   3798	Robotic_arm_project_sm_control.elf
Finished building: default.size.stdout
 
15:44:28 **** Incremental Build of configuration Debug for project Robotic_arm_project_sm_control ****
make -j4 all 
arm-none-eabi-size   Robotic_arm_project_sm_control.elf 
   text	   data	    bss	    dec	    hex	filename
  12536	     24	   1672	  14232	   3798	Robotic_arm_project_sm_control.elf
Finished building: default.size.stdout
 
15:46:02 **** Incremental Build of configuration Debug for project Robotic_arm_project_sm_control ****
make -j4 all 
arm-none-eabi-size   Robotic_arm_project_sm_control.elf 
   text	   data	    bss	    dec	    hex	filename
  12536	     24	   1672	  14232	   3798	Robotic_arm_project_sm_control.elf
Finished building: default.size.stdout
 
15:49:35 **** Incremental Build of configuration Debug for project Robotic_arm_project_sm_control ****
make -j4 all 
arm-none-eabi-size   Robotic_arm_project_sm_control.elf 
   text	   data	    bss	    dec	    hex	filename
  12536	     24	   1672	  14232	   3798	Robotic_arm_project_sm_control.elf
Finished building: default.size.stdout
 
15:50:20 **** Incremental Build of configuration Debug for project Robotic_arm_project_sm_control ****
make -j4 all 
arm-none-eabi-size   Robotic_arm_project_sm_control.elf 
   text	   data	    bss	    dec	    hex	filename
  12536	     24	   1672	  14232	   3798	Robotic_arm_project_sm_control.elf
Finished building: default.size.stdout
 
